Archive member included to satisfy reference by file (symbol)

C:/ti/mspm0_sdk_2_09_00_01/source\ti/driverlib/lib/gcc/m0p/mspm0c110x/driverlib.a(dl_common.o)
                              ./ads1299.o (DL_Common_delayCycles)
C:/ti/mspm0_sdk_2_09_00_01/source\ti/driverlib/lib/gcc/m0p/mspm0c110x/driverlib.a(dl_spi.o)
                              ./ads1299.o (DL_SPI_init)
C:/ti/mspm0_sdk_2_09_00_01/source\ti/driverlib/lib/gcc/m0p/mspm0c110x/driverlib.a(dl_uart.o)
                              ./ti_msp_dl_config.o (DL_UART_init)
c:/ti/gcc_arm_none_eabi_9_2_1/bin/../lib/gcc/arm-none-eabi/9.2.1/thumb/v6-m/nofp\libgcc.a(_udivsi3.o)
                              C:/ti/mspm0_sdk_2_09_00_01/source\ti/driverlib/lib/gcc/m0p/mspm0c110x/driverlib.a(dl_uart.o) (__aeabi_uidiv)
c:/ti/gcc_arm_none_eabi_9_2_1/bin/../lib/gcc/arm-none-eabi/9.2.1/thumb/v6-m/nofp\libgcc.a(_dvmd_tls.o)
                              c:/ti/gcc_arm_none_eabi_9_2_1/bin/../lib/gcc/arm-none-eabi/9.2.1/thumb/v6-m/nofp\libgcc.a(_udivsi3.o) (__aeabi_idiv0)
c:/ti/gcc_arm_none_eabi_9_2_1/bin/../lib/gcc/arm-none-eabi/9.2.1/thumb/v6-m/nofp\libgcc.a(mulsf3.o)
                              ./ads1299.o (__aeabi_fmul)
c:/ti/gcc_arm_none_eabi_9_2_1/bin/../lib/gcc/arm-none-eabi/9.2.1/thumb/v6-m/nofp\libgcc.a(floatsisf.o)
                              ./ads1299.o (__aeabi_i2f)
c:/ti/gcc_arm_none_eabi_9_2_1/bin/../lib/gcc/arm-none-eabi/9.2.1/thumb/v6-m/nofp\libgcc.a(_clzsi2.o)
                              c:/ti/gcc_arm_none_eabi_9_2_1/bin/../lib/gcc/arm-none-eabi/9.2.1/thumb/v6-m/nofp\libgcc.a(mulsf3.o) (__clzsi2)
C:/ti/gcc_arm_none_eabi_9_2_1/arm-none-eabi/lib/thumb/v6-m/nofp\libc.a(lib_a-init.o)
                              ./startup_mspm0c110x_gcc.o (__libc_init_array)

Discarded input sections

 .text.SPI_init
                0x00000000       0x58 ./ads1299.o
 .text.ADS1299_transmit_cmd
                0x00000000       0x38 ./ads1299.o
 .text.ADS1299_write_registers
                0x00000000       0x78 ./ads1299.o
 .text.ADS1299_init
                0x00000000       0x88 ./ads1299.o
 .text.ADS1299_read_registers
                0x00000000       0x64 ./ads1299.o
 .text.ADS1299_read_data_channel_1
                0x00000000       0x88 ./ads1299.o
 .text.ADS1299_read_data_channel_2
                0x00000000       0x88 ./ads1299.o
 .text.ADS1299_start_conversions
                0x00000000       0x10 ./ads1299.o
 .text.ADS1299_stop_conversions
                0x00000000        0x4 ./ads1299.o
 .rodata        0x00000000        0x8 ./ads1299.o
 .rodata.LSB    0x00000000        0x4 ./ads1299.o
 .rodata.SPI_0_clock_config
                0x00000000        0x2 ./ads1299.o
 .rodata.SPI_0_config
                0x00000000        0xa ./ads1299.o
 .text.wait_us  0x00000000       0x10 ./main.o
 .text.dds_reset
                0x00000000       0x50 ./main.o
 .text.DL_SPI_getClockConfig
                0x00000000       0x14 C:/ti/mspm0_sdk_2_09_00_01/source\ti/driverlib/lib/gcc/m0p/mspm0c110x/driverlib.a(dl_spi.o)
 .text.DL_SPI_receiveDataBlocking8
                0x00000000       0x1c C:/ti/mspm0_sdk_2_09_00_01/source\ti/driverlib/lib/gcc/m0p/mspm0c110x/driverlib.a(dl_spi.o)
 .text.DL_SPI_receiveDataBlocking16
                0x00000000       0x1c C:/ti/mspm0_sdk_2_09_00_01/source\ti/driverlib/lib/gcc/m0p/mspm0c110x/driverlib.a(dl_spi.o)
 .text.DL_SPI_receiveDataBlocking32
                0x00000000       0x18 C:/ti/mspm0_sdk_2_09_00_01/source\ti/driverlib/lib/gcc/m0p/mspm0c110x/driverlib.a(dl_spi.o)
 .text.DL_SPI_transmitDataBlocking8
                0x00000000       0x24 C:/ti/mspm0_sdk_2_09_00_01/source\ti/driverlib/lib/gcc/m0p/mspm0c110x/driverlib.a(dl_spi.o)
 .text.DL_SPI_transmitDataBlocking16
                0x00000000       0x24 C:/ti/mspm0_sdk_2_09_00_01/source\ti/driverlib/lib/gcc/m0p/mspm0c110x/driverlib.a(dl_spi.o)
 .text.DL_SPI_transmitDataBlocking32
                0x00000000       0x24 C:/ti/mspm0_sdk_2_09_00_01/source\ti/driverlib/lib/gcc/m0p/mspm0c110x/driverlib.a(dl_spi.o)
 .text.DL_SPI_receiveDataCheck8
                0x00000000       0x20 C:/ti/mspm0_sdk_2_09_00_01/source\ti/driverlib/lib/gcc/m0p/mspm0c110x/driverlib.a(dl_spi.o)
 .text.DL_SPI_receiveDataCheck16
                0x00000000       0x20 C:/ti/mspm0_sdk_2_09_00_01/source\ti/driverlib/lib/gcc/m0p/mspm0c110x/driverlib.a(dl_spi.o)
 .text.DL_SPI_receiveDataCheck32
                0x00000000       0x20 C:/ti/mspm0_sdk_2_09_00_01/source\ti/driverlib/lib/gcc/m0p/mspm0c110x/driverlib.a(dl_spi.o)
 .text.DL_SPI_transmitDataCheck8
                0x00000000       0x1c C:/ti/mspm0_sdk_2_09_00_01/source\ti/driverlib/lib/gcc/m0p/mspm0c110x/driverlib.a(dl_spi.o)
 .text.DL_SPI_transmitDataCheck16
                0x00000000       0x1c C:/ti/mspm0_sdk_2_09_00_01/source\ti/driverlib/lib/gcc/m0p/mspm0c110x/driverlib.a(dl_spi.o)
 .text.DL_SPI_transmitDataCheck32
                0x00000000       0x1c C:/ti/mspm0_sdk_2_09_00_01/source\ti/driverlib/lib/gcc/m0p/mspm0c110x/driverlib.a(dl_spi.o)
 .text.DL_SPI_drainRXFIFO8
                0x00000000       0x2c C:/ti/mspm0_sdk_2_09_00_01/source\ti/driverlib/lib/gcc/m0p/mspm0c110x/driverlib.a(dl_spi.o)
 .text.DL_SPI_drainRXFIFO16
                0x00000000       0x34 C:/ti/mspm0_sdk_2_09_00_01/source\ti/driverlib/lib/gcc/m0p/mspm0c110x/driverlib.a(dl_spi.o)
 .text.DL_SPI_drainRXFIFO32
                0x00000000       0x34 C:/ti/mspm0_sdk_2_09_00_01/source\ti/driverlib/lib/gcc/m0p/mspm0c110x/driverlib.a(dl_spi.o)
 .text.DL_SPI_fillTXFIFO8
                0x00000000       0x2c C:/ti/mspm0_sdk_2_09_00_01/source\ti/driverlib/lib/gcc/m0p/mspm0c110x/driverlib.a(dl_spi.o)
 .text.DL_SPI_fillTXFIFO16
                0x00000000       0x2c C:/ti/mspm0_sdk_2_09_00_01/source\ti/driverlib/lib/gcc/m0p/mspm0c110x/driverlib.a(dl_spi.o)
 .text.DL_SPI_saveConfiguration
                0x00000000       0x70 C:/ti/mspm0_sdk_2_09_00_01/source\ti/driverlib/lib/gcc/m0p/mspm0c110x/driverlib.a(dl_spi.o)
 .text.DL_SPI_restoreConfiguration
                0x00000000       0x7c C:/ti/mspm0_sdk_2_09_00_01/source\ti/driverlib/lib/gcc/m0p/mspm0c110x/driverlib.a(dl_spi.o)
 .text.DL_SPI_fillTXFIFO32
                0x00000000       0x2c C:/ti/mspm0_sdk_2_09_00_01/source\ti/driverlib/lib/gcc/m0p/mspm0c110x/driverlib.a(dl_spi.o)
 .text.DL_UART_getClockConfig
                0x00000000       0x14 C:/ti/mspm0_sdk_2_09_00_01/source\ti/driverlib/lib/gcc/m0p/mspm0c110x/driverlib.a(dl_uart.o)
 .text.DL_UART_configBaudRate
                0x00000000       0xb0 C:/ti/mspm0_sdk_2_09_00_01/source\ti/driverlib/lib/gcc/m0p/mspm0c110x/driverlib.a(dl_uart.o)
 .text.DL_UART_configIrDAMode
                0x00000000       0x40 C:/ti/mspm0_sdk_2_09_00_01/source\ti/driverlib/lib/gcc/m0p/mspm0c110x/driverlib.a(dl_uart.o)
 .text.DL_UART_setIrDAPulseLength
                0x00000000       0x34 C:/ti/mspm0_sdk_2_09_00_01/source\ti/driverlib/lib/gcc/m0p/mspm0c110x/driverlib.a(dl_uart.o)
 .text.DL_UART_receiveDataBlocking
                0x00000000       0x1c C:/ti/mspm0_sdk_2_09_00_01/source\ti/driverlib/lib/gcc/m0p/mspm0c110x/driverlib.a(dl_uart.o)
 .text.DL_UART_transmitDataBlocking
                0x00000000       0x24 C:/ti/mspm0_sdk_2_09_00_01/source\ti/driverlib/lib/gcc/m0p/mspm0c110x/driverlib.a(dl_uart.o)
 .text.DL_UART_receiveDataCheck
                0x00000000       0x20 C:/ti/mspm0_sdk_2_09_00_01/source\ti/driverlib/lib/gcc/m0p/mspm0c110x/driverlib.a(dl_uart.o)
 .text.DL_UART_transmitDataCheck
                0x00000000       0x1c C:/ti/mspm0_sdk_2_09_00_01/source\ti/driverlib/lib/gcc/m0p/mspm0c110x/driverlib.a(dl_uart.o)
 .text.DL_UART_drainRXFIFO
                0x00000000       0x2c C:/ti/mspm0_sdk_2_09_00_01/source\ti/driverlib/lib/gcc/m0p/mspm0c110x/driverlib.a(dl_uart.o)
 .text.DL_UART_fillTXFIFO
                0x00000000       0x2c C:/ti/mspm0_sdk_2_09_00_01/source\ti/driverlib/lib/gcc/m0p/mspm0c110x/driverlib.a(dl_uart.o)
 .text.DL_UART_Main_saveConfiguration
                0x00000000       0x84 C:/ti/mspm0_sdk_2_09_00_01/source\ti/driverlib/lib/gcc/m0p/mspm0c110x/driverlib.a(dl_uart.o)
 .text.DL_UART_Main_restoreConfiguration
                0x00000000       0x90 C:/ti/mspm0_sdk_2_09_00_01/source\ti/driverlib/lib/gcc/m0p/mspm0c110x/driverlib.a(dl_uart.o)
 .text.DL_UART_Extend_saveConfiguration
                0x00000000       0xa8 C:/ti/mspm0_sdk_2_09_00_01/source\ti/driverlib/lib/gcc/m0p/mspm0c110x/driverlib.a(dl_uart.o)
 .text.DL_UART_Extend_restoreConfiguration
                0x00000000       0xc0 C:/ti/mspm0_sdk_2_09_00_01/source\ti/driverlib/lib/gcc/m0p/mspm0c110x/driverlib.a(dl_uart.o)

Memory Configuration

Name             Origin             Length             Attributes
FLASH            0x00000000         0x00004000         xr
SRAM             0x20000000         0x00000400         xrw
BCR_CONFIG       0x41c00000         0x000000ff         r
*default*        0x00000000         0xffffffff

Linker script and memory map

LOAD ./ads1299.o
LOAD ./main.o
LOAD ./ti_msp_dl_config.o
LOAD ./startup_mspm0c110x_gcc.o
                0x00000000                _Min_Heap_Size = 0x0
                0x00000080                _Min_Stack_Size = 0x80
                0x00000000                PROVIDE (_intvecs_base_address = DEFINED (_intvecs_base_address)?_intvecs_base_address:0x0)

.intvecs        0x00000000       0xc0
 *(.intvecs)
 .intvecs       0x00000000       0xc0 ./startup_mspm0c110x_gcc.o
                0x00000000                interruptVectors
                0x20000000                PROVIDE (_vtable_base_address = DEFINED (_vtable_base_address)?_vtable_base_address:0x20000000)

.vtable
 *(.vtable)

.text           0x000000c0      0x8d0
 CREATE_OBJECT_SYMBOLS
 *(.text)
 .text          0x000000c0        0x0 ./ads1299.o
 .text          0x000000c0        0x0 ./main.o
 .text          0x000000c0        0x0 ./ti_msp_dl_config.o
 .text          0x000000c0        0x0 ./startup_mspm0c110x_gcc.o
 .text          0x000000c0        0x0 C:/ti/mspm0_sdk_2_09_00_01/source\ti/driverlib/lib/gcc/m0p/mspm0c110x/driverlib.a(dl_common.o)
 .text          0x000000c0        0x0 C:/ti/mspm0_sdk_2_09_00_01/source\ti/driverlib/lib/gcc/m0p/mspm0c110x/driverlib.a(dl_spi.o)
 .text          0x000000c0        0x0 C:/ti/mspm0_sdk_2_09_00_01/source\ti/driverlib/lib/gcc/m0p/mspm0c110x/driverlib.a(dl_uart.o)
 .text          0x000000c0      0x114 c:/ti/gcc_arm_none_eabi_9_2_1/bin/../lib/gcc/arm-none-eabi/9.2.1/thumb/v6-m/nofp\libgcc.a(_udivsi3.o)
                0x000000c0                __aeabi_uidiv
                0x000000c0                __udivsi3
                0x000001cc                __aeabi_uidivmod
 .text          0x000001d4        0x4 c:/ti/gcc_arm_none_eabi_9_2_1/bin/../lib/gcc/arm-none-eabi/9.2.1/thumb/v6-m/nofp\libgcc.a(_dvmd_tls.o)
                0x000001d4                __aeabi_idiv0
                0x000001d4                __aeabi_ldiv0
 .text          0x000001d8      0x234 c:/ti/gcc_arm_none_eabi_9_2_1/bin/../lib/gcc/arm-none-eabi/9.2.1/thumb/v6-m/nofp\libgcc.a(mulsf3.o)
                0x000001d8                __aeabi_fmul
 .text          0x0000040c       0x8c c:/ti/gcc_arm_none_eabi_9_2_1/bin/../lib/gcc/arm-none-eabi/9.2.1/thumb/v6-m/nofp\libgcc.a(floatsisf.o)
                0x0000040c                __aeabi_i2f
 .text          0x00000498       0x3c c:/ti/gcc_arm_none_eabi_9_2_1/bin/../lib/gcc/arm-none-eabi/9.2.1/thumb/v6-m/nofp\libgcc.a(_clzsi2.o)
                0x00000498                __clzsi2
 .text          0x000004d4        0x0 C:/ti/gcc_arm_none_eabi_9_2_1/arm-none-eabi/lib/thumb/v6-m/nofp\libc.a(lib_a-init.o)
                0x000004d8                . = ALIGN (0x8)
 *fill*         0x000004d4        0x4 
 *(.text.*)
 .text.dds_serial_load_en
                0x000004d8       0x44 ./main.o
                0x000004d8                dds_serial_load_en
 .text.dds_serial_data_tx
                0x0000051c       0xdc ./main.o
                0x0000051c                dds_serial_data_tx
 .text.startup.main
                0x000005f8       0x70 ./main.o
                0x000005f8                main
 .text.SYSCFG_DL_initPower
                0x00000668       0x3c ./ti_msp_dl_config.o
                0x00000668                SYSCFG_DL_initPower
 .text.SYSCFG_DL_GPIO_init
                0x000006a4       0x50 ./ti_msp_dl_config.o
                0x000006a4                SYSCFG_DL_GPIO_init
 .text.SYSCFG_DL_SYSCTL_init
                0x000006f4       0x20 ./ti_msp_dl_config.o
                0x000006f4                SYSCFG_DL_SYSCTL_init
 .text.SYSCFG_DL_UART_0_init
                0x00000714       0x78 ./ti_msp_dl_config.o
                0x00000714                SYSCFG_DL_UART_0_init
 .text.SYSCFG_DL_SPI_0_init
                0x0000078c       0x58 ./ti_msp_dl_config.o
                0x0000078c                SYSCFG_DL_SPI_0_init
 .text.SYSCFG_DL_init
                0x000007e4       0x18 ./ti_msp_dl_config.o
                0x000007e4                SYSCFG_DL_init
 .text.Default_Handler
                0x000007fc        0x4 ./startup_mspm0c110x_gcc.o
                0x000007fc                TIMG8_IRQHandler
                0x000007fc                I2C0_IRQHandler
                0x000007fc                HardFault_Handler
                0x000007fc                GPIOA_IRQHandler
                0x000007fc                SysTick_Handler
                0x000007fc                PendSV_Handler
                0x000007fc                NMI_Handler
                0x000007fc                UART0_IRQHandler
                0x000007fc                ADC0_IRQHandler
                0x000007fc                GROUP0_IRQHandler
                0x000007fc                Default_Handler
                0x000007fc                TIMG14_IRQHandler
                0x000007fc                SVC_Handler
                0x000007fc                SPI0_IRQHandler
                0x000007fc                DMA_IRQHandler
                0x000007fc                TIMA0_IRQHandler
 .text.Reset_Handler
                0x00000800       0x8c ./startup_mspm0c110x_gcc.o
                0x00000800                Reset_Handler
 .text.initStub
                0x0000088c        0x4 ./startup_mspm0c110x_gcc.o
                0x0000088c                initStub
                0x0000088c                _init
 .text.DL_Common_delayCycles
                0x00000890        0xc C:/ti/mspm0_sdk_2_09_00_01/source\ti/driverlib/lib/gcc/m0p/mspm0c110x/driverlib.a(dl_common.o)
                0x00000890                DL_Common_delayCycles
 .text.DL_SPI_init
                0x0000089c       0x40 C:/ti/mspm0_sdk_2_09_00_01/source\ti/driverlib/lib/gcc/m0p/mspm0c110x/driverlib.a(dl_spi.o)
                0x0000089c                DL_SPI_init
 .text.DL_SPI_setClockConfig
                0x000008dc       0x14 C:/ti/mspm0_sdk_2_09_00_01/source\ti/driverlib/lib/gcc/m0p/mspm0c110x/driverlib.a(dl_spi.o)
                0x000008dc                DL_SPI_setClockConfig
 .text.DL_UART_init
                0x000008f0       0x48 C:/ti/mspm0_sdk_2_09_00_01/source\ti/driverlib/lib/gcc/m0p/mspm0c110x/driverlib.a(dl_uart.o)
                0x000008f0                DL_UART_init
 .text.DL_UART_setClockConfig
                0x00000938       0x14 C:/ti/mspm0_sdk_2_09_00_01/source\ti/driverlib/lib/gcc/m0p/mspm0c110x/driverlib.a(dl_uart.o)
                0x00000938                DL_UART_setClockConfig
 .text.__libc_init_array
                0x0000094c       0x44 C:/ti/gcc_arm_none_eabi_9_2_1/arm-none-eabi/lib/thumb/v6-m/nofp\libc.a(lib_a-init.o)
                0x0000094c                __libc_init_array
                0x00000990                . = ALIGN (0x8)
 *(.ctors)
                0x00000990                . = ALIGN (0x8)
 *(.dtors)
                0x00000990                . = ALIGN (0x8)
 *(.init)
                0x00000990                . = ALIGN (0x8)
 *(.fini*)
                0x00000990                . = ALIGN (0x8)

.glue_7         0x00000990        0x0
 .glue_7        0x00000990        0x0 linker stubs

.glue_7t        0x00000990        0x0
 .glue_7t       0x00000990        0x0 linker stubs

.vfp11_veneer   0x00000990        0x0
 .vfp11_veneer  0x00000990        0x0 linker stubs

.v4_bx          0x00000990        0x0
 .v4_bx         0x00000990        0x0 linker stubs

.iplt           0x00000990        0x0
 .iplt          0x00000990        0x0 ./ads1299.o

.ramfunc        0x20000000        0x0 load address 0x00000990
                0x00000990                __ramfunct_load__ = LOADADDR (.ramfunc)
                0x20000000                __ramfunct_start__ = .
 *(.ramfunc)
                0x20000000                . = ALIGN (0x8)
                0x20000000                __ramfunct_end__ = .

.rodata         0x00000990       0x60
 *(.rodata)
 .rodata        0x00000990       0x40 c:/ti/gcc_arm_none_eabi_9_2_1/bin/../lib/gcc/arm-none-eabi/9.2.1/thumb/v6-m/nofp\libgcc.a(mulsf3.o)
                0x000009d0                . = ALIGN (0x8)
 *(.rodata.*)
 .rodata.gSPI_0_clockConfig
                0x000009d0        0x2 ./ti_msp_dl_config.o
 *fill*         0x000009d2        0x2 
 .rodata.gSPI_0_config
                0x000009d4        0xa ./ti_msp_dl_config.o
 *fill*         0x000009de        0x2 
 .rodata.gUART_0ClockConfig
                0x000009e0        0x2 ./ti_msp_dl_config.o
 *fill*         0x000009e2        0x2 
 .rodata.gUART_0Config
                0x000009e4        0xa ./ti_msp_dl_config.o
                0x000009f0                . = ALIGN (0x8)
 *fill*         0x000009ee        0x2 

.rel.dyn        0x000009f0        0x0
 .rel.iplt      0x000009f0        0x0 ./ads1299.o

.preinit_array  0x000009f0        0x0
                0x000009f0                PROVIDE (__preinit_array_start = .)
 *(.preinit_array*)
                0x000009f0                PROVIDE (__preinit_array_end = .)

.init_array     0x000009f0        0x0
                0x000009f0                . = ALIGN (0x8)
                0x000009f0                PROVIDE (__init_array_start = .)
 *(SORT_BY_NAME(.init_array.*))
 *(.init_array*)
                0x000009f0                PROVIDE (__init_array_end = .)

.fini_array     0x000009f0        0x0
                0x000009f0                . = ALIGN (0x8)
                [!provide]                PROVIDE (__fini_array_start = .)
 *(SORT_BY_NAME(.fini_array.*))
 *(.fini_array*)
                [!provide]                PROVIDE (__fini_array_end = .)
                0x000009f0                . = ALIGN (0x8)

.ARM.exidx      0x000009f0        0x0
                0x000009f0                __exidx_start = .
 *(.ARM.exidx* .gnu.linkonce.armexidx.*)
                0x000009f0                __exidx_end = .

.ARM.extab      0x000009f0        0x0
                0x000009f0                . = ALIGN (0x8)
 *(.ARM.extab* .gnu.linkonce.armextab.*)
                0x000009f0                . = ALIGN (0x8)
                0x000009f0                __etext = .

.data           0x20000000        0x0 load address 0x000009f0
                0x000009f0                __data_load__ = LOADADDR (.data)
                0x20000000                __data_start__ = .
 *(.data)
 .data          0x20000000        0x0 ./ads1299.o
 .data          0x20000000        0x0 ./main.o
 .data          0x20000000        0x0 ./ti_msp_dl_config.o
 .data          0x20000000        0x0 ./startup_mspm0c110x_gcc.o
 .data          0x20000000        0x0 C:/ti/mspm0_sdk_2_09_00_01/source\ti/driverlib/lib/gcc/m0p/mspm0c110x/driverlib.a(dl_common.o)
 .data          0x20000000        0x0 C:/ti/mspm0_sdk_2_09_00_01/source\ti/driverlib/lib/gcc/m0p/mspm0c110x/driverlib.a(dl_spi.o)
 .data          0x20000000        0x0 C:/ti/mspm0_sdk_2_09_00_01/source\ti/driverlib/lib/gcc/m0p/mspm0c110x/driverlib.a(dl_uart.o)
 .data          0x20000000        0x0 c:/ti/gcc_arm_none_eabi_9_2_1/bin/../lib/gcc/arm-none-eabi/9.2.1/thumb/v6-m/nofp\libgcc.a(_udivsi3.o)
 .data          0x20000000        0x0 c:/ti/gcc_arm_none_eabi_9_2_1/bin/../lib/gcc/arm-none-eabi/9.2.1/thumb/v6-m/nofp\libgcc.a(_dvmd_tls.o)
 .data          0x20000000        0x0 c:/ti/gcc_arm_none_eabi_9_2_1/bin/../lib/gcc/arm-none-eabi/9.2.1/thumb/v6-m/nofp\libgcc.a(mulsf3.o)
 .data          0x20000000        0x0 c:/ti/gcc_arm_none_eabi_9_2_1/bin/../lib/gcc/arm-none-eabi/9.2.1/thumb/v6-m/nofp\libgcc.a(floatsisf.o)
 .data          0x20000000        0x0 c:/ti/gcc_arm_none_eabi_9_2_1/bin/../lib/gcc/arm-none-eabi/9.2.1/thumb/v6-m/nofp\libgcc.a(_clzsi2.o)
 .data          0x20000000        0x0 C:/ti/gcc_arm_none_eabi_9_2_1/arm-none-eabi/lib/thumb/v6-m/nofp\libc.a(lib_a-init.o)
 *(.data*)
                0x20000000                . = ALIGN (0x8)
                0x20000000                __data_end__ = .

.igot.plt       0x20000000        0x0 load address 0x000009f0
 .igot.plt      0x20000000        0x0 ./ads1299.o

.bss            0x20000000        0x0
                0x20000000                __bss_start__ = .
 *(.shbss)
 *(.bss)
 .bss           0x20000000        0x0 ./ads1299.o
 .bss           0x20000000        0x0 ./main.o
 .bss           0x20000000        0x0 ./ti_msp_dl_config.o
 .bss           0x20000000        0x0 ./startup_mspm0c110x_gcc.o
 .bss           0x20000000        0x0 C:/ti/mspm0_sdk_2_09_00_01/source\ti/driverlib/lib/gcc/m0p/mspm0c110x/driverlib.a(dl_common.o)
 .bss           0x20000000        0x0 C:/ti/mspm0_sdk_2_09_00_01/source\ti/driverlib/lib/gcc/m0p/mspm0c110x/driverlib.a(dl_spi.o)
 .bss           0x20000000        0x0 C:/ti/mspm0_sdk_2_09_00_01/source\ti/driverlib/lib/gcc/m0p/mspm0c110x/driverlib.a(dl_uart.o)
 .bss           0x20000000        0x0 c:/ti/gcc_arm_none_eabi_9_2_1/bin/../lib/gcc/arm-none-eabi/9.2.1/thumb/v6-m/nofp\libgcc.a(_udivsi3.o)
 .bss           0x20000000        0x0 c:/ti/gcc_arm_none_eabi_9_2_1/bin/../lib/gcc/arm-none-eabi/9.2.1/thumb/v6-m/nofp\libgcc.a(_dvmd_tls.o)
 .bss           0x20000000        0x0 c:/ti/gcc_arm_none_eabi_9_2_1/bin/../lib/gcc/arm-none-eabi/9.2.1/thumb/v6-m/nofp\libgcc.a(mulsf3.o)
 .bss           0x20000000        0x0 c:/ti/gcc_arm_none_eabi_9_2_1/bin/../lib/gcc/arm-none-eabi/9.2.1/thumb/v6-m/nofp\libgcc.a(floatsisf.o)
 .bss           0x20000000        0x0 c:/ti/gcc_arm_none_eabi_9_2_1/bin/../lib/gcc/arm-none-eabi/9.2.1/thumb/v6-m/nofp\libgcc.a(_clzsi2.o)
 .bss           0x20000000        0x0 C:/ti/gcc_arm_none_eabi_9_2_1/arm-none-eabi/lib/thumb/v6-m/nofp\libc.a(lib_a-init.o)
 *(.bss.*)
 *(COMMON)
                0x20000000                . = ALIGN (0x8)
                0x20000000                __bss_end__ = .

.noinit         0x20000000        0x0
 *(*.noinit*)
                0x20000000                . = ALIGN (0x8)

.heap           0x20000000        0x0
                0x20000000                __heap_start__ = .
                0x20000000                end = __heap_start__
                0x20000000                _end = end
                0x20000000                __end = end
 *(.heap)
                0x20000000                __heap_end__ = .
                0x20000000                __HeapLimit = __heap_end__

.stack          0x20000000        0x0
                0x20000000                _stack = .
 *(.stack)

.BCRConfig
 *(.BCRConfig)
                0x20000400                __StackTop = (ORIGIN (REGION_STACK) + LENGTH (REGION_STACK))
                [!provide]                PROVIDE (__stack = __StackTop)
LOAD C:/ti/mspm0_sdk_2_09_00_01/source\ti/driverlib/lib/gcc/m0p/mspm0c110x/driverlib.a
LOAD C:/ti/mspm0_sdk_2_09_00_01/source/ti/driverlib/lib/gcc/m0p/mspm0c110x\driverlib.a
LOAD c:/ti/gcc_arm_none_eabi_9_2_1/bin/../lib/gcc/arm-none-eabi/9.2.1/thumb/v6-m/nofp\libgcc.a
LOAD C:/ti/gcc_arm_none_eabi_9_2_1/arm-none-eabi/lib/thumb/v6-m/nofp\libc.a
LOAD C:/ti/gcc_arm_none_eabi_9_2_1/arm-none-eabi/lib/thumb/v6-m/nofp\libm.a
START GROUP
LOAD c:/ti/gcc_arm_none_eabi_9_2_1/bin/../lib/gcc/arm-none-eabi/9.2.1/thumb/v6-m/nofp\libgcc.a
LOAD C:/ti/gcc_arm_none_eabi_9_2_1/arm-none-eabi/lib/thumb/v6-m/nofp\libg.a
LOAD C:/ti/gcc_arm_none_eabi_9_2_1/arm-none-eabi/lib/thumb/v6-m/nofp\libc.a
END GROUP
START GROUP
LOAD c:/ti/gcc_arm_none_eabi_9_2_1/bin/../lib/gcc/arm-none-eabi/9.2.1/thumb/v6-m/nofp\libgcc.a
LOAD C:/ti/gcc_arm_none_eabi_9_2_1/arm-none-eabi/lib/thumb/v6-m/nofp\libc.a
LOAD C:/ti/gcc_arm_none_eabi_9_2_1/arm-none-eabi/lib/thumb/v6-m/nofp\libnosys.a
END GROUP
OUTPUT(dtcp.out elf32-littlearm)

.debug_info     0x00000000    0x1b781
 .debug_info    0x00000000     0x4bee ./ads1299.o
 .debug_info    0x00004bee     0x4bcd ./main.o
 .debug_info    0x000097bb     0x50b4 ./ti_msp_dl_config.o
 .debug_info    0x0000e86f      0x1bc ./startup_mspm0c110x_gcc.o
 .debug_info    0x0000ea2b     0x3952 C:/ti/mspm0_sdk_2_09_00_01/source\ti/driverlib/lib/gcc/m0p/mspm0c110x/driverlib.a(dl_common.o)
 .debug_info    0x0001237d     0x49c2 C:/ti/mspm0_sdk_2_09_00_01/source\ti/driverlib/lib/gcc/m0p/mspm0c110x/driverlib.a(dl_spi.o)
 .debug_info    0x00016d3f     0x4a42 C:/ti/mspm0_sdk_2_09_00_01/source\ti/driverlib/lib/gcc/m0p/mspm0c110x/driverlib.a(dl_uart.o)

.debug_abbrev   0x00000000     0x13a5
 .debug_abbrev  0x00000000      0x3d4 ./ads1299.o
 .debug_abbrev  0x000003d4      0x363 ./main.o
 .debug_abbrev  0x00000737      0x362 ./ti_msp_dl_config.o
 .debug_abbrev  0x00000a99       0xe7 ./startup_mspm0c110x_gcc.o
 .debug_abbrev  0x00000b80      0x126 C:/ti/mspm0_sdk_2_09_00_01/source\ti/driverlib/lib/gcc/m0p/mspm0c110x/driverlib.a(dl_common.o)
 .debug_abbrev  0x00000ca6      0x37f C:/ti/mspm0_sdk_2_09_00_01/source\ti/driverlib/lib/gcc/m0p/mspm0c110x/driverlib.a(dl_spi.o)
 .debug_abbrev  0x00001025      0x380 C:/ti/mspm0_sdk_2_09_00_01/source\ti/driverlib/lib/gcc/m0p/mspm0c110x/driverlib.a(dl_uart.o)

.debug_loc      0x00000000     0x1489
 .debug_loc     0x00000000       0xdf ./ads1299.o
 .debug_loc     0x000000df       0x44 ./main.o
 .debug_loc     0x00000123       0x13 ./ti_msp_dl_config.o
 .debug_loc     0x00000136       0x13 ./startup_mspm0c110x_gcc.o
 .debug_loc     0x00000149      0x869 C:/ti/mspm0_sdk_2_09_00_01/source\ti/driverlib/lib/gcc/m0p/mspm0c110x/driverlib.a(dl_spi.o)
 .debug_loc     0x000009b2      0xad7 C:/ti/mspm0_sdk_2_09_00_01/source\ti/driverlib/lib/gcc/m0p/mspm0c110x/driverlib.a(dl_uart.o)

.debug_aranges  0x00000000      0x2a0
 .debug_aranges
                0x00000000       0x60 ./ads1299.o
 .debug_aranges
                0x00000060       0x40 ./main.o
 .debug_aranges
                0x000000a0       0x48 ./ti_msp_dl_config.o
 .debug_aranges
                0x000000e8       0x30 ./startup_mspm0c110x_gcc.o
 .debug_aranges
                0x00000118       0x20 C:/ti/mspm0_sdk_2_09_00_01/source\ti/driverlib/lib/gcc/m0p/mspm0c110x/driverlib.a(dl_common.o)
 .debug_aranges
                0x00000138       0xd0 C:/ti/mspm0_sdk_2_09_00_01/source\ti/driverlib/lib/gcc/m0p/mspm0c110x/driverlib.a(dl_spi.o)
 .debug_aranges
                0x00000208       0x98 C:/ti/mspm0_sdk_2_09_00_01/source\ti/driverlib/lib/gcc/m0p/mspm0c110x/driverlib.a(dl_uart.o)

.debug_ranges   0x00000000     0x10f8
 .debug_ranges  0x00000000      0x2d8 ./ads1299.o
 .debug_ranges  0x000002d8      0x3a0 ./main.o
 .debug_ranges  0x00000678      0x1c8 ./ti_msp_dl_config.o
 .debug_ranges  0x00000840       0x20 ./startup_mspm0c110x_gcc.o
 .debug_ranges  0x00000860       0x10 C:/ti/mspm0_sdk_2_09_00_01/source\ti/driverlib/lib/gcc/m0p/mspm0c110x/driverlib.a(dl_common.o)
 .debug_ranges  0x00000870      0x4f8 C:/ti/mspm0_sdk_2_09_00_01/source\ti/driverlib/lib/gcc/m0p/mspm0c110x/driverlib.a(dl_spi.o)
 .debug_ranges  0x00000d68      0x390 C:/ti/mspm0_sdk_2_09_00_01/source\ti/driverlib/lib/gcc/m0p/mspm0c110x/driverlib.a(dl_uart.o)

.debug_line     0x00000000     0x3edd
 .debug_line    0x00000000      0x9d0 ./ads1299.o
 .debug_line    0x000009d0      0x8c2 ./main.o
 .debug_line    0x00001292      0x84a ./ti_msp_dl_config.o
 .debug_line    0x00001adc      0x1cb ./startup_mspm0c110x_gcc.o
 .debug_line    0x00001ca7      0x3b7 C:/ti/mspm0_sdk_2_09_00_01/source\ti/driverlib/lib/gcc/m0p/mspm0c110x/driverlib.a(dl_common.o)
 .debug_line    0x0000205e     0x100d C:/ti/mspm0_sdk_2_09_00_01/source\ti/driverlib/lib/gcc/m0p/mspm0c110x/driverlib.a(dl_spi.o)
 .debug_line    0x0000306b      0xe72 C:/ti/mspm0_sdk_2_09_00_01/source\ti/driverlib/lib/gcc/m0p/mspm0c110x/driverlib.a(dl_uart.o)

.debug_str      0x00000000     0x3260
 .debug_str     0x00000000     0x1d6c ./ads1299.o
                               0x1e85 (size before relaxing)
 .debug_str     0x00001d6c       0x78 ./main.o
                               0x1bdf (size before relaxing)
 .debug_str     0x00001de4      0x905 ./ti_msp_dl_config.o
                               0x2605 (size before relaxing)
 .debug_str     0x000026e9      0x13d ./startup_mspm0c110x_gcc.o
                                0x2dd (size before relaxing)
 .debug_str     0x00002826      0x1ac C:/ti/mspm0_sdk_2_09_00_01/source\ti/driverlib/lib/gcc/m0p/mspm0c110x/driverlib.a(dl_common.o)
                               0x1234 (size before relaxing)
 .debug_str     0x000029d2      0x44a C:/ti/mspm0_sdk_2_09_00_01/source\ti/driverlib/lib/gcc/m0p/mspm0c110x/driverlib.a(dl_spi.o)
                               0x1b6c (size before relaxing)
 .debug_str     0x00002e1c      0x444 C:/ti/mspm0_sdk_2_09_00_01/source\ti/driverlib/lib/gcc/m0p/mspm0c110x/driverlib.a(dl_uart.o)
                               0x1bb7 (size before relaxing)

.comment        0x00000000       0x79
 .comment       0x00000000       0x79 ./ads1299.o
                                 0x7a (size before relaxing)
 .comment       0x00000079       0x7a ./main.o
 .comment       0x00000079       0x7a ./ti_msp_dl_config.o
 .comment       0x00000079       0x7a ./startup_mspm0c110x_gcc.o
 .comment       0x00000079       0x7a C:/ti/mspm0_sdk_2_09_00_01/source\ti/driverlib/lib/gcc/m0p/mspm0c110x/driverlib.a(dl_common.o)
 .comment       0x00000079       0x7a C:/ti/mspm0_sdk_2_09_00_01/source\ti/driverlib/lib/gcc/m0p/mspm0c110x/driverlib.a(dl_spi.o)
 .comment       0x00000079       0x7a C:/ti/mspm0_sdk_2_09_00_01/source\ti/driverlib/lib/gcc/m0p/mspm0c110x/driverlib.a(dl_uart.o)

.ARM.attributes
                0x00000000       0x2c
 .ARM.attributes
                0x00000000       0x2b ./ads1299.o
 .ARM.attributes
                0x0000002b       0x2b ./main.o
 .ARM.attributes
                0x00000056       0x2b ./ti_msp_dl_config.o
 .ARM.attributes
                0x00000081       0x2b ./startup_mspm0c110x_gcc.o
 .ARM.attributes
                0x000000ac       0x2b C:/ti/mspm0_sdk_2_09_00_01/source\ti/driverlib/lib/gcc/m0p/mspm0c110x/driverlib.a(dl_common.o)
 .ARM.attributes
                0x000000d7       0x2b C:/ti/mspm0_sdk_2_09_00_01/source\ti/driverlib/lib/gcc/m0p/mspm0c110x/driverlib.a(dl_spi.o)
 .ARM.attributes
                0x00000102       0x2b C:/ti/mspm0_sdk_2_09_00_01/source\ti/driverlib/lib/gcc/m0p/mspm0c110x/driverlib.a(dl_uart.o)
 .ARM.attributes
                0x0000012d       0x1e c:/ti/gcc_arm_none_eabi_9_2_1/bin/../lib/gcc/arm-none-eabi/9.2.1/thumb/v6-m/nofp\libgcc.a(_udivsi3.o)
 .ARM.attributes
                0x0000014b       0x1e c:/ti/gcc_arm_none_eabi_9_2_1/bin/../lib/gcc/arm-none-eabi/9.2.1/thumb/v6-m/nofp\libgcc.a(_dvmd_tls.o)
 .ARM.attributes
                0x00000169       0x2c c:/ti/gcc_arm_none_eabi_9_2_1/bin/../lib/gcc/arm-none-eabi/9.2.1/thumb/v6-m/nofp\libgcc.a(mulsf3.o)
 .ARM.attributes
                0x00000195       0x2c c:/ti/gcc_arm_none_eabi_9_2_1/bin/../lib/gcc/arm-none-eabi/9.2.1/thumb/v6-m/nofp\libgcc.a(floatsisf.o)
 .ARM.attributes
                0x000001c1       0x1e c:/ti/gcc_arm_none_eabi_9_2_1/bin/../lib/gcc/arm-none-eabi/9.2.1/thumb/v6-m/nofp\libgcc.a(_clzsi2.o)
 .ARM.attributes
                0x000001df       0x2c C:/ti/gcc_arm_none_eabi_9_2_1/arm-none-eabi/lib/thumb/v6-m/nofp\libc.a(lib_a-init.o)

.debug_frame    0x00000000      0x738
 .debug_frame   0x00000000      0x114 ./ads1299.o
 .debug_frame   0x00000114       0xb0 ./main.o
 .debug_frame   0x000001c4       0x94 ./ti_msp_dl_config.o
 .debug_frame   0x00000258       0x48 ./startup_mspm0c110x_gcc.o
 .debug_frame   0x000002a0       0x20 C:/ti/mspm0_sdk_2_09_00_01/source\ti/driverlib/lib/gcc/m0p/mspm0c110x/driverlib.a(dl_common.o)
 .debug_frame   0x000002c0      0x220 C:/ti/mspm0_sdk_2_09_00_01/source\ti/driverlib/lib/gcc/m0p/mspm0c110x/driverlib.a(dl_spi.o)
 .debug_frame   0x000004e0      0x1a4 C:/ti/mspm0_sdk_2_09_00_01/source\ti/driverlib/lib/gcc/m0p/mspm0c110x/driverlib.a(dl_uart.o)
 .debug_frame   0x00000684       0x20 c:/ti/gcc_arm_none_eabi_9_2_1/bin/../lib/gcc/arm-none-eabi/9.2.1/thumb/v6-m/nofp\libgcc.a(_udivsi3.o)
 .debug_frame   0x000006a4       0x3c c:/ti/gcc_arm_none_eabi_9_2_1/bin/../lib/gcc/arm-none-eabi/9.2.1/thumb/v6-m/nofp\libgcc.a(mulsf3.o)
 .debug_frame   0x000006e0       0x2c c:/ti/gcc_arm_none_eabi_9_2_1/bin/../lib/gcc/arm-none-eabi/9.2.1/thumb/v6-m/nofp\libgcc.a(floatsisf.o)
 .debug_frame   0x0000070c       0x2c C:/ti/gcc_arm_none_eabi_9_2_1/arm-none-eabi/lib/thumb/v6-m/nofp\libc.a(lib_a-init.o)
