Archive member included to satisfy reference by file (symbol)

C:/ti/mspm0_sdk_2_09_00_01/source\ti/driverlib/lib/gcc/m0p/mspm0c110x/driverlib.a(dl_common.o)
                              ./gpio_toggle_output.o (DL_Common_delayCycles)
C:/ti/gcc_arm_none_eabi_9_2_1/arm-none-eabi/lib/thumb/v6-m/nofp\libc.a(lib_a-init.o)
                              ./startup_mspm0c110x_gcc.o (__libc_init_array)

Discarded input sections

 .text.wait_us  0x00000000       0x10 ./gpio_toggle_output.o
 .text.pin_init
                0x00000000       0x1c ./gpio_toggle_output.o

Memory Configuration

Name             Origin             Length             Attributes
FLASH            0x00000000         0x00004000         xr
SRAM             0x20000000         0x00000400         xrw
BCR_CONFIG       0x41c00000         0x000000ff         r
*default*        0x00000000         0xffffffff

Linker script and memory map

LOAD ./gpio_toggle_output.o
LOAD ./ti_msp_dl_config.o
LOAD ./startup_mspm0c110x_gcc.o
                0x00000000                _Min_Heap_Size = 0x0
                0x00000080                _Min_Stack_Size = 0x80
                0x00000000                PROVIDE (_intvecs_base_address = DEFINED (_intvecs_base_address)?_intvecs_base_address:0x0)

.intvecs        0x00000000       0xc0
 *(.intvecs)
 .intvecs       0x00000000       0xc0 ./startup_mspm0c110x_gcc.o
                0x00000000                interruptVectors
                0x20000000                PROVIDE (_vtable_base_address = DEFINED (_vtable_base_address)?_vtable_base_address:0x20000000)

.vtable
 *(.vtable)

.text           0x000000c0      0x318
 CREATE_OBJECT_SYMBOLS
 *(.text)
 .text          0x000000c0        0x0 ./gpio_toggle_output.o
 .text          0x000000c0        0x0 ./ti_msp_dl_config.o
 .text          0x000000c0        0x0 ./startup_mspm0c110x_gcc.o
 .text          0x000000c0        0x0 C:/ti/mspm0_sdk_2_09_00_01/source\ti/driverlib/lib/gcc/m0p/mspm0c110x/driverlib.a(dl_common.o)
 .text          0x000000c0        0x0 C:/ti/gcc_arm_none_eabi_9_2_1/arm-none-eabi/lib/thumb/v6-m/nofp\libc.a(lib_a-init.o)
                0x000000c0                . = ALIGN (0x8)
 *(.text.*)
 .text.dds_reset
                0x000000c0       0x50 ./gpio_toggle_output.o
                0x000000c0                dds_reset
 .text.dds_serial_load_en
                0x00000110       0x44 ./gpio_toggle_output.o
                0x00000110                dds_serial_load_en
 .text.dds_serial_data_tx
                0x00000154       0xdc ./gpio_toggle_output.o
                0x00000154                dds_serial_data_tx
 .text.startup.main
                0x00000230       0x38 ./gpio_toggle_output.o
                0x00000230                main
 .text.SYSCFG_DL_initPower
                0x00000268       0x28 ./ti_msp_dl_config.o
                0x00000268                SYSCFG_DL_initPower
 .text.SYSCFG_DL_GPIO_init
                0x00000290       0x30 ./ti_msp_dl_config.o
                0x00000290                SYSCFG_DL_GPIO_init
 .text.SYSCFG_DL_SYSCTL_init
                0x000002c0       0x20 ./ti_msp_dl_config.o
                0x000002c0                SYSCFG_DL_SYSCTL_init
 .text.SYSCFG_DL_init
                0x000002e0       0x10 ./ti_msp_dl_config.o
                0x000002e0                SYSCFG_DL_init
 .text.Default_Handler
                0x000002f0        0x4 ./startup_mspm0c110x_gcc.o
                0x000002f0                TIMG8_IRQHandler
                0x000002f0                I2C0_IRQHandler
                0x000002f0                HardFault_Handler
                0x000002f0                GPIOA_IRQHandler
                0x000002f0                SysTick_Handler
                0x000002f0                PendSV_Handler
                0x000002f0                NMI_Handler
                0x000002f0                UART0_IRQHandler
                0x000002f0                ADC0_IRQHandler
                0x000002f0                GROUP0_IRQHandler
                0x000002f0                Default_Handler
                0x000002f0                TIMG14_IRQHandler
                0x000002f0                SVC_Handler
                0x000002f0                SPI0_IRQHandler
                0x000002f0                DMA_IRQHandler
                0x000002f0                TIMA0_IRQHandler
 .text.Reset_Handler
                0x000002f4       0x8c ./startup_mspm0c110x_gcc.o
                0x000002f4                Reset_Handler
 .text.initStub
                0x00000380        0x4 ./startup_mspm0c110x_gcc.o
                0x00000380                initStub
                0x00000380                _init
 .text.DL_Common_delayCycles
                0x00000384        0xc C:/ti/mspm0_sdk_2_09_00_01/source\ti/driverlib/lib/gcc/m0p/mspm0c110x/driverlib.a(dl_common.o)
                0x00000384                DL_Common_delayCycles
 .text.__libc_init_array
                0x00000390       0x44 C:/ti/gcc_arm_none_eabi_9_2_1/arm-none-eabi/lib/thumb/v6-m/nofp\libc.a(lib_a-init.o)
                0x00000390                __libc_init_array
                0x000003d8                . = ALIGN (0x8)
 *fill*         0x000003d4        0x4 
 *(.ctors)
                0x000003d8                . = ALIGN (0x8)
 *(.dtors)
                0x000003d8                . = ALIGN (0x8)
 *(.init)
                0x000003d8                . = ALIGN (0x8)
 *(.fini*)
                0x000003d8                . = ALIGN (0x8)

.glue_7         0x000003d8        0x0
 .glue_7        0x000003d8        0x0 linker stubs

.glue_7t        0x000003d8        0x0
 .glue_7t       0x000003d8        0x0 linker stubs

.vfp11_veneer   0x000003d8        0x0
 .vfp11_veneer  0x000003d8        0x0 linker stubs

.v4_bx          0x000003d8        0x0
 .v4_bx         0x000003d8        0x0 linker stubs

.iplt           0x000003d8        0x0
 .iplt          0x000003d8        0x0 ./gpio_toggle_output.o

.rel.dyn        0x000003d8        0x0
 .rel.iplt      0x000003d8        0x0 ./gpio_toggle_output.o

.ramfunc        0x20000000        0x0 load address 0x000003d8
                0x000003d8                __ramfunct_load__ = LOADADDR (.ramfunc)
                0x20000000                __ramfunct_start__ = .
 *(.ramfunc)
                0x20000000                . = ALIGN (0x8)
                0x20000000                __ramfunct_end__ = .

.rodata         0x000003d8        0x0
 *(.rodata)
                0x000003d8                . = ALIGN (0x8)
 *(.rodata.*)
                0x000003d8                . = ALIGN (0x8)

.preinit_array  0x000003d8        0x0
                0x000003d8                PROVIDE (__preinit_array_start = .)
 *(.preinit_array*)
                0x000003d8                PROVIDE (__preinit_array_end = .)

.init_array     0x000003d8        0x0
                0x000003d8                . = ALIGN (0x8)
                0x000003d8                PROVIDE (__init_array_start = .)
 *(SORT_BY_NAME(.init_array.*))
 *(.init_array*)
                0x000003d8                PROVIDE (__init_array_end = .)

.fini_array     0x000003d8        0x0
                0x000003d8                . = ALIGN (0x8)
                [!provide]                PROVIDE (__fini_array_start = .)
 *(SORT_BY_NAME(.fini_array.*))
 *(.fini_array*)
                [!provide]                PROVIDE (__fini_array_end = .)
                0x000003d8                . = ALIGN (0x8)

.ARM.exidx      0x000003d8        0x0
                0x000003d8                __exidx_start = .
 *(.ARM.exidx* .gnu.linkonce.armexidx.*)
                0x000003d8                __exidx_end = .

.ARM.extab      0x000003d8        0x0
                0x000003d8                . = ALIGN (0x8)
 *(.ARM.extab* .gnu.linkonce.armextab.*)
                0x000003d8                . = ALIGN (0x8)
                0x000003d8                __etext = .

.data           0x20000000        0x0 load address 0x000003d8
                0x000003d8                __data_load__ = LOADADDR (.data)
                0x20000000                __data_start__ = .
 *(.data)
 .data          0x20000000        0x0 ./gpio_toggle_output.o
 .data          0x20000000        0x0 ./ti_msp_dl_config.o
 .data          0x20000000        0x0 ./startup_mspm0c110x_gcc.o
 .data          0x20000000        0x0 C:/ti/mspm0_sdk_2_09_00_01/source\ti/driverlib/lib/gcc/m0p/mspm0c110x/driverlib.a(dl_common.o)
 .data          0x20000000        0x0 C:/ti/gcc_arm_none_eabi_9_2_1/arm-none-eabi/lib/thumb/v6-m/nofp\libc.a(lib_a-init.o)
 *(.data*)
                0x20000000                . = ALIGN (0x8)
                0x20000000                __data_end__ = .

.igot.plt       0x20000000        0x0 load address 0x000003d8
 .igot.plt      0x20000000        0x0 ./gpio_toggle_output.o

.bss            0x20000000        0x0
                0x20000000                __bss_start__ = .
 *(.shbss)
 *(.bss)
 .bss           0x20000000        0x0 ./gpio_toggle_output.o
 .bss           0x20000000        0x0 ./ti_msp_dl_config.o
 .bss           0x20000000        0x0 ./startup_mspm0c110x_gcc.o
 .bss           0x20000000        0x0 C:/ti/mspm0_sdk_2_09_00_01/source\ti/driverlib/lib/gcc/m0p/mspm0c110x/driverlib.a(dl_common.o)
 .bss           0x20000000        0x0 C:/ti/gcc_arm_none_eabi_9_2_1/arm-none-eabi/lib/thumb/v6-m/nofp\libc.a(lib_a-init.o)
 *(.bss.*)
 *(COMMON)
                0x20000000                . = ALIGN (0x8)
                0x20000000                __bss_end__ = .

.noinit         0x20000000        0x0
 *(*.noinit*)
                0x20000000                . = ALIGN (0x8)

.heap           0x20000000        0x0
                0x20000000                __heap_start__ = .
                0x20000000                end = __heap_start__
                0x20000000                _end = end
                0x20000000                __end = end
 *(.heap)
                0x20000000                __heap_end__ = .
                0x20000000                __HeapLimit = __heap_end__

.stack          0x20000000        0x0
                0x20000000                _stack = .
 *(.stack)

.BCRConfig
 *(.BCRConfig)
                0x20000400                __StackTop = (ORIGIN (REGION_STACK) + LENGTH (REGION_STACK))
                [!provide]                PROVIDE (__stack = __StackTop)
LOAD C:/ti/mspm0_sdk_2_09_00_01/source\ti/driverlib/lib/gcc/m0p/mspm0c110x/driverlib.a
LOAD C:/ti/mspm0_sdk_2_09_00_01/source/ti/driverlib/lib/gcc/m0p/mspm0c110x\driverlib.a
LOAD c:/ti/gcc_arm_none_eabi_9_2_1/bin/../lib/gcc/arm-none-eabi/9.2.1/thumb/v6-m/nofp\libgcc.a
LOAD C:/ti/gcc_arm_none_eabi_9_2_1/arm-none-eabi/lib/thumb/v6-m/nofp\libc.a
LOAD C:/ti/gcc_arm_none_eabi_9_2_1/arm-none-eabi/lib/thumb/v6-m/nofp\libm.a
START GROUP
LOAD c:/ti/gcc_arm_none_eabi_9_2_1/bin/../lib/gcc/arm-none-eabi/9.2.1/thumb/v6-m/nofp\libgcc.a
LOAD C:/ti/gcc_arm_none_eabi_9_2_1/arm-none-eabi/lib/thumb/v6-m/nofp\libg.a
LOAD C:/ti/gcc_arm_none_eabi_9_2_1/arm-none-eabi/lib/thumb/v6-m/nofp\libc.a
END GROUP
START GROUP
LOAD c:/ti/gcc_arm_none_eabi_9_2_1/bin/../lib/gcc/arm-none-eabi/9.2.1/thumb/v6-m/nofp\libgcc.a
LOAD C:/ti/gcc_arm_none_eabi_9_2_1/arm-none-eabi/lib/thumb/v6-m/nofp\libc.a
LOAD C:/ti/gcc_arm_none_eabi_9_2_1/arm-none-eabi/lib/thumb/v6-m/nofp\libnosys.a
END GROUP
OUTPUT(dtcp.out elf32-littlearm)

.debug_info     0x00000000     0xc95e
 .debug_info    0x00000000     0x48ad ./gpio_toggle_output.o
 .debug_info    0x000048ad     0x45a3 ./ti_msp_dl_config.o
 .debug_info    0x00008e50      0x1bc ./startup_mspm0c110x_gcc.o
 .debug_info    0x0000900c     0x3952 C:/ti/mspm0_sdk_2_09_00_01/source\ti/driverlib/lib/gcc/m0p/mspm0c110x/driverlib.a(dl_common.o)

.debug_abbrev   0x00000000      0x811
 .debug_abbrev  0x00000000      0x328 ./gpio_toggle_output.o
 .debug_abbrev  0x00000328      0x2dc ./ti_msp_dl_config.o
 .debug_abbrev  0x00000604       0xe7 ./startup_mspm0c110x_gcc.o
 .debug_abbrev  0x000006eb      0x126 C:/ti/mspm0_sdk_2_09_00_01/source\ti/driverlib/lib/gcc/m0p/mspm0c110x/driverlib.a(dl_common.o)

.debug_loc      0x00000000       0x57
 .debug_loc     0x00000000       0x44 ./gpio_toggle_output.o
 .debug_loc     0x00000044       0x13 ./startup_mspm0c110x_gcc.o

.debug_aranges  0x00000000       0xd0
 .debug_aranges
                0x00000000       0x48 ./gpio_toggle_output.o
 .debug_aranges
                0x00000048       0x38 ./ti_msp_dl_config.o
 .debug_aranges
                0x00000080       0x30 ./startup_mspm0c110x_gcc.o
 .debug_aranges
                0x000000b0       0x20 C:/ti/mspm0_sdk_2_09_00_01/source\ti/driverlib/lib/gcc/m0p/mspm0c110x/driverlib.a(dl_common.o)

.debug_ranges   0x00000000      0x430
 .debug_ranges  0x00000000      0x358 ./gpio_toggle_output.o
 .debug_ranges  0x00000358       0xa8 ./ti_msp_dl_config.o
 .debug_ranges  0x00000400       0x20 ./startup_mspm0c110x_gcc.o
 .debug_ranges  0x00000420       0x10 C:/ti/mspm0_sdk_2_09_00_01/source\ti/driverlib/lib/gcc/m0p/mspm0c110x/driverlib.a(dl_common.o)

.debug_line     0x00000000     0x1389
 .debug_line    0x00000000      0x86f ./gpio_toggle_output.o
 .debug_line    0x0000086f      0x598 ./ti_msp_dl_config.o
 .debug_line    0x00000e07      0x1cb ./startup_mspm0c110x_gcc.o
 .debug_line    0x00000fd2      0x3b7 C:/ti/mspm0_sdk_2_09_00_01/source\ti/driverlib/lib/gcc/m0p/mspm0c110x/driverlib.a(dl_common.o)

.debug_str      0x00000000     0x1b4e
 .debug_str     0x00000000     0x15a0 ./gpio_toggle_output.o
                               0x1682 (size before relaxing)
 .debug_str     0x000015a0      0x2c5 ./ti_msp_dl_config.o
                               0x18a2 (size before relaxing)
 .debug_str     0x00001865      0x13d ./startup_mspm0c110x_gcc.o
                                0x2dd (size before relaxing)
 .debug_str     0x000019a2      0x1ac C:/ti/mspm0_sdk_2_09_00_01/source\ti/driverlib/lib/gcc/m0p/mspm0c110x/driverlib.a(dl_common.o)
                               0x1234 (size before relaxing)

.comment        0x00000000       0x79
 .comment       0x00000000       0x79 ./gpio_toggle_output.o
                                 0x7a (size before relaxing)
 .comment       0x00000079       0x7a ./ti_msp_dl_config.o
 .comment       0x00000079       0x7a ./startup_mspm0c110x_gcc.o
 .comment       0x00000079       0x7a C:/ti/mspm0_sdk_2_09_00_01/source\ti/driverlib/lib/gcc/m0p/mspm0c110x/driverlib.a(dl_common.o)

.ARM.attributes
                0x00000000       0x2c
 .ARM.attributes
                0x00000000       0x2b ./gpio_toggle_output.o
 .ARM.attributes
                0x0000002b       0x2b ./ti_msp_dl_config.o
 .ARM.attributes
                0x00000056       0x2b ./startup_mspm0c110x_gcc.o
 .ARM.attributes
                0x00000081       0x2b C:/ti/mspm0_sdk_2_09_00_01/source\ti/driverlib/lib/gcc/m0p/mspm0c110x/driverlib.a(dl_common.o)
 .ARM.attributes
                0x000000ac       0x2c C:/ti/gcc_arm_none_eabi_9_2_1/arm-none-eabi/lib/thumb/v6-m/nofp\libc.a(lib_a-init.o)

.debug_frame    0x00000000      0x1b0
 .debug_frame   0x00000000       0xbc ./gpio_toggle_output.o
 .debug_frame   0x000000bc       0x60 ./ti_msp_dl_config.o
 .debug_frame   0x0000011c       0x48 ./startup_mspm0c110x_gcc.o
 .debug_frame   0x00000164       0x20 C:/ti/mspm0_sdk_2_09_00_01/source\ti/driverlib/lib/gcc/m0p/mspm0c110x/driverlib.a(dl_common.o)
 .debug_frame   0x00000184       0x2c C:/ti/gcc_arm_none_eabi_9_2_1/arm-none-eabi/lib/thumb/v6-m/nofp\libc.a(lib_a-init.o)
