******************************************************************************
            TI ARM Clang Linker PC v4.0.4                      
******************************************************************************
>> Linked Thu Apr  2 18:20:18 2026

OUTPUT FILE NAME:   <DTCP_Firmware.out>
ENTRY POINT SYMBOL: "_c_int00_noargs"  address: 00000b85


MEMORY CONFIGURATION

         name            origin    length      used     unused   attr    fill
----------------------  --------  ---------  --------  --------  ----  --------
  FLASH                 00000000   00004000  00000c78  00003388  R  X
  SRAM                  20000000   00000400  000001d9  00000227  RW X
  BCR_CONFIG            41c00000   000000ff  00000000  000000ff  R   


SEGMENT ALLOCATION MAP

run origin  load origin   length   init length attrs members
----------  ----------- ---------- ----------- ----- -------
00000000    00000000    00000c78   00000c78    r-x
  00000000    00000000    000000c0   000000c0    r-- .intvecs
  000000c0    000000c0    00000b88   00000b88    r-x .text
  00000c48    00000c48    00000018   00000018    r-- .rodata
  00000c60    00000c60    00000018   00000018    r-- .cinit
20000000    20000000    00000199   00000000    rw-
  20000000    20000000    00000199   00000000    rw- .bss
200003c0    200003c0    00000040   00000000    rw-
  200003c0    200003c0    00000040   00000000    rw- .stack


SECTION ALLOCATION MAP

 output                                  attributes/
section   page    origin      length       input sections
--------  ----  ----------  ----------   ----------------
.intvecs   0    00000000    000000c0     
                  00000000    000000c0     startup_mspm0c110x_ticlang.o (.intvecs)

.text      0    000000c0    00000b88     
                  000000c0    0000012c     ads1299.o (.text.ADS1299_init)
                  000001ec    0000010c     libclang_rt.builtins.a : divdf3.S.obj (.text.__divdf3)
                  000002f8    00000100     ads1299.o (.text.ADS1299_read_data_channel_2)
                  000003f8    000000e4     libclang_rt.builtins.a : muldf3.S.obj (.text.__muldf3)
                  000004dc    000000d8                            : addsf3.S.obj (.text)
                  000005b4    0000009c     main.o (.text.main)
                  00000650    0000008c     libclang_rt.builtins.a : mulsf3.S.obj (.text.__mulsf3)
                  000006dc    00000070     ti_msp_dl_config.o (.text.SYSCFG_DL_GPIO_init)
                  0000074c    00000062     libc.a : memset16.S.obj (.text:memset)
                  000007ae    00000002     --HOLE-- [fill = 0]
                  000007b0    00000060     ti_msp_dl_config.o (.text.SYSCFG_DL_UART_0_init)
                  00000810    0000004c     ti_msp_dl_config.o (.text.SYSCFG_DL_SPI_0_init)
                  0000085c    00000048     ads1299.o (.text.ADS1299_start_conversions)
                  000008a4    00000048     driverlib.a : dl_uart.o (.text.DL_UART_init)
                  000008ec    00000044                 : dl_spi.o (.text.DL_SPI_init)
                  00000930    00000042     libclang_rt.builtins.a : fixunsdfsi.S.obj (.text.__fixunsdfsi)
                  00000972    00000002     --HOLE-- [fill = 0]
                  00000974    0000003c                            : floatsisf.S.obj (.text.__floatsisf)
                  000009b0    0000003c     libc.a : autoinit.c.obj (.text:__TI_auto_init_nobinit_nopinit)
                  000009ec    0000003a     libclang_rt.builtins.a : muldsi3.S.obj (.text.__muldsi3)
                  00000a26    00000002     --HOLE-- [fill = 0]
                  00000a28    00000038     ti_msp_dl_config.o (.text.SYSCFG_DL_SYSCTL_init)
                  00000a60    00000038     uart.o (.text.UART_transmit_voltage_binary)
                  00000a98    00000034     ti_msp_dl_config.o (.text.SYSCFG_DL_initPower)
                  00000acc    00000030     driverlib.a : dl_spi.o (.text.DL_SPI_transmitDataBlocking8)
                  00000afc    00000030                 : dl_uart.o (.text.DL_UART_transmitDataBlocking)
                  00000b2c    0000002c     libclang_rt.builtins.a : floatsidf.S.obj (.text.__floatsidf)
                  00000b58    0000002c     main.o (.text.delay_ms)
                  00000b84    00000028     libc.a : boot_cortex_m.c.obj (.text:_c_int00_noargs)
                  00000bac    0000001c     main.o (.text.GPIOA_IRQHandler)
                  00000bc8    00000018     ti_msp_dl_config.o (.text.SYSCFG_DL_init)
                  00000be0    00000016     libc.a : copy_zero_init.c.obj (.text:decompress:ZI:__TI_zero_init_nomemset)
                  00000bf6    00000012     driverlib.a : dl_spi.o (.text.DL_SPI_setClockConfig)
                  00000c08    00000012                 : dl_uart.o (.text.DL_UART_setClockConfig)
                  00000c1a    00000002     --HOLE-- [fill = 0]
                  00000c1c    0000000c     libclang_rt.builtins.a : aeabi_memset.S.obj (.text.__aeabi_memclr)
                  00000c28    0000000a     driverlib.a : dl_common.o (.text.DL_Common_delayCycles)
                  00000c32    00000006     libc.a : exit.c.obj (.text:abort)
                  00000c38    00000004     startup_mspm0c110x_ticlang.o (.text.Default_Handler)
                  00000c3c    00000004     libsysbm.a : hostexit.c.obj (.text.HOSTexit)
                  00000c40    00000004     startup_mspm0c110x_ticlang.o (.text.Reset_Handler)
                  00000c44    00000004     libc.a : pre_init.c.obj (.text._system_pre_init)

.cinit     0    00000c60    00000018     
                  00000c60    00000008     (.cinit..bss.load) [load image, compression = zero_init]
                  00000c68    00000004     (__TI_handler_table)
                  00000c6c    00000008     (__TI_cinit_table)
                  00000c74    00000004     --HOLE-- [fill = 0]

.rodata    0    00000c48    00000018     
                  00000c48    0000000a     ti_msp_dl_config.o (.rodata.gSPI_0_config)
                  00000c52    0000000a     ti_msp_dl_config.o (.rodata.gUART_0Config)
                  00000c5c    00000002     ti_msp_dl_config.o (.rodata.gSPI_0_clockConfig)
                  00000c5e    00000002     ti_msp_dl_config.o (.rodata.gUART_0ClockConfig)

.init_array 
*          0    00000000    00000000     UNINITIALIZED

.binit     0    00000000    00000000     

.bss       0    20000000    00000199     UNINITIALIZED
                  20000000    00000190     (.common:voltages)
                  20000190    00000004     (.common:sum)
                  20000194    00000004     (.common:voltage)
                  20000198    00000001     (.common:count)

.stack     0    200003c0    00000040     UNINITIALIZED
                  200003c0    00000004     libc.a : boot_cortex_m.c.obj (.stack)
                  200003c4    0000003c     --HOLE--

__llvm_prf_cnts 
*          0    20000000    00000000     UNINITIALIZED

__llvm_prf_bits 
*          0    20000000    00000000     UNINITIALIZED

MODULE SUMMARY

       Module                         code   ro data   rw data
       ------                         ----   -------   -------
    .\
       main.o                         228    0         409    
       ti_msp_dl_config.o             416    24        0      
       startup_mspm0c110x_ticlang.o   8      192       0      
    +--+------------------------------+------+---------+---------+
       Total:                         652    216       409    
                                                              
    .\src\
       ads1299.o                      628    0         0      
       uart.o                         56     0         0      
    +--+------------------------------+------+---------+---------+
       Total:                         684    0         0      
                                                              
    C:/ti/mspm0_sdk_2_07_00_05/source/ti/driverlib/lib/ticlang/m0p/mspm0c110x/driverlib.a
       dl_uart.o                      138    0         0      
       dl_spi.o                       134    0         0      
       dl_common.o                    10     0         0      
    +--+------------------------------+------+---------+---------+
       Total:                         282    0         0      
                                                              
    C:\ti\ccs2031\ccs\tools\compiler\ti-cgt-armllvm_4.0.4.LTS\lib\armv6m-ti-none-eabi/c/libc.a
       memset16.S.obj                 98     0         0      
       autoinit.c.obj                 60     0         0      
       boot_cortex_m.c.obj            40     0         0      
       copy_zero_init.c.obj           22     0         0      
       exit.c.obj                     6      0         0      
       pre_init.c.obj                 4      0         0      
    +--+------------------------------+------+---------+---------+
       Total:                         230    0         0      
                                                              
    C:\ti\ccs2031\ccs\tools\compiler\ti-cgt-armllvm_4.0.4.LTS\lib\armv6m-ti-none-eabi/c/libsysbm.a
       hostexit.c.obj                 4      0         0      
    +--+------------------------------+------+---------+---------+
       Total:                         4      0         0      
                                                              
    C:\ti\ccs2031\ccs\tools\compiler\ti-cgt-armllvm_4.0.4.LTS\lib\armv6m-ti-none-eabi/libclang_rt.builtins.a
       divdf3.S.obj                   268    0         0      
       muldf3.S.obj                   228    0         0      
       addsf3.S.obj                   216    0         0      
       mulsf3.S.obj                   140    0         0      
       fixunsdfsi.S.obj               66     0         0      
       floatsisf.S.obj                60     0         0      
       muldsi3.S.obj                  58     0         0      
       floatsidf.S.obj                44     0         0      
       aeabi_memset.S.obj             12     0         0      
    +--+------------------------------+------+---------+---------+
       Total:                         1092   0         0      
                                                              
       Stack:                         0      0         64     
       Linker Generated:              0      20        0      
    +--+------------------------------+------+---------+---------+
       Grand Total:                   2944   236       473    


LINKER GENERATED COPY TABLES

__TI_cinit_table @ 00000c6c records: 1, size/record: 8, table size: 8
	.bss: load addr=00000c60, load size=00000008 bytes, run addr=20000000, run size=00000199 bytes, compression=zero_init


LINKER GENERATED HANDLER TABLE

__TI_handler_table @ 00000c68 records: 1, size/record: 4, table size: 4
	index: 0, handler: __TI_zero_init


GLOBAL SYMBOLS: SORTED ALPHABETICALLY BY Name 

address   name                          
-------   ----                          
00000c39  ADC0_IRQHandler               
000000c1  ADS1299_init                  
000002f9  ADS1299_read_data_channel_2   
0000085d  ADS1299_start_conversions     
00000c3c  C$$EXIT                       
00000c29  DL_Common_delayCycles         
000008ed  DL_SPI_init                   
00000bf7  DL_SPI_setClockConfig         
00000acd  DL_SPI_transmitDataBlocking8  
000008a5  DL_UART_init                  
00000c09  DL_UART_setClockConfig        
00000afd  DL_UART_transmitDataBlocking  
00000c39  DMA_IRQHandler                
00000c39  Default_Handler               
00000bad  GPIOA_IRQHandler              
00000c39  GROUP0_IRQHandler             
00000c3d  HOSTexit                      
00000c39  HardFault_Handler             
00000c39  I2C0_IRQHandler               
00000c39  NMI_Handler                   
00000c39  PendSV_Handler                
00000c41  Reset_Handler                 
00000c39  SPI0_IRQHandler               
00000c39  SVC_Handler                   
000006dd  SYSCFG_DL_GPIO_init           
00000811  SYSCFG_DL_SPI_0_init          
00000a29  SYSCFG_DL_SYSCTL_init         
000007b1  SYSCFG_DL_UART_0_init         
00000bc9  SYSCFG_DL_init                
00000a99  SYSCFG_DL_initPower           
00000c39  SysTick_Handler               
00000c39  TIMA0_IRQHandler              
00000c39  TIMG14_IRQHandler             
00000c39  TIMG8_IRQHandler              
00000c39  UART0_IRQHandler              
00000a61  UART_transmit_voltage_binary  
20000400  __STACK_END                   
00000040  __STACK_SIZE                  
00000000  __TI_ATRegion0_region_sz      
00000000  __TI_ATRegion0_src_addr       
00000000  __TI_ATRegion0_trg_addr       
00000000  __TI_ATRegion1_region_sz      
00000000  __TI_ATRegion1_src_addr       
00000000  __TI_ATRegion1_trg_addr       
00000000  __TI_ATRegion2_region_sz      
00000000  __TI_ATRegion2_src_addr       
00000000  __TI_ATRegion2_trg_addr       
00000c6c  __TI_CINIT_Base               
00000c74  __TI_CINIT_Limit              
00000c74  __TI_CINIT_Warm               
00000c68  __TI_Handler_Table_Base       
00000c6c  __TI_Handler_Table_Limit      
000009b1  __TI_auto_init_nobinit_nopinit
ffffffff  __TI_pprof_out_hndl           
ffffffff  __TI_prof_data_size           
ffffffff  __TI_prof_data_start          
00000000  __TI_static_base__            
00000be1  __TI_zero_init_nomemset       
000004e7  __addsf3                      
00000931  __aeabi_d2uiz                 
000001ed  __aeabi_ddiv                  
000003f9  __aeabi_dmul                  
000004e7  __aeabi_fadd                  
00000651  __aeabi_fmul                  
000004dd  __aeabi_fsub                  
00000b2d  __aeabi_i2d                   
00000975  __aeabi_i2f                   
00000c1d  __aeabi_memclr                
00000c1d  __aeabi_memclr4               
00000c1d  __aeabi_memclr8               
ffffffff  __binit__                     
000001ed  __divdf3                      
00000931  __fixunsdfsi                  
00000b2d  __floatsidf                   
00000975  __floatsisf                   
UNDEFED   __mpu_init                    
000003f9  __muldf3                      
000009ed  __muldsi3                     
00000651  __mulsf3                      
200003c0  __stack                       
20000000  __start___llvm_prf_bits       
20000000  __start___llvm_prf_cnts       
20000000  __stop___llvm_prf_bits        
20000000  __stop___llvm_prf_cnts        
000004dd  __subsf3                      
00000b85  _c_int00_noargs               
UNDEFED   _system_post_cinit            
00000c45  _system_pre_init              
00000c33  abort                         
ffffffff  binit                         
20000198  count                         
00000b59  delay_ms                      
00000000  interruptVectors              
000005b5  main                          
0000074d  memset                        
20000190  sum                           
20000194  voltage                       
20000000  voltages                      


GLOBAL SYMBOLS: SORTED BY Symbol Address 

address   name                          
-------   ----                          
00000000  __TI_ATRegion0_region_sz      
00000000  __TI_ATRegion0_src_addr       
00000000  __TI_ATRegion0_trg_addr       
00000000  __TI_ATRegion1_region_sz      
00000000  __TI_ATRegion1_src_addr       
00000000  __TI_ATRegion1_trg_addr       
00000000  __TI_ATRegion2_region_sz      
00000000  __TI_ATRegion2_src_addr       
00000000  __TI_ATRegion2_trg_addr       
00000000  __TI_static_base__            
00000000  interruptVectors              
00000040  __STACK_SIZE                  
000000c1  ADS1299_init                  
000001ed  __aeabi_ddiv                  
000001ed  __divdf3                      
000002f9  ADS1299_read_data_channel_2   
000003f9  __aeabi_dmul                  
000003f9  __muldf3                      
000004dd  __aeabi_fsub                  
000004dd  __subsf3                      
000004e7  __addsf3                      
000004e7  __aeabi_fadd                  
000005b5  main                          
00000651  __aeabi_fmul                  
00000651  __mulsf3                      
000006dd  SYSCFG_DL_GPIO_init           
0000074d  memset                        
000007b1  SYSCFG_DL_UART_0_init         
00000811  SYSCFG_DL_SPI_0_init          
0000085d  ADS1299_start_conversions     
000008a5  DL_UART_init                  
000008ed  DL_SPI_init                   
00000931  __aeabi_d2uiz                 
00000931  __fixunsdfsi                  
00000975  __aeabi_i2f                   
00000975  __floatsisf                   
000009b1  __TI_auto_init_nobinit_nopinit
000009ed  __muldsi3                     
00000a29  SYSCFG_DL_SYSCTL_init         
00000a61  UART_transmit_voltage_binary  
00000a99  SYSCFG_DL_initPower           
00000acd  DL_SPI_transmitDataBlocking8  
00000afd  DL_UART_transmitDataBlocking  
00000b2d  __aeabi_i2d                   
00000b2d  __floatsidf                   
00000b59  delay_ms                      
00000b85  _c_int00_noargs               
00000bad  GPIOA_IRQHandler              
00000bc9  SYSCFG_DL_init                
00000be1  __TI_zero_init_nomemset       
00000bf7  DL_SPI_setClockConfig         
00000c09  DL_UART_setClockConfig        
00000c1d  __aeabi_memclr                
00000c1d  __aeabi_memclr4               
00000c1d  __aeabi_memclr8               
00000c29  DL_Common_delayCycles         
00000c33  abort                         
00000c39  ADC0_IRQHandler               
00000c39  DMA_IRQHandler                
00000c39  Default_Handler               
00000c39  GROUP0_IRQHandler             
00000c39  HardFault_Handler             
00000c39  I2C0_IRQHandler               
00000c39  NMI_Handler                   
00000c39  PendSV_Handler                
00000c39  SPI0_IRQHandler               
00000c39  SVC_Handler                   
00000c39  SysTick_Handler               
00000c39  TIMA0_IRQHandler              
00000c39  TIMG14_IRQHandler             
00000c39  TIMG8_IRQHandler              
00000c39  UART0_IRQHandler              
00000c3c  C$$EXIT                       
00000c3d  HOSTexit                      
00000c41  Reset_Handler                 
00000c45  _system_pre_init              
00000c68  __TI_Handler_Table_Base       
00000c6c  __TI_CINIT_Base               
00000c6c  __TI_Handler_Table_Limit      
00000c74  __TI_CINIT_Limit              
00000c74  __TI_CINIT_Warm               
20000000  __start___llvm_prf_bits       
20000000  __start___llvm_prf_cnts       
20000000  __stop___llvm_prf_bits        
20000000  __stop___llvm_prf_cnts        
20000000  voltages                      
20000190  sum                           
20000194  voltage                       
20000198  count                         
200003c0  __stack                       
20000400  __STACK_END                   
ffffffff  __TI_pprof_out_hndl           
ffffffff  __TI_prof_data_size           
ffffffff  __TI_prof_data_start          
ffffffff  __binit__                     
ffffffff  binit                         
UNDEFED   __mpu_init                    
UNDEFED   _system_post_cinit            

[98 symbols]
