******************************************************************************
            TI ARM Clang Linker PC v4.0.4                      
******************************************************************************
>> Linked Sun Mar  1 15:31:04 2026

OUTPUT FILE NAME:   <DTCP_Firmware.out>
ENTRY POINT SYMBOL: "_c_int00_noargs"  address: 00000995


MEMORY CONFIGURATION

         name            origin    length      used     unused   attr    fill
----------------------  --------  ---------  --------  --------  ----  --------
  FLASH                 00000000   00004000  00000ae8  00003518  R  X
  SRAM                  20000000   00000400  00000244  000001bc  RW X
  BCR_CONFIG            41c00000   000000ff  00000000  000000ff  R   


SEGMENT ALLOCATION MAP

run origin  load origin   length   init length attrs members
----------  ----------- ---------- ----------- ----- -------
00000000    00000000    00000ae8   00000ae8    r-x
  00000000    00000000    000000c0   000000c0    r-- .intvecs
  000000c0    000000c0    000009f8   000009f8    r-x .text
  00000ab8    00000ab8    00000018   00000018    r-- .rodata
  00000ad0    00000ad0    00000018   00000018    r-- .cinit
20000000    20000000    00000204   00000000    rw-
  20000000    20000000    00000204   00000000    rw- .bss
200003c0    200003c0    00000040   00000000    rw-
  200003c0    200003c0    00000040   00000000    rw- .stack


SECTION ALLOCATION MAP

 output                                  attributes/
section   page    origin      length       input sections
--------  ----  ----------  ----------   ----------------
.intvecs   0    00000000    000000c0     
                  00000000    000000c0     startup_mspm0c110x_ticlang.o (.intvecs)

.text      0    000000c0    000009f8     
                  000000c0    0000010c     libclang_rt.builtins.a : divdf3.S.obj (.text.__divdf3)
                  000001cc    000000e4                            : muldf3.S.obj (.text.__muldf3)
                  000002b0    000000c4     main.o (.text.main)
                  00000374    000000a8     ads1299.o (.text.ADS1299_read_data)
                  0000041c    00000098     ads1299.o (.text.ADS1299_write_registers)
                  000004b4    00000090     ads1299.o (.text.ADS1299_init)
                  00000544    0000008c     libclang_rt.builtins.a : mulsf3.S.obj (.text.__mulsf3)
                  000005d0    00000060     ti_msp_dl_config.o (.text.SYSCFG_DL_UART_0_init)
                  00000630    0000005c     ti_msp_dl_config.o (.text.SYSCFG_DL_GPIO_init)
                  0000068c    0000004c     ti_msp_dl_config.o (.text.SYSCFG_DL_SPI_0_init)
                  000006d8    00000048     driverlib.a : dl_uart.o (.text.DL_UART_init)
                  00000720    00000044     ads1299.o (.text.ADS1299_transmit_cmd)
                  00000764    00000044     driverlib.a : dl_spi.o (.text.DL_SPI_init)
                  000007a8    00000042     libclang_rt.builtins.a : fixunsdfsi.S.obj (.text.__fixunsdfsi)
                  000007ea    00000002     startup_mspm0c110x_ticlang.o (.text.Default_Handler)
                  000007ec    0000003c     libclang_rt.builtins.a : floatsisf.S.obj (.text.__floatsisf)
                  00000828    0000003c     libc.a : autoinit.c.obj (.text:__TI_auto_init_nobinit_nopinit)
                  00000864    0000003a     libclang_rt.builtins.a : muldsi3.S.obj (.text.__muldsi3)
                  0000089e    00000002     --HOLE-- [fill = 0]
                  000008a0    00000034     ti_msp_dl_config.o (.text.SYSCFG_DL_initPower)
                  000008d4    00000034     main.o (.text.delay_ms)
                  00000908    00000030     driverlib.a : dl_spi.o (.text.DL_SPI_transmitDataBlocking8)
                  00000938    00000030                 : dl_uart.o (.text.DL_UART_transmitDataBlocking)
                  00000968    0000002c     libclang_rt.builtins.a : floatsidf.S.obj (.text.__floatsidf)
                  00000994    00000028     libc.a : boot_cortex_m.c.obj (.text:_c_int00_noargs)
                  000009bc    00000024     ti_msp_dl_config.o (.text.SYSCFG_DL_SYSCTL_init)
                  000009e0    00000018     ads1299.o (.text.DL_GPIO_setPins)
                  000009f8    00000018     ti_msp_dl_config.o (.text.SYSCFG_DL_init)
                  00000a10    00000016     main.o (.text.DL_GPIO_readPins)
                  00000a26    00000016     libc.a : copy_zero_init.c.obj (.text:decompress:ZI:__TI_zero_init_nomemset)
                  00000a3c    00000014     ads1299.o (.text.DL_GPIO_clearPins)
                  00000a50    00000014     ads1299.o (.text.DL_SPI_receiveData8)
                  00000a64    00000012     driverlib.a : dl_spi.o (.text.DL_SPI_setClockConfig)
                  00000a76    00000012                 : dl_uart.o (.text.DL_UART_setClockConfig)
                  00000a88    00000010     ads1299.o (.text.ADS1299_start_conversions)
                  00000a98    0000000a     driverlib.a : dl_common.o (.text.DL_Common_delayCycles)
                  00000aa2    00000006     libc.a : exit.c.obj (.text:abort)
                  00000aa8    00000004     libsysbm.a : hostexit.c.obj (.text.HOSTexit)
                  00000aac    00000004     startup_mspm0c110x_ticlang.o (.text.Reset_Handler)
                  00000ab0    00000004     libc.a : pre_init.c.obj (.text._system_pre_init)
                  00000ab4    00000004     --HOLE-- [fill = 0]

.cinit     0    00000ad0    00000018     
                  00000ad0    00000008     (.cinit..bss.load) [load image, compression = zero_init]
                  00000ad8    00000004     (__TI_handler_table)
                  00000adc    00000008     (__TI_cinit_table)
                  00000ae4    00000004     --HOLE-- [fill = 0]

.rodata    0    00000ab8    00000018     
                  00000ab8    0000000a     ti_msp_dl_config.o (.rodata.gSPI_0_config)
                  00000ac2    0000000a     ti_msp_dl_config.o (.rodata.gUART_0Config)
                  00000acc    00000002     ti_msp_dl_config.o (.rodata.gSPI_0_clockConfig)
                  00000ace    00000002     ti_msp_dl_config.o (.rodata.gUART_0ClockConfig)

.init_array 
*          0    00000000    00000000     UNINITIALIZED

.binit     0    00000000    00000000     

.bss       0    20000000    00000204     UNINITIALIZED
                  20000000    00000200     (.common:voltages)
                  20000200    00000004     (.common:voltage)

.stack     0    200003c0    00000040     UNINITIALIZED
                  200003c0    00000004     libc.a : boot_cortex_m.c.obj (.stack)
                  200003c4    0000003c     --HOLE--

__llvm_prf_cnts 
*          0    20000000    00000000     UNINITIALIZED

__llvm_prf_bits 
*          0    20000000    00000000     UNINITIALIZED

MODULE SUMMARY

       Module                         code   ro data   rw data
       ------                         ----   -------   -------
    .\
       main.o                         270    0         516    
       ti_msp_dl_config.o             376    24        0      
       startup_mspm0c110x_ticlang.o   6      192       0      
    +--+------------------------------+------+---------+---------+
       Total:                         652    216       516    
                                                              
    .\src\
       ads1299.o                      612    0         0      
    +--+------------------------------+------+---------+---------+
       Total:                         612    0         0      
                                                              
    C:/ti/mspm0_sdk_2_07_00_05/source/ti/driverlib/lib/ticlang/m0p/mspm0c110x/driverlib.a
       dl_uart.o                      138    0         0      
       dl_spi.o                       134    0         0      
       dl_common.o                    10     0         0      
    +--+------------------------------+------+---------+---------+
       Total:                         282    0         0      
                                                              
    C:\ti\ccs2031\ccs\tools\compiler\ti-cgt-armllvm_4.0.4.LTS\lib\armv6m-ti-none-eabi/c/libc.a
       autoinit.c.obj                 60     0         0      
       boot_cortex_m.c.obj            40     0         0      
       copy_zero_init.c.obj           22     0         0      
       exit.c.obj                     6      0         0      
       pre_init.c.obj                 4      0         0      
    +--+------------------------------+------+---------+---------+
       Total:                         132    0         0      
                                                              
    C:\ti\ccs2031\ccs\tools\compiler\ti-cgt-armllvm_4.0.4.LTS\lib\armv6m-ti-none-eabi/c/libsysbm.a
       hostexit.c.obj                 4      0         0      
    +--+------------------------------+------+---------+---------+
       Total:                         4      0         0      
                                                              
    C:\ti\ccs2031\ccs\tools\compiler\ti-cgt-armllvm_4.0.4.LTS\lib\armv6m-ti-none-eabi/libclang_rt.builtins.a
       divdf3.S.obj                   268    0         0      
       muldf3.S.obj                   228    0         0      
       mulsf3.S.obj                   140    0         0      
       fixunsdfsi.S.obj               66     0         0      
       floatsisf.S.obj                60     0         0      
       muldsi3.S.obj                  58     0         0      
       floatsidf.S.obj                44     0         0      
    +--+------------------------------+------+---------+---------+
       Total:                         864    0         0      
                                                              
       Stack:                         0      0         64     
       Linker Generated:              0      20        0      
    +--+------------------------------+------+---------+---------+
       Grand Total:                   2546   236       580    


LINKER GENERATED COPY TABLES

__TI_cinit_table @ 00000adc records: 1, size/record: 8, table size: 8
	.bss: load addr=00000ad0, load size=00000008 bytes, run addr=20000000, run size=00000204 bytes, compression=zero_init


LINKER GENERATED HANDLER TABLE

__TI_handler_table @ 00000ad8 records: 1, size/record: 4, table size: 4
	index: 0, handler: __TI_zero_init


GLOBAL SYMBOLS: SORTED ALPHABETICALLY BY Name 

address   name                          
-------   ----                          
000007eb  ADC0_IRQHandler               
000004b5  ADS1299_init                  
00000375  ADS1299_read_data             
00000a89  ADS1299_start_conversions     
00000721  ADS1299_transmit_cmd          
0000041d  ADS1299_write_registers       
00000aa8  C$$EXIT                       
00000a99  DL_Common_delayCycles         
00000765  DL_SPI_init                   
00000a65  DL_SPI_setClockConfig         
00000909  DL_SPI_transmitDataBlocking8  
000006d9  DL_UART_init                  
00000a77  DL_UART_setClockConfig        
00000939  DL_UART_transmitDataBlocking  
000007eb  DMA_IRQHandler                
000007eb  Default_Handler               
000007eb  GPIOA_IRQHandler              
000007eb  GROUP0_IRQHandler             
00000aa9  HOSTexit                      
000007eb  HardFault_Handler             
000007eb  I2C0_IRQHandler               
000007eb  NMI_Handler                   
000007eb  PendSV_Handler                
00000aad  Reset_Handler                 
000007eb  SPI0_IRQHandler               
000007eb  SVC_Handler                   
00000631  SYSCFG_DL_GPIO_init           
0000068d  SYSCFG_DL_SPI_0_init          
000009bd  SYSCFG_DL_SYSCTL_init         
000005d1  SYSCFG_DL_UART_0_init         
000009f9  SYSCFG_DL_init                
000008a1  SYSCFG_DL_initPower           
000007eb  SysTick_Handler               
000007eb  TIMA0_IRQHandler              
000007eb  TIMG14_IRQHandler             
000007eb  TIMG8_IRQHandler              
000007eb  UART0_IRQHandler              
20000400  __STACK_END                   
00000040  __STACK_SIZE                  
00000000  __TI_ATRegion0_region_sz      
00000000  __TI_ATRegion0_src_addr       
00000000  __TI_ATRegion0_trg_addr       
00000000  __TI_ATRegion1_region_sz      
00000000  __TI_ATRegion1_src_addr       
00000000  __TI_ATRegion1_trg_addr       
00000000  __TI_ATRegion2_region_sz      
00000000  __TI_ATRegion2_src_addr       
00000000  __TI_ATRegion2_trg_addr       
00000adc  __TI_CINIT_Base               
00000ae4  __TI_CINIT_Limit              
00000ae4  __TI_CINIT_Warm               
00000ad8  __TI_Handler_Table_Base       
00000adc  __TI_Handler_Table_Limit      
00000829  __TI_auto_init_nobinit_nopinit
ffffffff  __TI_pprof_out_hndl           
ffffffff  __TI_prof_data_size           
ffffffff  __TI_prof_data_start          
00000000  __TI_static_base__            
00000a27  __TI_zero_init_nomemset       
000007a9  __aeabi_d2uiz                 
000000c1  __aeabi_ddiv                  
000001cd  __aeabi_dmul                  
00000545  __aeabi_fmul                  
00000969  __aeabi_i2d                   
000007ed  __aeabi_i2f                   
ffffffff  __binit__                     
000000c1  __divdf3                      
000007a9  __fixunsdfsi                  
00000969  __floatsidf                   
000007ed  __floatsisf                   
UNDEFED   __mpu_init                    
000001cd  __muldf3                      
00000865  __muldsi3                     
00000545  __mulsf3                      
200003c0  __stack                       
20000000  __start___llvm_prf_bits       
20000000  __start___llvm_prf_cnts       
20000000  __stop___llvm_prf_bits        
20000000  __stop___llvm_prf_cnts        
00000995  _c_int00_noargs               
UNDEFED   _system_post_cinit            
00000ab1  _system_pre_init              
00000aa3  abort                         
ffffffff  binit                         
000008d5  delay_ms                      
00000000  interruptVectors              
000002b1  main                          
20000200  voltage                       
20000000  voltages                      


GLOBAL SYMBOLS: SORTED BY Symbol Address 

address   name                          
-------   ----                          
00000000  __TI_ATRegion0_region_sz      
00000000  __TI_ATRegion0_src_addr       
00000000  __TI_ATRegion0_trg_addr       
00000000  __TI_ATRegion1_region_sz      
00000000  __TI_ATRegion1_src_addr       
00000000  __TI_ATRegion1_trg_addr       
00000000  __TI_ATRegion2_region_sz      
00000000  __TI_ATRegion2_src_addr       
00000000  __TI_ATRegion2_trg_addr       
00000000  __TI_static_base__            
00000000  interruptVectors              
00000040  __STACK_SIZE                  
000000c1  __aeabi_ddiv                  
000000c1  __divdf3                      
000001cd  __aeabi_dmul                  
000001cd  __muldf3                      
000002b1  main                          
00000375  ADS1299_read_data             
0000041d  ADS1299_write_registers       
000004b5  ADS1299_init                  
00000545  __aeabi_fmul                  
00000545  __mulsf3                      
000005d1  SYSCFG_DL_UART_0_init         
00000631  SYSCFG_DL_GPIO_init           
0000068d  SYSCFG_DL_SPI_0_init          
000006d9  DL_UART_init                  
00000721  ADS1299_transmit_cmd          
00000765  DL_SPI_init                   
000007a9  __aeabi_d2uiz                 
000007a9  __fixunsdfsi                  
000007eb  ADC0_IRQHandler               
000007eb  DMA_IRQHandler                
000007eb  Default_Handler               
000007eb  GPIOA_IRQHandler              
000007eb  GROUP0_IRQHandler             
000007eb  HardFault_Handler             
000007eb  I2C0_IRQHandler               
000007eb  NMI_Handler                   
000007eb  PendSV_Handler                
000007eb  SPI0_IRQHandler               
000007eb  SVC_Handler                   
000007eb  SysTick_Handler               
000007eb  TIMA0_IRQHandler              
000007eb  TIMG14_IRQHandler             
000007eb  TIMG8_IRQHandler              
000007eb  UART0_IRQHandler              
000007ed  __aeabi_i2f                   
000007ed  __floatsisf                   
00000829  __TI_auto_init_nobinit_nopinit
00000865  __muldsi3                     
000008a1  SYSCFG_DL_initPower           
000008d5  delay_ms                      
00000909  DL_SPI_transmitDataBlocking8  
00000939  DL_UART_transmitDataBlocking  
00000969  __aeabi_i2d                   
00000969  __floatsidf                   
00000995  _c_int00_noargs               
000009bd  SYSCFG_DL_SYSCTL_init         
000009f9  SYSCFG_DL_init                
00000a27  __TI_zero_init_nomemset       
00000a65  DL_SPI_setClockConfig         
00000a77  DL_UART_setClockConfig        
00000a89  ADS1299_start_conversions     
00000a99  DL_Common_delayCycles         
00000aa3  abort                         
00000aa8  C$$EXIT                       
00000aa9  HOSTexit                      
00000aad  Reset_Handler                 
00000ab1  _system_pre_init              
00000ad8  __TI_Handler_Table_Base       
00000adc  __TI_CINIT_Base               
00000adc  __TI_Handler_Table_Limit      
00000ae4  __TI_CINIT_Limit              
00000ae4  __TI_CINIT_Warm               
20000000  __start___llvm_prf_bits       
20000000  __start___llvm_prf_cnts       
20000000  __stop___llvm_prf_bits        
20000000  __stop___llvm_prf_cnts        
20000000  voltages                      
20000200  voltage                       
200003c0  __stack                       
20000400  __STACK_END                   
ffffffff  __TI_pprof_out_hndl           
ffffffff  __TI_prof_data_size           
ffffffff  __TI_prof_data_start          
ffffffff  __binit__                     
ffffffff  binit                         
UNDEFED   __mpu_init                    
UNDEFED   _system_post_cinit            

[89 symbols]
