******************************************************************************
            TI ARM Clang Linker PC v4.0.4                      
******************************************************************************
>> Linked Fri Feb  6 14:01:49 2026

OUTPUT FILE NAME:   <DTCP_Firmware.out>
ENTRY POINT SYMBOL: "_c_int00_noargs"  address: 00000681


MEMORY CONFIGURATION

         name            origin    length      used     unused   attr    fill
----------------------  --------  ---------  --------  --------  ----  --------
  FLASH                 00000000   00004000  00000800  00003800  R  X
  SRAM                  20000000   00000400  00000044  000003bc  RW X
  BCR_CONFIG            41c00000   000000ff  00000000  000000ff  R   


SEGMENT ALLOCATION MAP

run origin  load origin   length   init length attrs members
----------  ----------- ---------- ----------- ----- -------
00000000    00000000    00000800   00000800    r-x
  00000000    00000000    000000c0   000000c0    r-- .intvecs
  000000c0    000000c0    00000710   00000710    r-x .text
  000007d0    000007d0    00000018   00000018    r-- .rodata
  000007e8    000007e8    00000018   00000018    r-- .cinit
20000000    20000000    00000004   00000000    rw-
  20000000    20000000    00000004   00000000    rw- .bss
200003c0    200003c0    00000040   00000000    rw-
  200003c0    200003c0    00000040   00000000    rw- .stack


SECTION ALLOCATION MAP

 output                                  attributes/
section   page    origin      length       input sections
--------  ----  ----------  ----------   ----------------
.intvecs   0    00000000    000000c0     
                  00000000    000000c0     startup_mspm0c110x_ticlang.o (.intvecs)

.text      0    000000c0    00000710     
                  000000c0    00000224     main.o (.text.main)
                  000002e4    0000008c     libclang_rt.builtins.a : mulsf3.S.obj (.text.__mulsf3)
                  00000370    00000060     ti_msp_dl_config.o (.text.SYSCFG_DL_UART_0_init)
                  000003d0    0000004c     ti_msp_dl_config.o (.text.SYSCFG_DL_GPIO_init)
                  0000041c    0000004c     ti_msp_dl_config.o (.text.SYSCFG_DL_SPI_0_init)
                  00000468    00000048     driverlib.a : dl_uart.o (.text.DL_UART_init)
                  000004b0    00000044     ads1299.o (.text.ADS1299_transmit_cmd)
                  000004f4    00000044     driverlib.a : dl_spi.o (.text.DL_SPI_init)
                  00000538    0000003c     libclang_rt.builtins.a : floatsisf.S.obj (.text.__floatsisf)
                  00000574    0000003c     libc.a : autoinit.c.obj (.text:__TI_auto_init_nobinit_nopinit)
                  000005b0    0000003a     libclang_rt.builtins.a : muldsi3.S.obj (.text.__muldsi3)
                  000005ea    00000002     startup_mspm0c110x_ticlang.o (.text.Default_Handler)
                  000005ec    00000034     ti_msp_dl_config.o (.text.SYSCFG_DL_initPower)
                  00000620    00000030     driverlib.a : dl_spi.o (.text.DL_SPI_transmitDataBlocking8)
                  00000650    00000030                 : dl_uart.o (.text.DL_UART_transmitDataBlocking)
                  00000680    00000028     libc.a : boot_cortex_m.c.obj (.text:_c_int00_noargs)
                  000006a8    00000024     ti_msp_dl_config.o (.text.SYSCFG_DL_SYSCTL_init)
                  000006cc    00000018     ads1299.o (.text.DL_GPIO_setPins)
                  000006e4    00000018     main.o (.text.DL_GPIO_setPins)
                  000006fc    00000018     ti_msp_dl_config.o (.text.SYSCFG_DL_init)
                  00000714    00000016     main.o (.text.DL_GPIO_readPins)
                  0000072a    00000016     libc.a : copy_zero_init.c.obj (.text:decompress:ZI:__TI_zero_init_nomemset)
                  00000740    00000014     ads1299.o (.text.DL_GPIO_clearPins)
                  00000754    00000014     main.o (.text.DL_GPIO_clearPins)
                  00000768    00000014     ads1299.o (.text.DL_SPI_receiveData8)
                  0000077c    00000014     main.o (.text.DL_SPI_receiveData8)
                  00000790    00000012     driverlib.a : dl_spi.o (.text.DL_SPI_setClockConfig)
                  000007a2    00000012                 : dl_uart.o (.text.DL_UART_setClockConfig)
                  000007b4    0000000a                 : dl_common.o (.text.DL_Common_delayCycles)
                  000007be    00000006     libc.a : exit.c.obj (.text:abort)
                  000007c4    00000004     libsysbm.a : hostexit.c.obj (.text.HOSTexit)
                  000007c8    00000004     startup_mspm0c110x_ticlang.o (.text.Reset_Handler)
                  000007cc    00000004     libc.a : pre_init.c.obj (.text._system_pre_init)

.cinit     0    000007e8    00000018     
                  000007e8    00000008     (.cinit..bss.load) [load image, compression = zero_init]
                  000007f0    00000004     (__TI_handler_table)
                  000007f4    00000008     (__TI_cinit_table)
                  000007fc    00000004     --HOLE-- [fill = 0]

.rodata    0    000007d0    00000018     
                  000007d0    0000000a     ti_msp_dl_config.o (.rodata.gSPI_0_config)
                  000007da    0000000a     ti_msp_dl_config.o (.rodata.gUART_0Config)
                  000007e4    00000002     ti_msp_dl_config.o (.rodata.gSPI_0_clockConfig)
                  000007e6    00000002     ti_msp_dl_config.o (.rodata.gUART_0ClockConfig)

.init_array 
*          0    00000000    00000000     UNINITIALIZED

.binit     0    00000000    00000000     

.bss       0    20000000    00000004     UNINITIALIZED
                  20000000    00000004     (.common:voltage)

.stack     0    200003c0    00000040     UNINITIALIZED
                  200003c0    00000004     libc.a : boot_cortex_m.c.obj (.stack)
                  200003c4    0000003c     --HOLE--

__llvm_prf_cnts 
*          0    20000000    00000000     UNINITIALIZED

__llvm_prf_bits 
*          0    20000000    00000000     UNINITIALIZED

MODULE SUMMARY

       Module                         code   ro data   rw data
       ------                         ----   -------   -------
    .\
       main.o                         634    0         4      
       ti_msp_dl_config.o             360    24        0      
       startup_mspm0c110x_ticlang.o   6      192       0      
    +--+------------------------------+------+---------+---------+
       Total:                         1000   216       4      
                                                              
    .\src\
       ads1299.o                      132    0         0      
    +--+------------------------------+------+---------+---------+
       Total:                         132    0         0      
                                                              
    C:/ti/mspm0_sdk_2_07_00_05/source/ti/driverlib/lib/ticlang/m0p/mspm0c110x/driverlib.a
       dl_uart.o                      138    0         0      
       dl_spi.o                       134    0         0      
       dl_common.o                    10     0         0      
    +--+------------------------------+------+---------+---------+
       Total:                         282    0         0      
                                                              
    C:\ti\ccs2031\ccs\tools\compiler\ti-cgt-armllvm_4.0.4.LTS\lib\armv6m-ti-none-eabi/c/libc.a
       autoinit.c.obj                 60     0         0      
       boot_cortex_m.c.obj            40     0         0      
       copy_zero_init.c.obj           22     0         0      
       exit.c.obj                     6      0         0      
       pre_init.c.obj                 4      0         0      
    +--+------------------------------+------+---------+---------+
       Total:                         132    0         0      
                                                              
    C:\ti\ccs2031\ccs\tools\compiler\ti-cgt-armllvm_4.0.4.LTS\lib\armv6m-ti-none-eabi/c/libsysbm.a
       hostexit.c.obj                 4      0         0      
    +--+------------------------------+------+---------+---------+
       Total:                         4      0         0      
                                                              
    C:\ti\ccs2031\ccs\tools\compiler\ti-cgt-armllvm_4.0.4.LTS\lib\armv6m-ti-none-eabi/libclang_rt.builtins.a
       mulsf3.S.obj                   140    0         0      
       floatsisf.S.obj                60     0         0      
       muldsi3.S.obj                  58     0         0      
    +--+------------------------------+------+---------+---------+
       Total:                         258    0         0      
                                                              
       Stack:                         0      0         64     
       Linker Generated:              0      20        0      
    +--+------------------------------+------+---------+---------+
       Grand Total:                   1808   236       68     


LINKER GENERATED COPY TABLES

__TI_cinit_table @ 000007f4 records: 1, size/record: 8, table size: 8
	.bss: load addr=000007e8, load size=00000008 bytes, run addr=20000000, run size=00000004 bytes, compression=zero_init


LINKER GENERATED HANDLER TABLE

__TI_handler_table @ 000007f0 records: 1, size/record: 4, table size: 4
	index: 0, handler: __TI_zero_init


GLOBAL SYMBOLS: SORTED ALPHABETICALLY BY Name 

address   name                          
-------   ----                          
000005eb  ADC0_IRQHandler               
000004b1  ADS1299_transmit_cmd          
000007c4  C$$EXIT                       
000007b5  DL_Common_delayCycles         
000004f5  DL_SPI_init                   
00000791  DL_SPI_setClockConfig         
00000621  DL_SPI_transmitDataBlocking8  
00000469  DL_UART_init                  
000007a3  DL_UART_setClockConfig        
00000651  DL_UART_transmitDataBlocking  
000005eb  DMA_IRQHandler                
000005eb  Default_Handler               
000005eb  GPIOA_IRQHandler              
000005eb  GROUP0_IRQHandler             
000007c5  HOSTexit                      
000005eb  HardFault_Handler             
000005eb  I2C0_IRQHandler               
000005eb  NMI_Handler                   
000005eb  PendSV_Handler                
000007c9  Reset_Handler                 
000005eb  SPI0_IRQHandler               
000005eb  SVC_Handler                   
000003d1  SYSCFG_DL_GPIO_init           
0000041d  SYSCFG_DL_SPI_0_init          
000006a9  SYSCFG_DL_SYSCTL_init         
00000371  SYSCFG_DL_UART_0_init         
000006fd  SYSCFG_DL_init                
000005ed  SYSCFG_DL_initPower           
000005eb  SysTick_Handler               
000005eb  TIMA0_IRQHandler              
000005eb  TIMG14_IRQHandler             
000005eb  TIMG8_IRQHandler              
000005eb  UART0_IRQHandler              
20000400  __STACK_END                   
00000040  __STACK_SIZE                  
00000000  __TI_ATRegion0_region_sz      
00000000  __TI_ATRegion0_src_addr       
00000000  __TI_ATRegion0_trg_addr       
00000000  __TI_ATRegion1_region_sz      
00000000  __TI_ATRegion1_src_addr       
00000000  __TI_ATRegion1_trg_addr       
00000000  __TI_ATRegion2_region_sz      
00000000  __TI_ATRegion2_src_addr       
00000000  __TI_ATRegion2_trg_addr       
000007f4  __TI_CINIT_Base               
000007fc  __TI_CINIT_Limit              
000007fc  __TI_CINIT_Warm               
000007f0  __TI_Handler_Table_Base       
000007f4  __TI_Handler_Table_Limit      
00000575  __TI_auto_init_nobinit_nopinit
ffffffff  __TI_pprof_out_hndl           
ffffffff  __TI_prof_data_size           
ffffffff  __TI_prof_data_start          
00000000  __TI_static_base__            
0000072b  __TI_zero_init_nomemset       
000002e5  __aeabi_fmul                  
00000539  __aeabi_i2f                   
ffffffff  __binit__                     
00000539  __floatsisf                   
UNDEFED   __mpu_init                    
000005b1  __muldsi3                     
000002e5  __mulsf3                      
200003c0  __stack                       
20000000  __start___llvm_prf_bits       
20000000  __start___llvm_prf_cnts       
20000000  __stop___llvm_prf_bits        
20000000  __stop___llvm_prf_cnts        
00000681  _c_int00_noargs               
UNDEFED   _system_post_cinit            
000007cd  _system_pre_init              
000007bf  abort                         
ffffffff  binit                         
00000000  interruptVectors              
000000c1  main                          
20000000  voltage                       


GLOBAL SYMBOLS: SORTED BY Symbol Address 

address   name                          
-------   ----                          
00000000  __TI_ATRegion0_region_sz      
00000000  __TI_ATRegion0_src_addr       
00000000  __TI_ATRegion0_trg_addr       
00000000  __TI_ATRegion1_region_sz      
00000000  __TI_ATRegion1_src_addr       
00000000  __TI_ATRegion1_trg_addr       
00000000  __TI_ATRegion2_region_sz      
00000000  __TI_ATRegion2_src_addr       
00000000  __TI_ATRegion2_trg_addr       
00000000  __TI_static_base__            
00000000  interruptVectors              
00000040  __STACK_SIZE                  
000000c1  main                          
000002e5  __aeabi_fmul                  
000002e5  __mulsf3                      
00000371  SYSCFG_DL_UART_0_init         
000003d1  SYSCFG_DL_GPIO_init           
0000041d  SYSCFG_DL_SPI_0_init          
00000469  DL_UART_init                  
000004b1  ADS1299_transmit_cmd          
000004f5  DL_SPI_init                   
00000539  __aeabi_i2f                   
00000539  __floatsisf                   
00000575  __TI_auto_init_nobinit_nopinit
000005b1  __muldsi3                     
000005eb  ADC0_IRQHandler               
000005eb  DMA_IRQHandler                
000005eb  Default_Handler               
000005eb  GPIOA_IRQHandler              
000005eb  GROUP0_IRQHandler             
000005eb  HardFault_Handler             
000005eb  I2C0_IRQHandler               
000005eb  NMI_Handler                   
000005eb  PendSV_Handler                
000005eb  SPI0_IRQHandler               
000005eb  SVC_Handler                   
000005eb  SysTick_Handler               
000005eb  TIMA0_IRQHandler              
000005eb  TIMG14_IRQHandler             
000005eb  TIMG8_IRQHandler              
000005eb  UART0_IRQHandler              
000005ed  SYSCFG_DL_initPower           
00000621  DL_SPI_transmitDataBlocking8  
00000651  DL_UART_transmitDataBlocking  
00000681  _c_int00_noargs               
000006a9  SYSCFG_DL_SYSCTL_init         
000006fd  SYSCFG_DL_init                
0000072b  __TI_zero_init_nomemset       
00000791  DL_SPI_setClockConfig         
000007a3  DL_UART_setClockConfig        
000007b5  DL_Common_delayCycles         
000007bf  abort                         
000007c4  C$$EXIT                       
000007c5  HOSTexit                      
000007c9  Reset_Handler                 
000007cd  _system_pre_init              
000007f0  __TI_Handler_Table_Base       
000007f4  __TI_CINIT_Base               
000007f4  __TI_Handler_Table_Limit      
000007fc  __TI_CINIT_Limit              
000007fc  __TI_CINIT_Warm               
20000000  __start___llvm_prf_bits       
20000000  __start___llvm_prf_cnts       
20000000  __stop___llvm_prf_bits        
20000000  __stop___llvm_prf_cnts        
20000000  voltage                       
200003c0  __stack                       
20000400  __STACK_END                   
ffffffff  __TI_pprof_out_hndl           
ffffffff  __TI_prof_data_size           
ffffffff  __TI_prof_data_start          
ffffffff  __binit__                     
ffffffff  binit                         
UNDEFED   __mpu_init                    
UNDEFED   _system_post_cinit            

[75 symbols]
