******************************************************************************
            TI ARM Clang Linker PC v4.0.4                      
******************************************************************************
>> Linked Fri Mar 13 12:43:11 2026

OUTPUT FILE NAME:   <DTCP_Firmware.out>
ENTRY POINT SYMBOL: "_c_int00_noargs"  address: 000009e9


MEMORY CONFIGURATION

         name            origin    length      used     unused   attr    fill
----------------------  --------  ---------  --------  --------  ----  --------
  FLASH                 00000000   00004000  00000b38  000034c8  R  X
  SRAM                  20000000   00000400  00000244  000001bc  RW X
  BCR_CONFIG            41c00000   000000ff  00000000  000000ff  R   


SEGMENT ALLOCATION MAP

run origin  load origin   length   init length attrs members
----------  ----------- ---------- ----------- ----- -------
00000000    00000000    00000b38   00000b38    r-x
  00000000    00000000    000000c0   000000c0    r-- .intvecs
  000000c0    000000c0    00000a48   00000a48    r-x .text
  00000b08    00000b08    00000018   00000018    r-- .rodata
  00000b20    00000b20    00000018   00000018    r-- .cinit
20000000    20000000    00000204   00000000    rw-
  20000000    20000000    00000204   00000000    rw- .bss
200003c0    200003c0    00000040   00000000    rw-
  200003c0    200003c0    00000040   00000000    rw- .stack


SECTION ALLOCATION MAP

 output                                  attributes/
section   page    origin      length       input sections
--------  ----  ----------  ----------   ----------------
.intvecs   0    00000000    000000c0     
                  00000000    000000c0     startup_mspm0c110x_ticlang.o (.intvecs)

.text      0    000000c0    00000a48     
                  000000c0    0000010c     libclang_rt.builtins.a : divdf3.S.obj (.text.__divdf3)
                  000001cc    000000e4                            : muldf3.S.obj (.text.__muldf3)
                  000002b0    000000cc     main.o (.text.main)
                  0000037c    000000a8     ads1299.o (.text.ADS1299_read_data_channel_2)
                  00000424    000000a4     ads1299.o (.text.ADS1299_init)
                  000004c8    00000098     ads1299.o (.text.ADS1299_write_registers)
                  00000560    0000008c     libclang_rt.builtins.a : mulsf3.S.obj (.text.__mulsf3)
                  000005ec    00000060     ti_msp_dl_config.o (.text.SYSCFG_DL_UART_0_init)
                  0000064c    0000005c     ti_msp_dl_config.o (.text.SYSCFG_DL_GPIO_init)
                  000006a8    0000004c     ti_msp_dl_config.o (.text.SYSCFG_DL_SPI_0_init)
                  000006f4    00000048     driverlib.a : dl_uart.o (.text.DL_UART_init)
                  0000073c    00000044     ads1299.o (.text.ADS1299_transmit_cmd)
                  00000780    00000044     driverlib.a : dl_spi.o (.text.DL_SPI_init)
                  000007c4    00000042     libclang_rt.builtins.a : fixunsdfsi.S.obj (.text.__fixunsdfsi)
                  00000806    00000002     startup_mspm0c110x_ticlang.o (.text.Default_Handler)
                  00000808    0000003c     libclang_rt.builtins.a : floatsisf.S.obj (.text.__floatsisf)
                  00000844    0000003c     libc.a : autoinit.c.obj (.text:__TI_auto_init_nobinit_nopinit)
                  00000880    0000003a     libclang_rt.builtins.a : muldsi3.S.obj (.text.__muldsi3)
                  000008ba    00000002     --HOLE-- [fill = 0]
                  000008bc    00000038     main.o (.text.UART_transmit_voltage_binary)
                  000008f4    00000034     ti_msp_dl_config.o (.text.SYSCFG_DL_initPower)
                  00000928    00000034     main.o (.text.delay_ms)
                  0000095c    00000030     driverlib.a : dl_spi.o (.text.DL_SPI_transmitDataBlocking8)
                  0000098c    00000030                 : dl_uart.o (.text.DL_UART_transmitDataBlocking)
                  000009bc    0000002c     libclang_rt.builtins.a : floatsidf.S.obj (.text.__floatsidf)
                  000009e8    00000028     libc.a : boot_cortex_m.c.obj (.text:_c_int00_noargs)
                  00000a10    00000024     ti_msp_dl_config.o (.text.SYSCFG_DL_SYSCTL_init)
                  00000a34    00000018     ads1299.o (.text.DL_GPIO_setPins)
                  00000a4c    00000018     ti_msp_dl_config.o (.text.SYSCFG_DL_init)
                  00000a64    00000016     main.o (.text.DL_GPIO_readPins)
                  00000a7a    00000016     libc.a : copy_zero_init.c.obj (.text:decompress:ZI:__TI_zero_init_nomemset)
                  00000a90    00000014     ads1299.o (.text.DL_GPIO_clearPins)
                  00000aa4    00000014     ads1299.o (.text.DL_SPI_receiveData8)
                  00000ab8    00000012     driverlib.a : dl_spi.o (.text.DL_SPI_setClockConfig)
                  00000aca    00000012                 : dl_uart.o (.text.DL_UART_setClockConfig)
                  00000adc    00000010     ads1299.o (.text.ADS1299_start_conversions)
                  00000aec    0000000a     driverlib.a : dl_common.o (.text.DL_Common_delayCycles)
                  00000af6    00000006     libc.a : exit.c.obj (.text:abort)
                  00000afc    00000004     libsysbm.a : hostexit.c.obj (.text.HOSTexit)
                  00000b00    00000004     startup_mspm0c110x_ticlang.o (.text.Reset_Handler)
                  00000b04    00000004     libc.a : pre_init.c.obj (.text._system_pre_init)

.cinit     0    00000b20    00000018     
                  00000b20    00000008     (.cinit..bss.load) [load image, compression = zero_init]
                  00000b28    00000004     (__TI_handler_table)
                  00000b2c    00000008     (__TI_cinit_table)
                  00000b34    00000004     --HOLE-- [fill = 0]

.rodata    0    00000b08    00000018     
                  00000b08    0000000a     ti_msp_dl_config.o (.rodata.gSPI_0_config)
                  00000b12    0000000a     ti_msp_dl_config.o (.rodata.gUART_0Config)
                  00000b1c    00000002     ti_msp_dl_config.o (.rodata.gSPI_0_clockConfig)
                  00000b1e    00000002     ti_msp_dl_config.o (.rodata.gUART_0ClockConfig)

.init_array 
*          0    00000000    00000000     UNINITIALIZED

.binit     0    00000000    00000000     

.bss       0    20000000    00000204     UNINITIALIZED
                  20000000    00000200     (.common:voltages)
                  20000200    00000004     (.common:voltage)

.stack     0    200003c0    00000040     UNINITIALIZED
                  200003c0    00000004     libc.a : boot_cortex_m.c.obj (.stack)
                  200003c4    0000003c     --HOLE--

__llvm_prf_cnts 
*          0    20000000    00000000     UNINITIALIZED

__llvm_prf_bits 
*          0    20000000    00000000     UNINITIALIZED

MODULE SUMMARY

       Module                         code   ro data   rw data
       ------                         ----   -------   -------
    .\
       main.o                         334    0         516    
       ti_msp_dl_config.o             376    24        0      
       startup_mspm0c110x_ticlang.o   6      192       0      
    +--+------------------------------+------+---------+---------+
       Total:                         716    216       516    
                                                              
    .\src\
       ads1299.o                      632    0         0      
    +--+------------------------------+------+---------+---------+
       Total:                         632    0         0      
                                                              
    C:/ti/mspm0_sdk_2_07_00_05/source/ti/driverlib/lib/ticlang/m0p/mspm0c110x/driverlib.a
       dl_uart.o                      138    0         0      
       dl_spi.o                       134    0         0      
       dl_common.o                    10     0         0      
    +--+------------------------------+------+---------+---------+
       Total:                         282    0         0      
                                                              
    C:\ti\ccs2031\ccs\tools\compiler\ti-cgt-armllvm_4.0.4.LTS\lib\armv6m-ti-none-eabi/c/libc.a
       autoinit.c.obj                 60     0         0      
       boot_cortex_m.c.obj            40     0         0      
       copy_zero_init.c.obj           22     0         0      
       exit.c.obj                     6      0         0      
       pre_init.c.obj                 4      0         0      
    +--+------------------------------+------+---------+---------+
       Total:                         132    0         0      
                                                              
    C:\ti\ccs2031\ccs\tools\compiler\ti-cgt-armllvm_4.0.4.LTS\lib\armv6m-ti-none-eabi/c/libsysbm.a
       hostexit.c.obj                 4      0         0      
    +--+------------------------------+------+---------+---------+
       Total:                         4      0         0      
                                                              
    C:\ti\ccs2031\ccs\tools\compiler\ti-cgt-armllvm_4.0.4.LTS\lib\armv6m-ti-none-eabi/libclang_rt.builtins.a
       divdf3.S.obj                   268    0         0      
       muldf3.S.obj                   228    0         0      
       mulsf3.S.obj                   140    0         0      
       fixunsdfsi.S.obj               66     0         0      
       floatsisf.S.obj                60     0         0      
       muldsi3.S.obj                  58     0         0      
       floatsidf.S.obj                44     0         0      
    +--+------------------------------+------+---------+---------+
       Total:                         864    0         0      
                                                              
       Stack:                         0      0         64     
       Linker Generated:              0      20        0      
    +--+------------------------------+------+---------+---------+
       Grand Total:                   2630   236       580    


LINKER GENERATED COPY TABLES

__TI_cinit_table @ 00000b2c records: 1, size/record: 8, table size: 8
	.bss: load addr=00000b20, load size=00000008 bytes, run addr=20000000, run size=00000204 bytes, compression=zero_init


LINKER GENERATED HANDLER TABLE

__TI_handler_table @ 00000b28 records: 1, size/record: 4, table size: 4
	index: 0, handler: __TI_zero_init


GLOBAL SYMBOLS: SORTED ALPHABETICALLY BY Name 

address   name                          
-------   ----                          
00000807  ADC0_IRQHandler               
00000425  ADS1299_init                  
0000037d  ADS1299_read_data_channel_2   
00000add  ADS1299_start_conversions     
0000073d  ADS1299_transmit_cmd          
000004c9  ADS1299_write_registers       
00000afc  C$$EXIT                       
00000aed  DL_Common_delayCycles         
00000781  DL_SPI_init                   
00000ab9  DL_SPI_setClockConfig         
0000095d  DL_SPI_transmitDataBlocking8  
000006f5  DL_UART_init                  
00000acb  DL_UART_setClockConfig        
0000098d  DL_UART_transmitDataBlocking  
00000807  DMA_IRQHandler                
00000807  Default_Handler               
00000807  GPIOA_IRQHandler              
00000807  GROUP0_IRQHandler             
00000afd  HOSTexit                      
00000807  HardFault_Handler             
00000807  I2C0_IRQHandler               
00000807  NMI_Handler                   
00000807  PendSV_Handler                
00000b01  Reset_Handler                 
00000807  SPI0_IRQHandler               
00000807  SVC_Handler                   
0000064d  SYSCFG_DL_GPIO_init           
000006a9  SYSCFG_DL_SPI_0_init          
00000a11  SYSCFG_DL_SYSCTL_init         
000005ed  SYSCFG_DL_UART_0_init         
00000a4d  SYSCFG_DL_init                
000008f5  SYSCFG_DL_initPower           
00000807  SysTick_Handler               
00000807  TIMA0_IRQHandler              
00000807  TIMG14_IRQHandler             
00000807  TIMG8_IRQHandler              
00000807  UART0_IRQHandler              
000008bd  UART_transmit_voltage_binary  
20000400  __STACK_END                   
00000040  __STACK_SIZE                  
00000000  __TI_ATRegion0_region_sz      
00000000  __TI_ATRegion0_src_addr       
00000000  __TI_ATRegion0_trg_addr       
00000000  __TI_ATRegion1_region_sz      
00000000  __TI_ATRegion1_src_addr       
00000000  __TI_ATRegion1_trg_addr       
00000000  __TI_ATRegion2_region_sz      
00000000  __TI_ATRegion2_src_addr       
00000000  __TI_ATRegion2_trg_addr       
00000b2c  __TI_CINIT_Base               
00000b34  __TI_CINIT_Limit              
00000b34  __TI_CINIT_Warm               
00000b28  __TI_Handler_Table_Base       
00000b2c  __TI_Handler_Table_Limit      
00000845  __TI_auto_init_nobinit_nopinit
ffffffff  __TI_pprof_out_hndl           
ffffffff  __TI_prof_data_size           
ffffffff  __TI_prof_data_start          
00000000  __TI_static_base__            
00000a7b  __TI_zero_init_nomemset       
000007c5  __aeabi_d2uiz                 
000000c1  __aeabi_ddiv                  
000001cd  __aeabi_dmul                  
00000561  __aeabi_fmul                  
000009bd  __aeabi_i2d                   
00000809  __aeabi_i2f                   
ffffffff  __binit__                     
000000c1  __divdf3                      
000007c5  __fixunsdfsi                  
000009bd  __floatsidf                   
00000809  __floatsisf                   
UNDEFED   __mpu_init                    
000001cd  __muldf3                      
00000881  __muldsi3                     
00000561  __mulsf3                      
200003c0  __stack                       
20000000  __start___llvm_prf_bits       
20000000  __start___llvm_prf_cnts       
20000000  __stop___llvm_prf_bits        
20000000  __stop___llvm_prf_cnts        
000009e9  _c_int00_noargs               
UNDEFED   _system_post_cinit            
00000b05  _system_pre_init              
00000af7  abort                         
ffffffff  binit                         
00000929  delay_ms                      
00000000  interruptVectors              
000002b1  main                          
20000200  voltage                       
20000000  voltages                      


GLOBAL SYMBOLS: SORTED BY Symbol Address 

address   name                          
-------   ----                          
00000000  __TI_ATRegion0_region_sz      
00000000  __TI_ATRegion0_src_addr       
00000000  __TI_ATRegion0_trg_addr       
00000000  __TI_ATRegion1_region_sz      
00000000  __TI_ATRegion1_src_addr       
00000000  __TI_ATRegion1_trg_addr       
00000000  __TI_ATRegion2_region_sz      
00000000  __TI_ATRegion2_src_addr       
00000000  __TI_ATRegion2_trg_addr       
00000000  __TI_static_base__            
00000000  interruptVectors              
00000040  __STACK_SIZE                  
000000c1  __aeabi_ddiv                  
000000c1  __divdf3                      
000001cd  __aeabi_dmul                  
000001cd  __muldf3                      
000002b1  main                          
0000037d  ADS1299_read_data_channel_2   
00000425  ADS1299_init                  
000004c9  ADS1299_write_registers       
00000561  __aeabi_fmul                  
00000561  __mulsf3                      
000005ed  SYSCFG_DL_UART_0_init         
0000064d  SYSCFG_DL_GPIO_init           
000006a9  SYSCFG_DL_SPI_0_init          
000006f5  DL_UART_init                  
0000073d  ADS1299_transmit_cmd          
00000781  DL_SPI_init                   
000007c5  __aeabi_d2uiz                 
000007c5  __fixunsdfsi                  
00000807  ADC0_IRQHandler               
00000807  DMA_IRQHandler                
00000807  Default_Handler               
00000807  GPIOA_IRQHandler              
00000807  GROUP0_IRQHandler             
00000807  HardFault_Handler             
00000807  I2C0_IRQHandler               
00000807  NMI_Handler                   
00000807  PendSV_Handler                
00000807  SPI0_IRQHandler               
00000807  SVC_Handler                   
00000807  SysTick_Handler               
00000807  TIMA0_IRQHandler              
00000807  TIMG14_IRQHandler             
00000807  TIMG8_IRQHandler              
00000807  UART0_IRQHandler              
00000809  __aeabi_i2f                   
00000809  __floatsisf                   
00000845  __TI_auto_init_nobinit_nopinit
00000881  __muldsi3                     
000008bd  UART_transmit_voltage_binary  
000008f5  SYSCFG_DL_initPower           
00000929  delay_ms                      
0000095d  DL_SPI_transmitDataBlocking8  
0000098d  DL_UART_transmitDataBlocking  
000009bd  __aeabi_i2d                   
000009bd  __floatsidf                   
000009e9  _c_int00_noargs               
00000a11  SYSCFG_DL_SYSCTL_init         
00000a4d  SYSCFG_DL_init                
00000a7b  __TI_zero_init_nomemset       
00000ab9  DL_SPI_setClockConfig         
00000acb  DL_UART_setClockConfig        
00000add  ADS1299_start_conversions     
00000aed  DL_Common_delayCycles         
00000af7  abort                         
00000afc  C$$EXIT                       
00000afd  HOSTexit                      
00000b01  Reset_Handler                 
00000b05  _system_pre_init              
00000b28  __TI_Handler_Table_Base       
00000b2c  __TI_CINIT_Base               
00000b2c  __TI_Handler_Table_Limit      
00000b34  __TI_CINIT_Limit              
00000b34  __TI_CINIT_Warm               
20000000  __start___llvm_prf_bits       
20000000  __start___llvm_prf_cnts       
20000000  __stop___llvm_prf_bits        
20000000  __stop___llvm_prf_cnts        
20000000  voltages                      
20000200  voltage                       
200003c0  __stack                       
20000400  __STACK_END                   
ffffffff  __TI_pprof_out_hndl           
ffffffff  __TI_prof_data_size           
ffffffff  __TI_prof_data_start          
ffffffff  __binit__                     
ffffffff  binit                         
UNDEFED   __mpu_init                    
UNDEFED   _system_post_cinit            

[90 symbols]
