******************************************************************************
            TI ARM Clang Linker PC v4.0.4                      
******************************************************************************
>> Linked Mon Jan 19 21:15:49 2026

OUTPUT FILE NAME:   <DTCP_Firmware.out>
ENTRY POINT SYMBOL: "_c_int00_noinit_noargs"  address: 00000325


MEMORY CONFIGURATION

         name            origin    length      used     unused   attr    fill
----------------------  --------  ---------  --------  --------  ----  --------
  FLASH                 00000000   00004000  000003c8  00003c38  R  X
  SRAM                  20000000   00000400  00000040  000003c0  RW X
  BCR_CONFIG            41c00000   000000ff  00000000  000000ff  R   


SEGMENT ALLOCATION MAP

run origin  load origin   length   init length attrs members
----------  ----------- ---------- ----------- ----- -------
00000000    00000000    000003c8   000003c8    r-x
  00000000    00000000    000000c0   000000c0    r-- .intvecs
  000000c0    000000c0    000002f8   000002f8    r-x .text
  000003b8    000003b8    00000010   00000010    r-- .rodata
200003c0    200003c0    00000040   00000000    rw-
  200003c0    200003c0    00000040   00000000    rw- .stack


SECTION ALLOCATION MAP

 output                                  attributes/
section   page    origin      length       input sections
--------  ----  ----------  ----------   ----------------
.intvecs   0    00000000    000000c0     
                  00000000    000000c0     startup_mspm0c110x_ticlang.o (.intvecs)

.text      0    000000c0    000002f8     
                  000000c0    00000110     main.o (.text.main)
                  000001d0    0000004c     ti_msp_dl_config.o (.text.SYSCFG_DL_SPI_0_init)
                  0000021c    00000044     driverlib.a : dl_spi.o (.text.DL_SPI_init)
                  00000260    00000044     ti_msp_dl_config.o (.text.SYSCFG_DL_GPIO_init)
                  000002a4    00000030     driverlib.a : dl_spi.o (.text.DL_SPI_transmitDataBlocking8)
                  000002d4    0000002c     ti_msp_dl_config.o (.text.SYSCFG_DL_initPower)
                  00000300    00000024     ti_msp_dl_config.o (.text.SYSCFG_DL_SYSCTL_init)
                  00000324    00000020     libc.a : boot_cortex_m.c.obj (.text:_c_int00_noinit_noargs)
                  00000344    00000018     main.o (.text.DL_GPIO_setPins)
                  0000035c    00000014     main.o (.text.DL_GPIO_clearPins)
                  00000370    00000014     ti_msp_dl_config.o (.text.SYSCFG_DL_init)
                  00000384    00000012     driverlib.a : dl_spi.o (.text.DL_SPI_setClockConfig)
                  00000396    0000000a                 : dl_common.o (.text.DL_Common_delayCycles)
                  000003a0    00000006     libc.a : exit.c.obj (.text:abort)
                  000003a6    00000004     libsysbm.a : hostexit.c.obj (.text.HOSTexit)
                  000003aa    00000004     startup_mspm0c110x_ticlang.o (.text.Reset_Handler)
                  000003ae    00000004     libc.a : pre_init.c.obj (.text._system_pre_init)
                  000003b2    00000002     startup_mspm0c110x_ticlang.o (.text.Default_Handler)
                  000003b4    00000004     --HOLE-- [fill = 0]

.cinit     0    00000000    00000000     

.rodata    0    000003b8    00000010     
                  000003b8    0000000a     ti_msp_dl_config.o (.rodata.gSPI_0_config)
                  000003c2    00000002     ti_msp_dl_config.o (.rodata.gSPI_0_clockConfig)
                  000003c4    00000004     --HOLE-- [fill = 0]

.init_array 
*          0    00000000    00000000     UNINITIALIZED

.binit     0    00000000    00000000     

.stack     0    200003c0    00000040     UNINITIALIZED
                  200003c0    00000004     libc.a : boot_cortex_m.c.obj (.stack)
                  200003c4    0000003c     --HOLE--

__llvm_prf_cnts 
*          0    20000000    00000000     UNINITIALIZED

__llvm_prf_bits 
*          0    20000000    00000000     UNINITIALIZED

MODULE SUMMARY

       Module                         code   ro data   rw data
       ------                         ----   -------   -------
    .\
       main.o                         316    0         0      
       ti_msp_dl_config.o             244    12        0      
       startup_mspm0c110x_ticlang.o   6      192       0      
    +--+------------------------------+------+---------+---------+
       Total:                         566    204       0      
                                                              
    C:/ti/mspm0_sdk_2_07_00_05/source/ti/driverlib/lib/ticlang/m0p/mspm0c110x/driverlib.a
       dl_spi.o                       134    0         0      
       dl_common.o                    10     0         0      
    +--+------------------------------+------+---------+---------+
       Total:                         144    0         0      
                                                              
    C:\ti\ccs2031\ccs\tools\compiler\ti-cgt-armllvm_4.0.4.LTS\lib\armv6m-ti-none-eabi/c/libc.a
       boot_cortex_m.c.obj            32     0         0      
       exit.c.obj                     6      0         0      
       pre_init.c.obj                 4      0         0      
    +--+------------------------------+------+---------+---------+
       Total:                         42     0         0      
                                                              
    C:\ti\ccs2031\ccs\tools\compiler\ti-cgt-armllvm_4.0.4.LTS\lib\armv6m-ti-none-eabi/c/libsysbm.a
       hostexit.c.obj                 4      0         0      
    +--+------------------------------+------+---------+---------+
       Total:                         4      0         0      
                                                              
       Stack:                         0      0         64     
    +--+------------------------------+------+---------+---------+
       Grand Total:                   756    204       64     


GLOBAL SYMBOLS: SORTED ALPHABETICALLY BY Name 

address   name                        
-------   ----                        
000003b3  ADC0_IRQHandler             
000003a6  C$$EXIT                     
00000397  DL_Common_delayCycles       
0000021d  DL_SPI_init                 
00000385  DL_SPI_setClockConfig       
000002a5  DL_SPI_transmitDataBlocking8
000003b3  DMA_IRQHandler              
000003b3  Default_Handler             
000003b3  GPIOA_IRQHandler            
000003b3  GROUP0_IRQHandler           
000003a7  HOSTexit                    
000003b3  HardFault_Handler           
000003b3  I2C0_IRQHandler             
000003b3  NMI_Handler                 
000003b3  PendSV_Handler              
000003ab  Reset_Handler               
000003b3  SPI0_IRQHandler             
000003b3  SVC_Handler                 
00000261  SYSCFG_DL_GPIO_init         
000001d1  SYSCFG_DL_SPI_0_init        
00000301  SYSCFG_DL_SYSCTL_init       
00000371  SYSCFG_DL_init              
000002d5  SYSCFG_DL_initPower         
000003b3  SysTick_Handler             
000003b3  TIMA0_IRQHandler            
000003b3  TIMG14_IRQHandler           
000003b3  TIMG8_IRQHandler            
000003b3  UART0_IRQHandler            
20000400  __STACK_END                 
00000040  __STACK_SIZE                
00000000  __TI_ATRegion0_region_sz    
00000000  __TI_ATRegion0_src_addr     
00000000  __TI_ATRegion0_trg_addr     
00000000  __TI_ATRegion1_region_sz    
00000000  __TI_ATRegion1_src_addr     
00000000  __TI_ATRegion1_trg_addr     
00000000  __TI_ATRegion2_region_sz    
00000000  __TI_ATRegion2_src_addr     
00000000  __TI_ATRegion2_trg_addr     
00000000  __TI_CINIT_Base             
00000000  __TI_CINIT_Limit            
00000000  __TI_CINIT_Warm             
ffffffff  __TI_pprof_out_hndl         
ffffffff  __TI_prof_data_size         
ffffffff  __TI_prof_data_start        
00000000  __TI_static_base__          
ffffffff  __binit__                   
UNDEFED   __mpu_init                  
200003c0  __stack                     
20000000  __start___llvm_prf_bits     
20000000  __start___llvm_prf_cnts     
20000000  __stop___llvm_prf_bits      
20000000  __stop___llvm_prf_cnts      
00000325  _c_int00_noinit_noargs      
000003af  _system_pre_init            
000003a1  abort                       
ffffffff  binit                       
00000000  interruptVectors            
000000c1  main                        


GLOBAL SYMBOLS: SORTED BY Symbol Address 

address   name                        
-------   ----                        
00000000  __TI_ATRegion0_region_sz    
00000000  __TI_ATRegion0_src_addr     
00000000  __TI_ATRegion0_trg_addr     
00000000  __TI_ATRegion1_region_sz    
00000000  __TI_ATRegion1_src_addr     
00000000  __TI_ATRegion1_trg_addr     
00000000  __TI_ATRegion2_region_sz    
00000000  __TI_ATRegion2_src_addr     
00000000  __TI_ATRegion2_trg_addr     
00000000  __TI_CINIT_Base             
00000000  __TI_CINIT_Limit            
00000000  __TI_CINIT_Warm             
00000000  __TI_static_base__          
00000000  interruptVectors            
00000040  __STACK_SIZE                
000000c1  main                        
000001d1  SYSCFG_DL_SPI_0_init        
0000021d  DL_SPI_init                 
00000261  SYSCFG_DL_GPIO_init         
000002a5  DL_SPI_transmitDataBlocking8
000002d5  SYSCFG_DL_initPower         
00000301  SYSCFG_DL_SYSCTL_init       
00000325  _c_int00_noinit_noargs      
00000371  SYSCFG_DL_init              
00000385  DL_SPI_setClockConfig       
00000397  DL_Common_delayCycles       
000003a1  abort                       
000003a6  C$$EXIT                     
000003a7  HOSTexit                    
000003ab  Reset_Handler               
000003af  _system_pre_init            
000003b3  ADC0_IRQHandler             
000003b3  DMA_IRQHandler              
000003b3  Default_Handler             
000003b3  GPIOA_IRQHandler            
000003b3  GROUP0_IRQHandler           
000003b3  HardFault_Handler           
000003b3  I2C0_IRQHandler             
000003b3  NMI_Handler                 
000003b3  PendSV_Handler              
000003b3  SPI0_IRQHandler             
000003b3  SVC_Handler                 
000003b3  SysTick_Handler             
000003b3  TIMA0_IRQHandler            
000003b3  TIMG14_IRQHandler           
000003b3  TIMG8_IRQHandler            
000003b3  UART0_IRQHandler            
20000000  __start___llvm_prf_bits     
20000000  __start___llvm_prf_cnts     
20000000  __stop___llvm_prf_bits      
20000000  __stop___llvm_prf_cnts      
200003c0  __stack                     
20000400  __STACK_END                 
ffffffff  __TI_pprof_out_hndl         
ffffffff  __TI_prof_data_size         
ffffffff  __TI_prof_data_start        
ffffffff  __binit__                   
ffffffff  binit                       
UNDEFED   __mpu_init                  

[59 symbols]
