******************************************************************************
            TI ARM Clang Linker PC v4.0.4                      
******************************************************************************
>> Linked Sat Jan 24 20:02:17 2026

OUTPUT FILE NAME:   <DTCP_Firmware.out>
ENTRY POINT SYMBOL: "_c_int00_noinit_noargs"  address: 00000379


MEMORY CONFIGURATION

         name            origin    length      used     unused   attr    fill
----------------------  --------  ---------  --------  --------  ----  --------
  FLASH                 00000000   00004000  00000430  00003bd0  R  X
  SRAM                  20000000   00000400  00000040  000003c0  RW X
  BCR_CONFIG            41c00000   000000ff  00000000  000000ff  R   


SEGMENT ALLOCATION MAP

run origin  load origin   length   init length attrs members
----------  ----------- ---------- ----------- ----- -------
00000000    00000000    00000430   00000430    r-x
  00000000    00000000    000000c0   000000c0    r-- .intvecs
  000000c0    000000c0    00000360   00000360    r-x .text
  00000420    00000420    00000010   00000010    r-- .rodata
200003c0    200003c0    00000040   00000000    rw-
  200003c0    200003c0    00000040   00000000    rw- .stack


SECTION ALLOCATION MAP

 output                                  attributes/
section   page    origin      length       input sections
--------  ----  ----------  ----------   ----------------
.intvecs   0    00000000    000000c0     
                  00000000    000000c0     startup_mspm0c110x_ticlang.o (.intvecs)

.text      0    000000c0    00000360     
                  000000c0    00000140     main.o (.text.main)
                  00000200    0000004c     ti_msp_dl_config.o (.text.SYSCFG_DL_SPI_0_init)
                  0000024c    00000048     ti_msp_dl_config.o (.text.SYSCFG_DL_GPIO_init)
                  00000294    00000044     driverlib.a : dl_spi.o (.text.DL_SPI_init)
                  000002d8    00000030                 : dl_spi.o (.text.DL_SPI_transmitDataBlocking8)
                  00000308    0000002c     ti_msp_dl_config.o (.text.SYSCFG_DL_initPower)
                  00000334    00000024     ti_msp_dl_config.o (.text.SYSCFG_DL_SYSCTL_init)
                  00000358    00000020     driverlib.a : dl_spi.o (.text.DL_SPI_receiveDataBlocking32)
                  00000378    00000020     libc.a : boot_cortex_m.c.obj (.text:_c_int00_noinit_noargs)
                  00000398    00000018     main.o (.text.DL_GPIO_setPins)
                  000003b0    00000016     main.o (.text.DL_GPIO_readPins)
                  000003c6    00000014     main.o (.text.DL_GPIO_clearPins)
                  000003da    00000014     ti_msp_dl_config.o (.text.SYSCFG_DL_init)
                  000003ee    00000012     driverlib.a : dl_spi.o (.text.DL_SPI_setClockConfig)
                  00000400    0000000a                 : dl_common.o (.text.DL_Common_delayCycles)
                  0000040a    00000006     libc.a : exit.c.obj (.text:abort)
                  00000410    00000004     libsysbm.a : hostexit.c.obj (.text.HOSTexit)
                  00000414    00000004     startup_mspm0c110x_ticlang.o (.text.Reset_Handler)
                  00000418    00000004     libc.a : pre_init.c.obj (.text._system_pre_init)
                  0000041c    00000002     startup_mspm0c110x_ticlang.o (.text.Default_Handler)
                  0000041e    00000002     --HOLE-- [fill = 0]

.cinit     0    00000000    00000000     

.rodata    0    00000420    00000010     
                  00000420    0000000a     ti_msp_dl_config.o (.rodata.gSPI_0_config)
                  0000042a    00000002     ti_msp_dl_config.o (.rodata.gSPI_0_clockConfig)
                  0000042c    00000004     --HOLE-- [fill = 0]

.init_array 
*          0    00000000    00000000     UNINITIALIZED

.binit     0    00000000    00000000     

.stack     0    200003c0    00000040     UNINITIALIZED
                  200003c0    00000004     libc.a : boot_cortex_m.c.obj (.stack)
                  200003c4    0000003c     --HOLE--

__llvm_prf_cnts 
*          0    20000000    00000000     UNINITIALIZED

__llvm_prf_bits 
*          0    20000000    00000000     UNINITIALIZED

MODULE SUMMARY

       Module                         code   ro data   rw data
       ------                         ----   -------   -------
    .\
       main.o                         386    0         0      
       ti_msp_dl_config.o             248    12        0      
       startup_mspm0c110x_ticlang.o   6      192       0      
    +--+------------------------------+------+---------+---------+
       Total:                         640    204       0      
                                                              
    C:/ti/mspm0_sdk_2_07_00_05/source/ti/driverlib/lib/ticlang/m0p/mspm0c110x/driverlib.a
       dl_spi.o                       166    0         0      
       dl_common.o                    10     0         0      
    +--+------------------------------+------+---------+---------+
       Total:                         176    0         0      
                                                              
    C:\ti\ccs2031\ccs\tools\compiler\ti-cgt-armllvm_4.0.4.LTS\lib\armv6m-ti-none-eabi/c/libc.a
       boot_cortex_m.c.obj            32     0         0      
       exit.c.obj                     6      0         0      
       pre_init.c.obj                 4      0         0      
    +--+------------------------------+------+---------+---------+
       Total:                         42     0         0      
                                                              
    C:\ti\ccs2031\ccs\tools\compiler\ti-cgt-armllvm_4.0.4.LTS\lib\armv6m-ti-none-eabi/c/libsysbm.a
       hostexit.c.obj                 4      0         0      
    +--+------------------------------+------+---------+---------+
       Total:                         4      0         0      
                                                              
       Stack:                         0      0         64     
    +--+------------------------------+------+---------+---------+
       Grand Total:                   862    204       64     


GLOBAL SYMBOLS: SORTED ALPHABETICALLY BY Name 

address   name                        
-------   ----                        
0000041d  ADC0_IRQHandler             
00000410  C$$EXIT                     
00000401  DL_Common_delayCycles       
00000295  DL_SPI_init                 
00000359  DL_SPI_receiveDataBlocking32
000003ef  DL_SPI_setClockConfig       
000002d9  DL_SPI_transmitDataBlocking8
0000041d  DMA_IRQHandler              
0000041d  Default_Handler             
0000041d  GPIOA_IRQHandler            
0000041d  GROUP0_IRQHandler           
00000411  HOSTexit                    
0000041d  HardFault_Handler           
0000041d  I2C0_IRQHandler             
0000041d  NMI_Handler                 
0000041d  PendSV_Handler              
00000415  Reset_Handler               
0000041d  SPI0_IRQHandler             
0000041d  SVC_Handler                 
0000024d  SYSCFG_DL_GPIO_init         
00000201  SYSCFG_DL_SPI_0_init        
00000335  SYSCFG_DL_SYSCTL_init       
000003db  SYSCFG_DL_init              
00000309  SYSCFG_DL_initPower         
0000041d  SysTick_Handler             
0000041d  TIMA0_IRQHandler            
0000041d  TIMG14_IRQHandler           
0000041d  TIMG8_IRQHandler            
0000041d  UART0_IRQHandler            
20000400  __STACK_END                 
00000040  __STACK_SIZE                
00000000  __TI_ATRegion0_region_sz    
00000000  __TI_ATRegion0_src_addr     
00000000  __TI_ATRegion0_trg_addr     
00000000  __TI_ATRegion1_region_sz    
00000000  __TI_ATRegion1_src_addr     
00000000  __TI_ATRegion1_trg_addr     
00000000  __TI_ATRegion2_region_sz    
00000000  __TI_ATRegion2_src_addr     
00000000  __TI_ATRegion2_trg_addr     
00000000  __TI_CINIT_Base             
00000000  __TI_CINIT_Limit            
00000000  __TI_CINIT_Warm             
ffffffff  __TI_pprof_out_hndl         
ffffffff  __TI_prof_data_size         
ffffffff  __TI_prof_data_start        
00000000  __TI_static_base__          
ffffffff  __binit__                   
UNDEFED   __mpu_init                  
200003c0  __stack                     
20000000  __start___llvm_prf_bits     
20000000  __start___llvm_prf_cnts     
20000000  __stop___llvm_prf_bits      
20000000  __stop___llvm_prf_cnts      
00000379  _c_int00_noinit_noargs      
00000419  _system_pre_init            
0000040b  abort                       
ffffffff  binit                       
00000000  interruptVectors            
000000c1  main                        


GLOBAL SYMBOLS: SORTED BY Symbol Address 

address   name                        
-------   ----                        
00000000  __TI_ATRegion0_region_sz    
00000000  __TI_ATRegion0_src_addr     
00000000  __TI_ATRegion0_trg_addr     
00000000  __TI_ATRegion1_region_sz    
00000000  __TI_ATRegion1_src_addr     
00000000  __TI_ATRegion1_trg_addr     
00000000  __TI_ATRegion2_region_sz    
00000000  __TI_ATRegion2_src_addr     
00000000  __TI_ATRegion2_trg_addr     
00000000  __TI_CINIT_Base             
00000000  __TI_CINIT_Limit            
00000000  __TI_CINIT_Warm             
00000000  __TI_static_base__          
00000000  interruptVectors            
00000040  __STACK_SIZE                
000000c1  main                        
00000201  SYSCFG_DL_SPI_0_init        
0000024d  SYSCFG_DL_GPIO_init         
00000295  DL_SPI_init                 
000002d9  DL_SPI_transmitDataBlocking8
00000309  SYSCFG_DL_initPower         
00000335  SYSCFG_DL_SYSCTL_init       
00000359  DL_SPI_receiveDataBlocking32
00000379  _c_int00_noinit_noargs      
000003db  SYSCFG_DL_init              
000003ef  DL_SPI_setClockConfig       
00000401  DL_Common_delayCycles       
0000040b  abort                       
00000410  C$$EXIT                     
00000411  HOSTexit                    
00000415  Reset_Handler               
00000419  _system_pre_init            
0000041d  ADC0_IRQHandler             
0000041d  DMA_IRQHandler              
0000041d  Default_Handler             
0000041d  GPIOA_IRQHandler            
0000041d  GROUP0_IRQHandler           
0000041d  HardFault_Handler           
0000041d  I2C0_IRQHandler             
0000041d  NMI_Handler                 
0000041d  PendSV_Handler              
0000041d  SPI0_IRQHandler             
0000041d  SVC_Handler                 
0000041d  SysTick_Handler             
0000041d  TIMA0_IRQHandler            
0000041d  TIMG14_IRQHandler           
0000041d  TIMG8_IRQHandler            
0000041d  UART0_IRQHandler            
20000000  __start___llvm_prf_bits     
20000000  __start___llvm_prf_cnts     
20000000  __stop___llvm_prf_bits      
20000000  __stop___llvm_prf_cnts      
200003c0  __stack                     
20000400  __STACK_END                 
ffffffff  __TI_pprof_out_hndl         
ffffffff  __TI_prof_data_size         
ffffffff  __TI_prof_data_start        
ffffffff  __binit__                   
ffffffff  binit                       
UNDEFED   __mpu_init                  

[60 symbols]
