******************************************************************************
            TI ARM Clang Linker PC v4.0.4                      
******************************************************************************
>> Linked Fri Apr  3 13:54:35 2026

OUTPUT FILE NAME:   <DTCP_Firmware.out>
ENTRY POINT SYMBOL: "_c_int00_noargs"  address: 00000c25


MEMORY CONFIGURATION

         name            origin    length      used     unused   attr    fill
----------------------  --------  ---------  --------  --------  ----  --------
  FLASH                 00000000   00004000  00000d30  000032d0  R  X
  SRAM                  20000000   00000400  000001db  00000225  RW X
  BCR_CONFIG            41c00000   000000ff  00000000  000000ff  R   


SEGMENT ALLOCATION MAP

run origin  load origin   length   init length attrs members
----------  ----------- ---------- ----------- ----- -------
00000000    00000000    00000d30   00000d30    r-x
  00000000    00000000    000000c0   000000c0    r-- .intvecs
  000000c0    000000c0    00000c28   00000c28    r-x .text
  00000ce8    00000ce8    00000018   00000018    r-- .rodata
  00000d00    00000d00    00000030   00000030    r-- .cinit
20000000    20000000    0000019b   00000000    rw-
  20000000    20000000    00000199   00000000    rw- .bss
  20000199    20000199    00000002   00000000    rw- .data
200003c0    200003c0    00000040   00000000    rw-
  200003c0    200003c0    00000040   00000000    rw- .stack


SECTION ALLOCATION MAP

 output                                  attributes/
section   page    origin      length       input sections
--------  ----  ----------  ----------   ----------------
.intvecs   0    00000000    000000c0     
                  00000000    000000c0     startup_mspm0c110x_ticlang.o (.intvecs)

.text      0    000000c0    00000c28     
                  000000c0    0000012c     ads1299.o (.text.ADS1299_init)
                  000001ec    0000010c     libclang_rt.builtins.a : divdf3.S.obj (.text.__divdf3)
                  000002f8    00000100     ads1299.o (.text.ADS1299_read_data_channel_2)
                  000003f8    000000e4     libclang_rt.builtins.a : muldf3.S.obj (.text.__muldf3)
                  000004dc    0000009a     libc.a : memcpy16.S.obj (.text:memcpy)
                  00000576    00000002     startup_mspm0c110x_ticlang.o (.text.Default_Handler)
                  00000578    0000008c     libclang_rt.builtins.a : mulsf3.S.obj (.text.__mulsf3)
                  00000604    00000084     ti_msp_dl_config.o (.text.SYSCFG_DL_UART_0_init)
                  00000688    00000080     main.o (.text.UART0_IRQHandler)
                  00000708    0000007c     libc.a : copy_decompress_lzss.c.obj (.text:decompress:lzss)
                  00000784    00000070     ti_msp_dl_config.o (.text.SYSCFG_DL_GPIO_init)
                  000007f4    00000070     main.o (.text.main)
                  00000864    00000062     libc.a : memset16.S.obj (.text:memset)
                  000008c6    00000002     --HOLE-- [fill = 0]
                  000008c8    00000050     main.o (.text.GPIOA_IRQHandler)
                  00000918    0000004c     ti_msp_dl_config.o (.text.SYSCFG_DL_SPI_0_init)
                  00000964    00000048     ads1299.o (.text.ADS1299_start_conversions)
                  000009ac    00000048     driverlib.a : dl_uart.o (.text.DL_UART_init)
                  000009f4    00000044                 : dl_spi.o (.text.DL_SPI_init)
                  00000a38    00000042     libclang_rt.builtins.a : fixunsdfsi.S.obj (.text.__fixunsdfsi)
                  00000a7a    00000002     --HOLE-- [fill = 0]
                  00000a7c    0000003c                            : floatsisf.S.obj (.text.__floatsisf)
                  00000ab8    0000003c     libc.a : autoinit.c.obj (.text:__TI_auto_init_nobinit_nopinit)
                  00000af4    0000003a     libclang_rt.builtins.a : muldsi3.S.obj (.text.__muldsi3)
                  00000b2e    00000002     --HOLE-- [fill = 0]
                  00000b30    00000038     ti_msp_dl_config.o (.text.SYSCFG_DL_SYSCTL_init)
                  00000b68    00000034     ti_msp_dl_config.o (.text.SYSCFG_DL_initPower)
                  00000b9c    00000030     driverlib.a : dl_spi.o (.text.DL_SPI_transmitDataBlocking8)
                  00000bcc    0000002c     libclang_rt.builtins.a : floatsidf.S.obj (.text.__floatsidf)
                  00000bf8    0000002c     main.o (.text.delay_ms)
                  00000c24    00000028     libc.a : boot_cortex_m.c.obj (.text:_c_int00_noargs)
                  00000c4c    00000018     ti_msp_dl_config.o (.text.SYSCFG_DL_init)
                  00000c64    00000016     libc.a : copy_zero_init.c.obj (.text:decompress:ZI:__TI_zero_init_nomemset)
                  00000c7a    00000012     driverlib.a : dl_spi.o (.text.DL_SPI_setClockConfig)
                  00000c8c    00000012                 : dl_uart.o (.text.DL_UART_setClockConfig)
                  00000c9e    00000012     libc.a : copy_decompress_none.c.obj (.text:decompress:none)
                  00000cb0    0000000c     libclang_rt.builtins.a : aeabi_memset.S.obj (.text.__aeabi_memclr)
                  00000cbc    0000000a     driverlib.a : dl_common.o (.text.DL_Common_delayCycles)
                  00000cc6    00000002     --HOLE-- [fill = 0]
                  00000cc8    00000008     libclang_rt.builtins.a : aeabi_memcpy.S.obj (.text.__aeabi_memcpy)
                  00000cd0    00000006     libc.a : exit.c.obj (.text:abort)
                  00000cd6    00000004     libsysbm.a : hostexit.c.obj (.text.HOSTexit)
                  00000cda    00000004     startup_mspm0c110x_ticlang.o (.text.Reset_Handler)
                  00000cde    00000004     libc.a : pre_init.c.obj (.text._system_pre_init)
                  00000ce2    00000006     --HOLE-- [fill = 0]

.cinit     0    00000d00    00000030     
                  00000d00    0000000c     (__TI_handler_table)
                  00000d0c    00000008     (.cinit..bss.load) [load image, compression = zero_init]
                  00000d14    00000006     (.cinit..data.load) [load image, compression = lzss]
                  00000d1a    00000002     --HOLE-- [fill = 0]
                  00000d1c    00000010     (__TI_cinit_table)
                  00000d2c    00000004     --HOLE-- [fill = 0]

.rodata    0    00000ce8    00000018     
                  00000ce8    0000000a     ti_msp_dl_config.o (.rodata.gSPI_0_config)
                  00000cf2    0000000a     ti_msp_dl_config.o (.rodata.gUART_0Config)
                  00000cfc    00000002     ti_msp_dl_config.o (.rodata.gSPI_0_clockConfig)
                  00000cfe    00000002     ti_msp_dl_config.o (.rodata.gUART_0ClockConfig)

.init_array 
*          0    00000000    00000000     UNINITIALIZED

.binit     0    00000000    00000000     

.bss       0    20000000    00000199     UNINITIALIZED
                  20000000    00000190     (.common:voltages)
                  20000190    00000004     (.common:sum)
                  20000194    00000004     (.common:voltage)
                  20000198    00000001     (.common:count)

.data      0    20000199    00000002     UNINITIALIZED
                  20000199    00000001     main.o (.data.gCurrentIndex)
                  2000019a    00000001     main.o (.data.gTxState)

.stack     0    200003c0    00000040     UNINITIALIZED
                  200003c0    00000004     libc.a : boot_cortex_m.c.obj (.stack)
                  200003c4    0000003c     --HOLE--

__llvm_prf_cnts 
*          0    20000000    00000000     UNINITIALIZED

__llvm_prf_bits 
*          0    20000000    00000000     UNINITIALIZED

MODULE SUMMARY

       Module                         code   ro data   rw data
       ------                         ----   -------   -------
    .\
       main.o                         364    0         411    
       ti_msp_dl_config.o             452    24        0      
       startup_mspm0c110x_ticlang.o   6      192       0      
    +--+------------------------------+------+---------+---------+
       Total:                         822    216       411    
                                                              
    .\src\
       ads1299.o                      628    0         0      
    +--+------------------------------+------+---------+---------+
       Total:                         628    0         0      
                                                              
    C:/ti/mspm0_sdk_2_07_00_05/source/ti/driverlib/lib/ticlang/m0p/mspm0c110x/driverlib.a
       dl_spi.o                       134    0         0      
       dl_uart.o                      90     0         0      
       dl_common.o                    10     0         0      
    +--+------------------------------+------+---------+---------+
       Total:                         234    0         0      
                                                              
    C:\ti\ccs2031\ccs\tools\compiler\ti-cgt-armllvm_4.0.4.LTS\lib\armv6m-ti-none-eabi/c/libc.a
       memcpy16.S.obj                 154    0         0      
       copy_decompress_lzss.c.obj     124    0         0      
       memset16.S.obj                 98     0         0      
       autoinit.c.obj                 60     0         0      
       boot_cortex_m.c.obj            40     0         0      
       copy_zero_init.c.obj           22     0         0      
       copy_decompress_none.c.obj     18     0         0      
       exit.c.obj                     6      0         0      
       pre_init.c.obj                 4      0         0      
    +--+------------------------------+------+---------+---------+
       Total:                         526    0         0      
                                                              
    C:\ti\ccs2031\ccs\tools\compiler\ti-cgt-armllvm_4.0.4.LTS\lib\armv6m-ti-none-eabi/c/libsysbm.a
       hostexit.c.obj                 4      0         0      
    +--+------------------------------+------+---------+---------+
       Total:                         4      0         0      
                                                              
    C:\ti\ccs2031\ccs\tools\compiler\ti-cgt-armllvm_4.0.4.LTS\lib\armv6m-ti-none-eabi/libclang_rt.builtins.a
       divdf3.S.obj                   268    0         0      
       muldf3.S.obj                   228    0         0      
       mulsf3.S.obj                   140    0         0      
       fixunsdfsi.S.obj               66     0         0      
       floatsisf.S.obj                60     0         0      
       muldsi3.S.obj                  58     0         0      
       floatsidf.S.obj                44     0         0      
       aeabi_memset.S.obj             12     0         0      
       aeabi_memcpy.S.obj             8      0         0      
    +--+------------------------------+------+---------+---------+
       Total:                         884    0         0      
                                                              
       Stack:                         0      0         64     
       Linker Generated:              0      42        0      
    +--+------------------------------+------+---------+---------+
       Grand Total:                   3098   258       475    


LINKER GENERATED COPY TABLES

__TI_cinit_table @ 00000d1c records: 2, size/record: 8, table size: 16
	.bss: load addr=00000d0c, load size=00000008 bytes, run addr=20000000, run size=00000199 bytes, compression=zero_init
	.data: load addr=00000d14, load size=00000006 bytes, run addr=20000199, run size=00000002 bytes, compression=lzss


LINKER GENERATED HANDLER TABLE

__TI_handler_table @ 00000d00 records: 3, size/record: 4, table size: 12
	index: 0, handler: __TI_decompress_lzss
	index: 1, handler: __TI_decompress_none
	index: 2, handler: __TI_zero_init


GLOBAL SYMBOLS: SORTED ALPHABETICALLY BY Name 

address   name                          
-------   ----                          
00000577  ADC0_IRQHandler               
000000c1  ADS1299_init                  
000002f9  ADS1299_read_data_channel_2   
00000965  ADS1299_start_conversions     
00000cd6  C$$EXIT                       
00000cbd  DL_Common_delayCycles         
000009f5  DL_SPI_init                   
00000c7b  DL_SPI_setClockConfig         
00000b9d  DL_SPI_transmitDataBlocking8  
000009ad  DL_UART_init                  
00000c8d  DL_UART_setClockConfig        
00000577  DMA_IRQHandler                
00000577  Default_Handler               
000008c9  GPIOA_IRQHandler              
00000577  GROUP0_IRQHandler             
00000cd7  HOSTexit                      
00000577  HardFault_Handler             
00000577  I2C0_IRQHandler               
00000577  NMI_Handler                   
00000577  PendSV_Handler                
00000cdb  Reset_Handler                 
00000577  SPI0_IRQHandler               
00000577  SVC_Handler                   
00000785  SYSCFG_DL_GPIO_init           
00000919  SYSCFG_DL_SPI_0_init          
00000b31  SYSCFG_DL_SYSCTL_init         
00000605  SYSCFG_DL_UART_0_init         
00000c4d  SYSCFG_DL_init                
00000b69  SYSCFG_DL_initPower           
00000577  SysTick_Handler               
00000577  TIMA0_IRQHandler              
00000577  TIMG14_IRQHandler             
00000577  TIMG8_IRQHandler              
00000689  UART0_IRQHandler              
20000400  __STACK_END                   
00000040  __STACK_SIZE                  
00000000  __TI_ATRegion0_region_sz      
00000000  __TI_ATRegion0_src_addr       
00000000  __TI_ATRegion0_trg_addr       
00000000  __TI_ATRegion1_region_sz      
00000000  __TI_ATRegion1_src_addr       
00000000  __TI_ATRegion1_trg_addr       
00000000  __TI_ATRegion2_region_sz      
00000000  __TI_ATRegion2_src_addr       
00000000  __TI_ATRegion2_trg_addr       
00000d1c  __TI_CINIT_Base               
00000d2c  __TI_CINIT_Limit              
00000d2c  __TI_CINIT_Warm               
00000d00  __TI_Handler_Table_Base       
00000d0c  __TI_Handler_Table_Limit      
00000ab9  __TI_auto_init_nobinit_nopinit
00000709  __TI_decompress_lzss          
00000c9f  __TI_decompress_none          
ffffffff  __TI_pprof_out_hndl           
ffffffff  __TI_prof_data_size           
ffffffff  __TI_prof_data_start          
00000000  __TI_static_base__            
00000c65  __TI_zero_init_nomemset       
00000a39  __aeabi_d2uiz                 
000001ed  __aeabi_ddiv                  
000003f9  __aeabi_dmul                  
00000579  __aeabi_fmul                  
00000bcd  __aeabi_i2d                   
00000a7d  __aeabi_i2f                   
00000cb1  __aeabi_memclr                
00000cb1  __aeabi_memclr4               
00000cb1  __aeabi_memclr8               
00000cc9  __aeabi_memcpy                
00000cc9  __aeabi_memcpy4               
00000cc9  __aeabi_memcpy8               
ffffffff  __binit__                     
000001ed  __divdf3                      
00000a39  __fixunsdfsi                  
00000bcd  __floatsidf                   
00000a7d  __floatsisf                   
UNDEFED   __mpu_init                    
000003f9  __muldf3                      
00000af5  __muldsi3                     
00000579  __mulsf3                      
200003c0  __stack                       
20000000  __start___llvm_prf_bits       
20000000  __start___llvm_prf_cnts       
20000000  __stop___llvm_prf_bits        
20000000  __stop___llvm_prf_cnts        
00000c25  _c_int00_noargs               
UNDEFED   _system_post_cinit            
00000cdf  _system_pre_init              
00000cd1  abort                         
ffffffff  binit                         
20000198  count                         
00000bf9  delay_ms                      
20000199  gCurrentIndex                 
2000019a  gTxState                      
00000000  interruptVectors              
000007f5  main                          
000004dd  memcpy                        
00000865  memset                        
20000190  sum                           
20000194  voltage                       
20000000  voltages                      


GLOBAL SYMBOLS: SORTED BY Symbol Address 

address   name                          
-------   ----                          
00000000  __TI_ATRegion0_region_sz      
00000000  __TI_ATRegion0_src_addr       
00000000  __TI_ATRegion0_trg_addr       
00000000  __TI_ATRegion1_region_sz      
00000000  __TI_ATRegion1_src_addr       
00000000  __TI_ATRegion1_trg_addr       
00000000  __TI_ATRegion2_region_sz      
00000000  __TI_ATRegion2_src_addr       
00000000  __TI_ATRegion2_trg_addr       
00000000  __TI_static_base__            
00000000  interruptVectors              
00000040  __STACK_SIZE                  
000000c1  ADS1299_init                  
000001ed  __aeabi_ddiv                  
000001ed  __divdf3                      
000002f9  ADS1299_read_data_channel_2   
000003f9  __aeabi_dmul                  
000003f9  __muldf3                      
000004dd  memcpy                        
00000577  ADC0_IRQHandler               
00000577  DMA_IRQHandler                
00000577  Default_Handler               
00000577  GROUP0_IRQHandler             
00000577  HardFault_Handler             
00000577  I2C0_IRQHandler               
00000577  NMI_Handler                   
00000577  PendSV_Handler                
00000577  SPI0_IRQHandler               
00000577  SVC_Handler                   
00000577  SysTick_Handler               
00000577  TIMA0_IRQHandler              
00000577  TIMG14_IRQHandler             
00000577  TIMG8_IRQHandler              
00000579  __aeabi_fmul                  
00000579  __mulsf3                      
00000605  SYSCFG_DL_UART_0_init         
00000689  UART0_IRQHandler              
00000709  __TI_decompress_lzss          
00000785  SYSCFG_DL_GPIO_init           
000007f5  main                          
00000865  memset                        
000008c9  GPIOA_IRQHandler              
00000919  SYSCFG_DL_SPI_0_init          
00000965  ADS1299_start_conversions     
000009ad  DL_UART_init                  
000009f5  DL_SPI_init                   
00000a39  __aeabi_d2uiz                 
00000a39  __fixunsdfsi                  
00000a7d  __aeabi_i2f                   
00000a7d  __floatsisf                   
00000ab9  __TI_auto_init_nobinit_nopinit
00000af5  __muldsi3                     
00000b31  SYSCFG_DL_SYSCTL_init         
00000b69  SYSCFG_DL_initPower           
00000b9d  DL_SPI_transmitDataBlocking8  
00000bcd  __aeabi_i2d                   
00000bcd  __floatsidf                   
00000bf9  delay_ms                      
00000c25  _c_int00_noargs               
00000c4d  SYSCFG_DL_init                
00000c65  __TI_zero_init_nomemset       
00000c7b  DL_SPI_setClockConfig         
00000c8d  DL_UART_setClockConfig        
00000c9f  __TI_decompress_none          
00000cb1  __aeabi_memclr                
00000cb1  __aeabi_memclr4               
00000cb1  __aeabi_memclr8               
00000cbd  DL_Common_delayCycles         
00000cc9  __aeabi_memcpy                
00000cc9  __aeabi_memcpy4               
00000cc9  __aeabi_memcpy8               
00000cd1  abort                         
00000cd6  C$$EXIT                       
00000cd7  HOSTexit                      
00000cdb  Reset_Handler                 
00000cdf  _system_pre_init              
00000d00  __TI_Handler_Table_Base       
00000d0c  __TI_Handler_Table_Limit      
00000d1c  __TI_CINIT_Base               
00000d2c  __TI_CINIT_Limit              
00000d2c  __TI_CINIT_Warm               
20000000  __start___llvm_prf_bits       
20000000  __start___llvm_prf_cnts       
20000000  __stop___llvm_prf_bits        
20000000  __stop___llvm_prf_cnts        
20000000  voltages                      
20000190  sum                           
20000194  voltage                       
20000198  count                         
20000199  gCurrentIndex                 
2000019a  gTxState                      
200003c0  __stack                       
20000400  __STACK_END                   
ffffffff  __TI_pprof_out_hndl           
ffffffff  __TI_prof_data_size           
ffffffff  __TI_prof_data_start          
ffffffff  __binit__                     
ffffffff  binit                         
UNDEFED   __mpu_init                    
UNDEFED   _system_post_cinit            

[100 symbols]
