******************************************************************************
            TI ARM Clang Linker PC v4.0.4                      
******************************************************************************
>> Linked Mon Nov 17 23:39:50 2025

OUTPUT FILE NAME:   <DTCP_Firmware.out>
ENTRY POINT SYMBOL: "_c_int00_noinit_noargs"  address: 000001cd


MEMORY CONFIGURATION

         name            origin    length      used     unused   attr    fill
----------------------  --------  ---------  --------  --------  ----  --------
  FLASH                 00000000   00004000  00000260  00003da0  R  X
  SRAM                  20000000   00000400  00000040  000003c0  RW X
  BCR_CONFIG            41c00000   000000ff  00000000  000000ff  R   


SEGMENT ALLOCATION MAP

run origin  load origin   length   init length attrs members
----------  ----------- ---------- ----------- ----- -------
00000000    00000000    00000260   00000260    r-x
  00000000    00000000    000000c0   000000c0    r-- .intvecs
  000000c0    000000c0    00000190   00000190    r-x .text
  00000250    00000250    00000010   00000010    r-- .rodata
200003c0    200003c0    00000040   00000000    rw-
  200003c0    200003c0    00000040   00000000    rw- .stack


SECTION ALLOCATION MAP

 output                                  attributes/
section   page    origin      length       input sections
--------  ----  ----------  ----------   ----------------
.intvecs   0    00000000    000000c0     
                  00000000    000000c0     startup_mspm0c110x_ticlang.o (.intvecs)

.text      0    000000c0    00000190     
                  000000c0    0000004c     ti_msp_dl_config.o (.text.SYSCFG_DL_SPI_0_init)
                  0000010c    00000044     driverlib.a : dl_spi.o (.text.DL_SPI_init)
                  00000150    0000002c     ti_msp_dl_config.o (.text.SYSCFG_DL_GPIO_init)
                  0000017c    0000002c     ti_msp_dl_config.o (.text.SYSCFG_DL_initPower)
                  000001a8    00000024     ti_msp_dl_config.o (.text.SYSCFG_DL_SYSCTL_init)
                  000001cc    00000020     libc.a : boot_cortex_m.c.obj (.text:_c_int00_noinit_noargs)
                  000001ec    0000001c     empty.o (.text.main)
                  00000208    00000014     ti_msp_dl_config.o (.text.SYSCFG_DL_init)
                  0000021c    00000012     driverlib.a : dl_spi.o (.text.DL_SPI_setClockConfig)
                  0000022e    0000000a                 : dl_common.o (.text.DL_Common_delayCycles)
                  00000238    00000006     libc.a : exit.c.obj (.text:abort)
                  0000023e    00000004     libsysbm.a : hostexit.c.obj (.text.HOSTexit)
                  00000242    00000004     startup_mspm0c110x_ticlang.o (.text.Reset_Handler)
                  00000246    00000004     libc.a : pre_init.c.obj (.text._system_pre_init)
                  0000024a    00000002     startup_mspm0c110x_ticlang.o (.text.Default_Handler)
                  0000024c    00000004     --HOLE-- [fill = 0]

.cinit     0    00000000    00000000     

.rodata    0    00000250    00000010     
                  00000250    0000000a     ti_msp_dl_config.o (.rodata.gSPI_0_config)
                  0000025a    00000002     ti_msp_dl_config.o (.rodata.gSPI_0_clockConfig)
                  0000025c    00000004     --HOLE-- [fill = 0]

.init_array 
*          0    00000000    00000000     UNINITIALIZED

.binit     0    00000000    00000000     

.stack     0    200003c0    00000040     UNINITIALIZED
                  200003c0    00000004     libc.a : boot_cortex_m.c.obj (.stack)
                  200003c4    0000003c     --HOLE--

__llvm_prf_cnts 
*          0    20000000    00000000     UNINITIALIZED

__llvm_prf_bits 
*          0    20000000    00000000     UNINITIALIZED

MODULE SUMMARY

       Module                         code   ro data   rw data
       ------                         ----   -------   -------
    .\
       ti_msp_dl_config.o             220    12        0      
       startup_mspm0c110x_ticlang.o   6      192       0      
       empty.o                        28     0         0      
    +--+------------------------------+------+---------+---------+
       Total:                         254    204       0      
                                                              
    C:/ti/mspm0_sdk_2_07_00_05/source/ti/driverlib/lib/ticlang/m0p/mspm0c110x/driverlib.a
       dl_spi.o                       86     0         0      
       dl_common.o                    10     0         0      
    +--+------------------------------+------+---------+---------+
       Total:                         96     0         0      
                                                              
    C:\ti\ccs2031\ccs\tools\compiler\ti-cgt-armllvm_4.0.4.LTS\lib\armv6m-ti-none-eabi/c/libc.a
       boot_cortex_m.c.obj            32     0         0      
       exit.c.obj                     6      0         0      
       pre_init.c.obj                 4      0         0      
    +--+------------------------------+------+---------+---------+
       Total:                         42     0         0      
                                                              
    C:\ti\ccs2031\ccs\tools\compiler\ti-cgt-armllvm_4.0.4.LTS\lib\armv6m-ti-none-eabi/c/libsysbm.a
       hostexit.c.obj                 4      0         0      
    +--+------------------------------+------+---------+---------+
       Total:                         4      0         0      
                                                              
       Stack:                         0      0         64     
    +--+------------------------------+------+---------+---------+
       Grand Total:                   396    204       64     


GLOBAL SYMBOLS: SORTED ALPHABETICALLY BY Name 

address   name                    
-------   ----                    
0000024b  ADC0_IRQHandler         
0000023e  C$$EXIT                 
0000022f  DL_Common_delayCycles   
0000010d  DL_SPI_init             
0000021d  DL_SPI_setClockConfig   
0000024b  DMA_IRQHandler          
0000024b  Default_Handler         
0000024b  GPIOA_IRQHandler        
0000024b  GROUP0_IRQHandler       
0000023f  HOSTexit                
0000024b  HardFault_Handler       
0000024b  I2C0_IRQHandler         
0000024b  NMI_Handler             
0000024b  PendSV_Handler          
00000243  Reset_Handler           
0000024b  SPI0_IRQHandler         
0000024b  SVC_Handler             
00000151  SYSCFG_DL_GPIO_init     
000000c1  SYSCFG_DL_SPI_0_init    
000001a9  SYSCFG_DL_SYSCTL_init   
00000209  SYSCFG_DL_init          
0000017d  SYSCFG_DL_initPower     
0000024b  SysTick_Handler         
0000024b  TIMA0_IRQHandler        
0000024b  TIMG14_IRQHandler       
0000024b  TIMG8_IRQHandler        
0000024b  UART0_IRQHandler        
20000400  __STACK_END             
00000040  __STACK_SIZE            
00000000  __TI_ATRegion0_region_sz
00000000  __TI_ATRegion0_src_addr 
00000000  __TI_ATRegion0_trg_addr 
00000000  __TI_ATRegion1_region_sz
00000000  __TI_ATRegion1_src_addr 
00000000  __TI_ATRegion1_trg_addr 
00000000  __TI_ATRegion2_region_sz
00000000  __TI_ATRegion2_src_addr 
00000000  __TI_ATRegion2_trg_addr 
00000000  __TI_CINIT_Base         
00000000  __TI_CINIT_Limit        
00000000  __TI_CINIT_Warm         
ffffffff  __TI_pprof_out_hndl     
ffffffff  __TI_prof_data_size     
ffffffff  __TI_prof_data_start    
00000000  __TI_static_base__      
ffffffff  __binit__               
UNDEFED   __mpu_init              
200003c0  __stack                 
20000000  __start___llvm_prf_bits 
20000000  __start___llvm_prf_cnts 
20000000  __stop___llvm_prf_bits  
20000000  __stop___llvm_prf_cnts  
000001cd  _c_int00_noinit_noargs  
00000247  _system_pre_init        
00000239  abort                   
ffffffff  binit                   
00000000  interruptVectors        
000001ed  main                    


GLOBAL SYMBOLS: SORTED BY Symbol Address 

address   name                    
-------   ----                    
00000000  __TI_ATRegion0_region_sz
00000000  __TI_ATRegion0_src_addr 
00000000  __TI_ATRegion0_trg_addr 
00000000  __TI_ATRegion1_region_sz
00000000  __TI_ATRegion1_src_addr 
00000000  __TI_ATRegion1_trg_addr 
00000000  __TI_ATRegion2_region_sz
00000000  __TI_ATRegion2_src_addr 
00000000  __TI_ATRegion2_trg_addr 
00000000  __TI_CINIT_Base         
00000000  __TI_CINIT_Limit        
00000000  __TI_CINIT_Warm         
00000000  __TI_static_base__      
00000000  interruptVectors        
00000040  __STACK_SIZE            
000000c1  SYSCFG_DL_SPI_0_init    
0000010d  DL_SPI_init             
00000151  SYSCFG_DL_GPIO_init     
0000017d  SYSCFG_DL_initPower     
000001a9  SYSCFG_DL_SYSCTL_init   
000001cd  _c_int00_noinit_noargs  
000001ed  main                    
00000209  SYSCFG_DL_init          
0000021d  DL_SPI_setClockConfig   
0000022f  DL_Common_delayCycles   
00000239  abort                   
0000023e  C$$EXIT                 
0000023f  HOSTexit                
00000243  Reset_Handler           
00000247  _system_pre_init        
0000024b  ADC0_IRQHandler         
0000024b  DMA_IRQHandler          
0000024b  Default_Handler         
0000024b  GPIOA_IRQHandler        
0000024b  GROUP0_IRQHandler       
0000024b  HardFault_Handler       
0000024b  I2C0_IRQHandler         
0000024b  NMI_Handler             
0000024b  PendSV_Handler          
0000024b  SPI0_IRQHandler         
0000024b  SVC_Handler             
0000024b  SysTick_Handler         
0000024b  TIMA0_IRQHandler        
0000024b  TIMG14_IRQHandler       
0000024b  TIMG8_IRQHandler        
0000024b  UART0_IRQHandler        
20000000  __start___llvm_prf_bits 
20000000  __start___llvm_prf_cnts 
20000000  __stop___llvm_prf_bits  
20000000  __stop___llvm_prf_cnts  
200003c0  __stack                 
20000400  __STACK_END             
ffffffff  __TI_pprof_out_hndl     
ffffffff  __TI_prof_data_size     
ffffffff  __TI_prof_data_start    
ffffffff  __binit__               
ffffffff  binit                   
UNDEFED   __mpu_init              

[58 symbols]
