******************************************************************************
            TI ARM Clang Linker PC v4.0.4                      
******************************************************************************
>> Linked Fri Nov 28 18:54:35 2025

OUTPUT FILE NAME:   <DTCP_Firmware.out>
ENTRY POINT SYMBOL: "_c_int00_noinit_noargs"  address: 00000325


MEMORY CONFIGURATION

         name            origin    length      used     unused   attr    fill
----------------------  --------  ---------  --------  --------  ----  --------
  FLASH                 00000000   00004000  000003b8  00003c48  R  X
  SRAM                  20000000   00000400  00000040  000003c0  RW X
  BCR_CONFIG            41c00000   000000ff  00000000  000000ff  R   


SEGMENT ALLOCATION MAP

run origin  load origin   length   init length attrs members
----------  ----------- ---------- ----------- ----- -------
00000000    00000000    000003b8   000003b8    r-x
  00000000    00000000    000000c0   000000c0    r-- .intvecs
  000000c0    000000c0    000002e0   000002e0    r-x .text
  000003a0    000003a0    00000018   00000018    r-- .rodata
200003c0    200003c0    00000040   00000000    rw-
  200003c0    200003c0    00000040   00000000    rw- .stack


SECTION ALLOCATION MAP

 output                                  attributes/
section   page    origin      length       input sections
--------  ----  ----------  ----------   ----------------
.intvecs   0    00000000    000000c0     
                  00000000    000000c0     startup_mspm0c110x_ticlang.o (.intvecs)

.text      0    000000c0    000002e0     
                  000000c0    00000064     ti_msp_dl_config.o (.text.SYSCFG_DL_UART_0_init)
                  00000124    0000004c     ti_msp_dl_config.o (.text.SYSCFG_DL_SPI_0_init)
                  00000170    00000048     driverlib.a : dl_uart.o (.text.DL_UART_init)
                  000001b8    00000044                 : dl_spi.o (.text.DL_SPI_init)
                  000001fc    00000040     main.o (.text.main)
                  0000023c    00000034     ti_msp_dl_config.o (.text.SYSCFG_DL_initPower)
                  00000270    00000030     driverlib.a : dl_spi.o (.text.DL_SPI_transmitDataBlocking8)
                  000002a0    00000030                 : dl_uart.o (.text.DL_UART_transmitDataBlocking)
                  000002d0    00000030     ti_msp_dl_config.o (.text.SYSCFG_DL_GPIO_init)
                  00000300    00000024     ti_msp_dl_config.o (.text.SYSCFG_DL_SYSCTL_init)
                  00000324    00000020     libc.a : boot_cortex_m.c.obj (.text:_c_int00_noinit_noargs)
                  00000344    00000018     ti_msp_dl_config.o (.text.SYSCFG_DL_init)
                  0000035c    00000012     driverlib.a : dl_spi.o (.text.DL_SPI_setClockConfig)
                  0000036e    00000012                 : dl_uart.o (.text.DL_UART_setClockConfig)
                  00000380    0000000a                 : dl_common.o (.text.DL_Common_delayCycles)
                  0000038a    00000006     libc.a : exit.c.obj (.text:abort)
                  00000390    00000004     libsysbm.a : hostexit.c.obj (.text.HOSTexit)
                  00000394    00000004     startup_mspm0c110x_ticlang.o (.text.Reset_Handler)
                  00000398    00000004     libc.a : pre_init.c.obj (.text._system_pre_init)
                  0000039c    00000002     startup_mspm0c110x_ticlang.o (.text.Default_Handler)
                  0000039e    00000002     --HOLE-- [fill = 0]

.cinit     0    00000000    00000000     

.rodata    0    000003a0    00000018     
                  000003a0    0000000a     ti_msp_dl_config.o (.rodata.gSPI_0_config)
                  000003aa    0000000a     ti_msp_dl_config.o (.rodata.gUART_0Config)
                  000003b4    00000002     ti_msp_dl_config.o (.rodata.gSPI_0_clockConfig)
                  000003b6    00000002     ti_msp_dl_config.o (.rodata.gUART_0ClockConfig)

.init_array 
*          0    00000000    00000000     UNINITIALIZED

.binit     0    00000000    00000000     

.stack     0    200003c0    00000040     UNINITIALIZED
                  200003c0    00000004     libc.a : boot_cortex_m.c.obj (.stack)
                  200003c4    0000003c     --HOLE--

__llvm_prf_cnts 
*          0    20000000    00000000     UNINITIALIZED

__llvm_prf_bits 
*          0    20000000    00000000     UNINITIALIZED

MODULE SUMMARY

       Module                         code   ro data   rw data
       ------                         ----   -------   -------
    .\
       ti_msp_dl_config.o             336    24        0      
       startup_mspm0c110x_ticlang.o   6      192       0      
       main.o                         64     0         0      
    +--+------------------------------+------+---------+---------+
       Total:                         406    216       0      
                                                              
    C:/ti/mspm0_sdk_2_07_00_05/source/ti/driverlib/lib/ticlang/m0p/mspm0c110x/driverlib.a
       dl_uart.o                      138    0         0      
       dl_spi.o                       134    0         0      
       dl_common.o                    10     0         0      
    +--+------------------------------+------+---------+---------+
       Total:                         282    0         0      
                                                              
    C:\ti\ccs2031\ccs\tools\compiler\ti-cgt-armllvm_4.0.4.LTS\lib\armv6m-ti-none-eabi/c/libc.a
       boot_cortex_m.c.obj            32     0         0      
       exit.c.obj                     6      0         0      
       pre_init.c.obj                 4      0         0      
    +--+------------------------------+------+---------+---------+
       Total:                         42     0         0      
                                                              
    C:\ti\ccs2031\ccs\tools\compiler\ti-cgt-armllvm_4.0.4.LTS\lib\armv6m-ti-none-eabi/c/libsysbm.a
       hostexit.c.obj                 4      0         0      
    +--+------------------------------+------+---------+---------+
       Total:                         4      0         0      
                                                              
       Stack:                         0      0         64     
    +--+------------------------------+------+---------+---------+
       Grand Total:                   734    216       64     


GLOBAL SYMBOLS: SORTED ALPHABETICALLY BY Name 

address   name                        
-------   ----                        
0000039d  ADC0_IRQHandler             
00000390  C$$EXIT                     
00000381  DL_Common_delayCycles       
000001b9  DL_SPI_init                 
0000035d  DL_SPI_setClockConfig       
00000271  DL_SPI_transmitDataBlocking8
00000171  DL_UART_init                
0000036f  DL_UART_setClockConfig      
000002a1  DL_UART_transmitDataBlocking
0000039d  DMA_IRQHandler              
0000039d  Default_Handler             
0000039d  GPIOA_IRQHandler            
0000039d  GROUP0_IRQHandler           
00000391  HOSTexit                    
0000039d  HardFault_Handler           
0000039d  I2C0_IRQHandler             
0000039d  NMI_Handler                 
0000039d  PendSV_Handler              
00000395  Reset_Handler               
0000039d  SPI0_IRQHandler             
0000039d  SVC_Handler                 
000002d1  SYSCFG_DL_GPIO_init         
00000125  SYSCFG_DL_SPI_0_init        
00000301  SYSCFG_DL_SYSCTL_init       
000000c1  SYSCFG_DL_UART_0_init       
00000345  SYSCFG_DL_init              
0000023d  SYSCFG_DL_initPower         
0000039d  SysTick_Handler             
0000039d  TIMA0_IRQHandler            
0000039d  TIMG14_IRQHandler           
0000039d  TIMG8_IRQHandler            
0000039d  UART0_IRQHandler            
20000400  __STACK_END                 
00000040  __STACK_SIZE                
00000000  __TI_ATRegion0_region_sz    
00000000  __TI_ATRegion0_src_addr     
00000000  __TI_ATRegion0_trg_addr     
00000000  __TI_ATRegion1_region_sz    
00000000  __TI_ATRegion1_src_addr     
00000000  __TI_ATRegion1_trg_addr     
00000000  __TI_ATRegion2_region_sz    
00000000  __TI_ATRegion2_src_addr     
00000000  __TI_ATRegion2_trg_addr     
00000000  __TI_CINIT_Base             
00000000  __TI_CINIT_Limit            
00000000  __TI_CINIT_Warm             
ffffffff  __TI_pprof_out_hndl         
ffffffff  __TI_prof_data_size         
ffffffff  __TI_prof_data_start        
00000000  __TI_static_base__          
ffffffff  __binit__                   
UNDEFED   __mpu_init                  
200003c0  __stack                     
20000000  __start___llvm_prf_bits     
20000000  __start___llvm_prf_cnts     
20000000  __stop___llvm_prf_bits      
20000000  __stop___llvm_prf_cnts      
00000325  _c_int00_noinit_noargs      
00000399  _system_pre_init            
0000038b  abort                       
ffffffff  binit                       
00000000  interruptVectors            
000001fd  main                        


GLOBAL SYMBOLS: SORTED BY Symbol Address 

address   name                        
-------   ----                        
00000000  __TI_ATRegion0_region_sz    
00000000  __TI_ATRegion0_src_addr     
00000000  __TI_ATRegion0_trg_addr     
00000000  __TI_ATRegion1_region_sz    
00000000  __TI_ATRegion1_src_addr     
00000000  __TI_ATRegion1_trg_addr     
00000000  __TI_ATRegion2_region_sz    
00000000  __TI_ATRegion2_src_addr     
00000000  __TI_ATRegion2_trg_addr     
00000000  __TI_CINIT_Base             
00000000  __TI_CINIT_Limit            
00000000  __TI_CINIT_Warm             
00000000  __TI_static_base__          
00000000  interruptVectors            
00000040  __STACK_SIZE                
000000c1  SYSCFG_DL_UART_0_init       
00000125  SYSCFG_DL_SPI_0_init        
00000171  DL_UART_init                
000001b9  DL_SPI_init                 
000001fd  main                        
0000023d  SYSCFG_DL_initPower         
00000271  DL_SPI_transmitDataBlocking8
000002a1  DL_UART_transmitDataBlocking
000002d1  SYSCFG_DL_GPIO_init         
00000301  SYSCFG_DL_SYSCTL_init       
00000325  _c_int00_noinit_noargs      
00000345  SYSCFG_DL_init              
0000035d  DL_SPI_setClockConfig       
0000036f  DL_UART_setClockConfig      
00000381  DL_Common_delayCycles       
0000038b  abort                       
00000390  C$$EXIT                     
00000391  HOSTexit                    
00000395  Reset_Handler               
00000399  _system_pre_init            
0000039d  ADC0_IRQHandler             
0000039d  DMA_IRQHandler              
0000039d  Default_Handler             
0000039d  GPIOA_IRQHandler            
0000039d  GROUP0_IRQHandler           
0000039d  HardFault_Handler           
0000039d  I2C0_IRQHandler             
0000039d  NMI_Handler                 
0000039d  PendSV_Handler              
0000039d  SPI0_IRQHandler             
0000039d  SVC_Handler                 
0000039d  SysTick_Handler             
0000039d  TIMA0_IRQHandler            
0000039d  TIMG14_IRQHandler           
0000039d  TIMG8_IRQHandler            
0000039d  UART0_IRQHandler            
20000000  __start___llvm_prf_bits     
20000000  __start___llvm_prf_cnts     
20000000  __stop___llvm_prf_bits      
20000000  __stop___llvm_prf_cnts      
200003c0  __stack                     
20000400  __STACK_END                 
ffffffff  __TI_pprof_out_hndl         
ffffffff  __TI_prof_data_size         
ffffffff  __TI_prof_data_start        
ffffffff  __binit__                   
ffffffff  binit                       
UNDEFED   __mpu_init                  

[63 symbols]
