******************************************************************************
            TI ARM Clang Linker PC v4.0.4                      
******************************************************************************
>> Linked Wed Mar 11 12:31:23 2026

OUTPUT FILE NAME:   <DTCP_Firmware.out>
ENTRY POINT SYMBOL: "_c_int00_noargs"  address: 000016cd


MEMORY CONFIGURATION

         name            origin    length      used     unused   attr    fill
----------------------  --------  ---------  --------  --------  ----  --------
  FLASH                 00000000   00004000  00001a58  000025a8  R  X
  SRAM                  20000000   00000400  00000248  000001b8  RW X
  BCR_CONFIG            41c00000   000000ff  00000000  000000ff  R   


SEGMENT ALLOCATION MAP

run origin  load origin   length   init length attrs members
----------  ----------- ---------- ----------- ----- -------
00000000    00000000    000018d8   000018d8    r-x
  00000000    00000000    000000c0   000000c0    r-- .intvecs
  000000c0    000000c0    00001818   00001818    r-x .text
000018e0    000018e0    00000180   00000180    r--
  000018e0    000018e0    00000150   00000150    r-- .rodata
  00001a30    00001a30    00000030   00000030    r-- .cinit
20000000    20000000    00000208   00000000    rw-
  20000000    20000000    00000204   00000000    rw- .bss
  20000204    20000204    00000004   00000000    rw- .data
200003c0    200003c0    00000040   00000000    rw-
  200003c0    200003c0    00000040   00000000    rw- .stack


SECTION ALLOCATION MAP

 output                                  attributes/
section   page    origin      length       input sections
--------  ----  ----------  ----------   ----------------
.intvecs   0    00000000    000000c0     
                  00000000    000000c0     startup_mspm0c110x_ticlang.o (.intvecs)

.text      0    000000c0    00001818     
                  000000c0    00000868     libc.a : _printfi.c.obj (.text:__TI_printfi_nofloat)
                  00000928    0000010c     libclang_rt.builtins.a : divdf3.S.obj (.text.__divdf3)
                  00000a34    000000e4                            : muldf3.S.obj (.text.__muldf3)
                  00000b18    000000d8                            : addsf3.S.obj (.text)
                  00000bf0    000000cc     main.o (.text.main)
                  00000cbc    000000a8     ads1299.o (.text.ADS1299_read_data_channel_2)
                  00000d64    000000a4     ads1299.o (.text.ADS1299_init)
                  00000e08    000000a2     libclang_rt.builtins.a : udivmoddi4.S.obj (.text)
                  00000eaa    0000009a     libc.a : memcpy16.S.obj (.text:memcpy)
                  00000f44    00000098     ads1299.o (.text.ADS1299_write_registers)
                  00000fdc    0000008c     libclang_rt.builtins.a : mulsf3.S.obj (.text.__mulsf3)
                  00001068    0000007c     libc.a : copy_decompress_lzss.c.obj (.text:decompress:lzss)
                  000010e4    00000062            : memset16.S.obj (.text:memset)
                  00001146    00000002     startup_mspm0c110x_ticlang.o (.text.Default_Handler)
                  00001148    00000060     ti_msp_dl_config.o (.text.SYSCFG_DL_UART_0_init)
                  000011a8    00000060     main.o (.text.UART_transmit_voltage)
                  00001208    0000005c     ti_msp_dl_config.o (.text.SYSCFG_DL_GPIO_init)
                  00001264    0000004c     ti_msp_dl_config.o (.text.SYSCFG_DL_SPI_0_init)
                  000012b0    0000004c     libc.a : snprintf.c.obj (.text.snprintf)
                  000012fc    00000048     driverlib.a : dl_uart.o (.text.DL_UART_init)
                  00001344    00000044     ads1299.o (.text.ADS1299_transmit_cmd)
                  00001388    00000044     driverlib.a : dl_spi.o (.text.DL_SPI_init)
                  000013cc    00000042     libclang_rt.builtins.a : fixunsdfsi.S.obj (.text.__fixunsdfsi)
                  0000140e    00000002                            : aeabi_div0.c.obj (.text.__aeabi_idiv0)
                  00001410    00000040                            : aeabi_uidivmod.S.obj (.text.__aeabi_uidivmod)
                  00001450    00000040     libc.a : atoi.c.obj (.text.atoi)
                  00001490    0000003c     libclang_rt.builtins.a : floatsisf.S.obj (.text.__floatsisf)
                  000014cc    0000003c     libc.a : autoinit.c.obj (.text:__TI_auto_init_nobinit_nopinit)
                  00001508    0000003a     libclang_rt.builtins.a : muldsi3.S.obj (.text.__muldsi3)
                  00001542    00000002                            : aeabi_div0.c.obj (.text.__aeabi_ldiv0)
                  00001544    00000038                            : fixsfsi.S.obj (.text.__fixsfsi)
                  0000157c    00000034     ti_msp_dl_config.o (.text.SYSCFG_DL_initPower)
                  000015b0    00000034     main.o (.text.delay_ms)
                  000015e4    00000030     driverlib.a : dl_spi.o (.text.DL_SPI_transmitDataBlocking8)
                  00001614    00000030                 : dl_uart.o (.text.DL_UART_transmitDataBlocking)
                  00001644    00000030     libc.a : snprintf.c.obj (.text._outs)
                  00001674    0000002c     main.o (.text.UART_transmitString)
                  000016a0    0000002c     libclang_rt.builtins.a : floatsidf.S.obj (.text.__floatsidf)
                  000016cc    00000028     libc.a : boot_cortex_m.c.obj (.text:_c_int00_noargs)
                  000016f4    00000024     ti_msp_dl_config.o (.text.SYSCFG_DL_SYSCTL_init)
                  00001718    00000024     libclang_rt.builtins.a : muldi3.S.obj (.text.__muldi3)
                  0000173c    00000022     libc.a : memccpy.c.obj (.text.memccpy)
                  0000175e    00000002     --HOLE-- [fill = 0]
                  00001760    0000001e     libclang_rt.builtins.a : ashldi3.S.obj (.text.__ashldi3)
                  0000177e    00000002     --HOLE-- [fill = 0]
                  00001780    00000018     ads1299.o (.text.DL_GPIO_setPins)
                  00001798    00000018     ti_msp_dl_config.o (.text.SYSCFG_DL_init)
                  000017b0    00000018     libc.a : snprintf.c.obj (.text._outc)
                  000017c8    00000016     main.o (.text.DL_GPIO_readPins)
                  000017de    00000016     libc.a : copy_zero_init.c.obj (.text:decompress:ZI:__TI_zero_init_nomemset)
                  000017f4    00000014     ads1299.o (.text.DL_GPIO_clearPins)
                  00001808    00000014     ads1299.o (.text.DL_SPI_receiveData8)
                  0000181c    00000014     libclang_rt.builtins.a : aeabi_uldivmod.S.obj (.text.__aeabi_uldivmod)
                  00001830    00000012     driverlib.a : dl_spi.o (.text.DL_SPI_setClockConfig)
                  00001842    00000012                 : dl_uart.o (.text.DL_UART_setClockConfig)
                  00001854    00000012     libc.a : copy_decompress_none.c.obj (.text:decompress:none)
                  00001866    00000010     ads1299.o (.text.ADS1299_start_conversions)
                  00001876    00000010     libc.a : wcslen.c.obj (.text.wcslen)
                  00001886    00000002     --HOLE-- [fill = 0]
                  00001888    0000000e     libclang_rt.builtins.a : aeabi_memset.S.obj (.text.__aeabi_memset)
                  00001896    0000000e     libc.a : _printfi.c.obj (.text.strlen)
                  000018a4    0000000a     driverlib.a : dl_common.o (.text.DL_Common_delayCycles)
                  000018ae    00000002     --HOLE-- [fill = 0]
                  000018b0    00000008     libc.a : aeabi_portable.c.obj (.text.__aeabi_errno_addr)
                  000018b8    00000008     libclang_rt.builtins.a : aeabi_memcpy.S.obj (.text.__aeabi_memcpy)
                  000018c0    00000006     libc.a : exit.c.obj (.text:abort)
                  000018c6    00000004     libsysbm.a : hostexit.c.obj (.text.HOSTexit)
                  000018ca    00000004     startup_mspm0c110x_ticlang.o (.text.Reset_Handler)
                  000018ce    00000004     libc.a : pre_init.c.obj (.text._system_pre_init)
                  000018d2    00000006     --HOLE-- [fill = 0]

.cinit     0    00001a30    00000030     
                  00001a30    0000000c     (__TI_handler_table)
                  00001a3c    00000008     (.cinit..bss.load) [load image, compression = zero_init]
                  00001a44    00000007     (.cinit..data.load) [load image, compression = lzss]
                  00001a4b    00000001     --HOLE-- [fill = 0]
                  00001a4c    00000010     (__TI_cinit_table)
                  00001a5c    00000004     --HOLE-- [fill = 0]

.rodata    0    000018e0    00000150     
                  000018e0    00000101     libc.a : aeabi_ctype.S.obj (.rodata:__aeabi_ctype_table_)
                  000019e1    00000011            : _printfi.c.obj (.rodata.str1.10348868589481759720.1)
                  000019f2    00000011            : _printfi.c.obj (.rodata.str1.15363888844622738466.1)
                  00001a03    00000001     --HOLE-- [fill = 0]
                  00001a04    0000000a     ti_msp_dl_config.o (.rodata.gSPI_0_config)
                  00001a0e    0000000a     ti_msp_dl_config.o (.rodata.gUART_0Config)
                  00001a18    0000000a     main.o (.rodata.str1.15159059442110792349.1)
                  00001a22    00000002     ti_msp_dl_config.o (.rodata.gSPI_0_clockConfig)
                  00001a24    00000002     ti_msp_dl_config.o (.rodata.gUART_0ClockConfig)
                  00001a26    0000000a     --HOLE-- [fill = 0]

.init_array 
*          0    00000000    00000000     UNINITIALIZED

.binit     0    00000000    00000000     

.bss       0    20000000    00000204     UNINITIALIZED
                  20000000    00000200     (.common:voltages)
                  20000200    00000004     (.common:voltage)

.data      0    20000204    00000004     UNINITIALIZED
                  20000204    00000004     libc.a : aeabi_portable.c.obj (.data.__aeabi_errno)

.stack     0    200003c0    00000040     UNINITIALIZED
                  200003c0    00000004     libc.a : boot_cortex_m.c.obj (.stack)
                  200003c4    0000003c     --HOLE--

__llvm_prf_cnts 
*          0    20000000    00000000     UNINITIALIZED

__llvm_prf_bits 
*          0    20000000    00000000     UNINITIALIZED

MODULE SUMMARY

       Module                         code   ro data   rw data
       ------                         ----   -------   -------
    .\
       main.o                         418    10        516    
       ti_msp_dl_config.o             376    24        0      
       startup_mspm0c110x_ticlang.o   6      192       0      
    +--+------------------------------+------+---------+---------+
       Total:                         800    226       516    
                                                              
    .\src\
       ads1299.o                      632    0         0      
    +--+------------------------------+------+---------+---------+
       Total:                         632    0         0      
                                                              
    C:/ti/mspm0_sdk_2_07_00_05/source/ti/driverlib/lib/ticlang/m0p/mspm0c110x/driverlib.a
       dl_uart.o                      138    0         0      
       dl_spi.o                       134    0         0      
       dl_common.o                    10     0         0      
    +--+------------------------------+------+---------+---------+
       Total:                         282    0         0      
                                                              
    C:\ti\ccs2031\ccs\tools\compiler\ti-cgt-armllvm_4.0.4.LTS\lib\armv6m-ti-none-eabi/c/libc.a
       _printfi.c.obj                 2166   34        0      
       aeabi_ctype.S.obj              0      257       0      
       memcpy16.S.obj                 154    0         0      
       snprintf.c.obj                 148    0         0      
       copy_decompress_lzss.c.obj     124    0         0      
       memset16.S.obj                 98     0         0      
       atoi.c.obj                     64     0         0      
       autoinit.c.obj                 60     0         0      
       boot_cortex_m.c.obj            40     0         0      
       memccpy.c.obj                  34     0         0      
       copy_zero_init.c.obj           22     0         0      
       copy_decompress_none.c.obj     18     0         0      
       wcslen.c.obj                   16     0         0      
       aeabi_portable.c.obj           8      0         4      
       exit.c.obj                     6      0         0      
       pre_init.c.obj                 4      0         0      
    +--+------------------------------+------+---------+---------+
       Total:                         2962   291       4      
                                                              
    C:\ti\ccs2031\ccs\tools\compiler\ti-cgt-armllvm_4.0.4.LTS\lib\armv6m-ti-none-eabi/c/libsysbm.a
       hostexit.c.obj                 4      0         0      
    +--+------------------------------+------+---------+---------+
       Total:                         4      0         0      
                                                              
    C:\ti\ccs2031\ccs\tools\compiler\ti-cgt-armllvm_4.0.4.LTS\lib\armv6m-ti-none-eabi/libclang_rt.builtins.a
       divdf3.S.obj                   268    0         0      
       muldf3.S.obj                   228    0         0      
       addsf3.S.obj                   216    0         0      
       udivmoddi4.S.obj               162    0         0      
       mulsf3.S.obj                   140    0         0      
       fixunsdfsi.S.obj               66     0         0      
       aeabi_uidivmod.S.obj           64     0         0      
       floatsisf.S.obj                60     0         0      
       muldsi3.S.obj                  58     0         0      
       fixsfsi.S.obj                  56     0         0      
       floatsidf.S.obj                44     0         0      
       muldi3.S.obj                   36     0         0      
       ashldi3.S.obj                  30     0         0      
       aeabi_uldivmod.S.obj           20     0         0      
       aeabi_memset.S.obj             14     0         0      
       aeabi_memcpy.S.obj             8      0         0      
       aeabi_div0.c.obj               4      0         0      
    +--+------------------------------+------+---------+---------+
       Total:                         1474   0         0      
                                                              
       Stack:                         0      0         64     
       Linker Generated:              0      43        0      
    +--+------------------------------+------+---------+---------+
       Grand Total:                   6154   560       584    


LINKER GENERATED COPY TABLES

__TI_cinit_table @ 00001a4c records: 2, size/record: 8, table size: 16
	.bss: load addr=00001a3c, load size=00000008 bytes, run addr=20000000, run size=00000204 bytes, compression=zero_init
	.data: load addr=00001a44, load size=00000007 bytes, run addr=20000204, run size=00000004 bytes, compression=lzss


LINKER GENERATED HANDLER TABLE

__TI_handler_table @ 00001a30 records: 3, size/record: 4, table size: 12
	index: 0, handler: __TI_decompress_lzss
	index: 1, handler: __TI_decompress_none
	index: 2, handler: __TI_zero_init


GLOBAL SYMBOLS: SORTED ALPHABETICALLY BY Name 

address   name                          
-------   ----                          
00001147  ADC0_IRQHandler               
00000d65  ADS1299_init                  
00000cbd  ADS1299_read_data_channel_2   
00001867  ADS1299_start_conversions     
00001345  ADS1299_transmit_cmd          
00000f45  ADS1299_write_registers       
000018c6  C$$EXIT                       
000018a5  DL_Common_delayCycles         
00001389  DL_SPI_init                   
00001831  DL_SPI_setClockConfig         
000015e5  DL_SPI_transmitDataBlocking8  
000012fd  DL_UART_init                  
00001843  DL_UART_setClockConfig        
00001615  DL_UART_transmitDataBlocking  
00001147  DMA_IRQHandler                
00001147  Default_Handler               
00001147  GPIOA_IRQHandler              
00001147  GROUP0_IRQHandler             
000018c7  HOSTexit                      
00001147  HardFault_Handler             
00001147  I2C0_IRQHandler               
00001147  NMI_Handler                   
00001147  PendSV_Handler                
000018cb  Reset_Handler                 
00001147  SPI0_IRQHandler               
00001147  SVC_Handler                   
00001209  SYSCFG_DL_GPIO_init           
00001265  SYSCFG_DL_SPI_0_init          
000016f5  SYSCFG_DL_SYSCTL_init         
00001149  SYSCFG_DL_UART_0_init         
00001799  SYSCFG_DL_init                
0000157d  SYSCFG_DL_initPower           
00001147  SysTick_Handler               
00001147  TIMA0_IRQHandler              
00001147  TIMG14_IRQHandler             
00001147  TIMG8_IRQHandler              
00001147  UART0_IRQHandler              
00001675  UART_transmitString           
000011a9  UART_transmit_voltage         
20000400  __STACK_END                   
00000040  __STACK_SIZE                  
00000000  __TI_ATRegion0_region_sz      
00000000  __TI_ATRegion0_src_addr       
00000000  __TI_ATRegion0_trg_addr       
00000000  __TI_ATRegion1_region_sz      
00000000  __TI_ATRegion1_src_addr       
00000000  __TI_ATRegion1_trg_addr       
00000000  __TI_ATRegion2_region_sz      
00000000  __TI_ATRegion2_src_addr       
00000000  __TI_ATRegion2_trg_addr       
00001a4c  __TI_CINIT_Base               
00001a5c  __TI_CINIT_Limit              
00001a5c  __TI_CINIT_Warm               
00001a30  __TI_Handler_Table_Base       
00001a3c  __TI_Handler_Table_Limit      
000014cd  __TI_auto_init_nobinit_nopinit
00001069  __TI_decompress_lzss          
00001855  __TI_decompress_none          
ffffffff  __TI_pprof_out_hndl           
000000c1  __TI_printfi_nofloat          
ffffffff  __TI_prof_data_size           
ffffffff  __TI_prof_data_start          
00000000  __TI_static_base__            
000017df  __TI_zero_init_nomemset       
00000b23  __addsf3                      
000018e0  __aeabi_ctype_table_          
000018e0  __aeabi_ctype_table_C         
000013cd  __aeabi_d2uiz                 
00000929  __aeabi_ddiv                  
00000a35  __aeabi_dmul                  
20000204  __aeabi_errno                 
000018b1  __aeabi_errno_addr            
00001545  __aeabi_f2iz                  
00000b23  __aeabi_fadd                  
00000fdd  __aeabi_fmul                  
00000b19  __aeabi_fsub                  
000016a1  __aeabi_i2d                   
00001491  __aeabi_i2f                   
0000140f  __aeabi_idiv0                 
00001543  __aeabi_ldiv0                 
00001761  __aeabi_llsl                  
00001719  __aeabi_lmul                  
000018b9  __aeabi_memcpy                
000018b9  __aeabi_memcpy4               
000018b9  __aeabi_memcpy8               
00001889  __aeabi_memset                
00001889  __aeabi_memset4               
00001889  __aeabi_memset8               
00001411  __aeabi_uidiv                 
00001411  __aeabi_uidivmod              
0000181d  __aeabi_uldivmod              
00001761  __ashldi3                     
ffffffff  __binit__                     
00000929  __divdf3                      
00001545  __fixsfsi                     
000013cd  __fixunsdfsi                  
000016a1  __floatsidf                   
00001491  __floatsisf                   
UNDEFED   __mpu_init                    
00000a35  __muldf3                      
00001719  __muldi3                      
00001509  __muldsi3                     
00000fdd  __mulsf3                      
200003c0  __stack                       
20000000  __start___llvm_prf_bits       
20000000  __start___llvm_prf_cnts       
20000000  __stop___llvm_prf_bits        
20000000  __stop___llvm_prf_cnts        
00000b19  __subsf3                      
00000e09  __udivmoddi4                  
000016cd  _c_int00_noargs               
UNDEFED   _system_post_cinit            
000018cf  _system_pre_init              
000018c1  abort                         
00001451  atoi                          
ffffffff  binit                         
000015b1  delay_ms                      
00000000  interruptVectors              
00000bf1  main                          
0000173d  memccpy                       
00000eab  memcpy                        
000010e5  memset                        
000012b1  snprintf                      
20000200  voltage                       
20000000  voltages                      
00001877  wcslen                        


GLOBAL SYMBOLS: SORTED BY Symbol Address 

address   name                          
-------   ----                          
00000000  __TI_ATRegion0_region_sz      
00000000  __TI_ATRegion0_src_addr       
00000000  __TI_ATRegion0_trg_addr       
00000000  __TI_ATRegion1_region_sz      
00000000  __TI_ATRegion1_src_addr       
00000000  __TI_ATRegion1_trg_addr       
00000000  __TI_ATRegion2_region_sz      
00000000  __TI_ATRegion2_src_addr       
00000000  __TI_ATRegion2_trg_addr       
00000000  __TI_static_base__            
00000000  interruptVectors              
00000040  __STACK_SIZE                  
000000c1  __TI_printfi_nofloat          
00000929  __aeabi_ddiv                  
00000929  __divdf3                      
00000a35  __aeabi_dmul                  
00000a35  __muldf3                      
00000b19  __aeabi_fsub                  
00000b19  __subsf3                      
00000b23  __addsf3                      
00000b23  __aeabi_fadd                  
00000bf1  main                          
00000cbd  ADS1299_read_data_channel_2   
00000d65  ADS1299_init                  
00000e09  __udivmoddi4                  
00000eab  memcpy                        
00000f45  ADS1299_write_registers       
00000fdd  __aeabi_fmul                  
00000fdd  __mulsf3                      
00001069  __TI_decompress_lzss          
000010e5  memset                        
00001147  ADC0_IRQHandler               
00001147  DMA_IRQHandler                
00001147  Default_Handler               
00001147  GPIOA_IRQHandler              
00001147  GROUP0_IRQHandler             
00001147  HardFault_Handler             
00001147  I2C0_IRQHandler               
00001147  NMI_Handler                   
00001147  PendSV_Handler                
00001147  SPI0_IRQHandler               
00001147  SVC_Handler                   
00001147  SysTick_Handler               
00001147  TIMA0_IRQHandler              
00001147  TIMG14_IRQHandler             
00001147  TIMG8_IRQHandler              
00001147  UART0_IRQHandler              
00001149  SYSCFG_DL_UART_0_init         
000011a9  UART_transmit_voltage         
00001209  SYSCFG_DL_GPIO_init           
00001265  SYSCFG_DL_SPI_0_init          
000012b1  snprintf                      
000012fd  DL_UART_init                  
00001345  ADS1299_transmit_cmd          
00001389  DL_SPI_init                   
000013cd  __aeabi_d2uiz                 
000013cd  __fixunsdfsi                  
0000140f  __aeabi_idiv0                 
00001411  __aeabi_uidiv                 
00001411  __aeabi_uidivmod              
00001451  atoi                          
00001491  __aeabi_i2f                   
00001491  __floatsisf                   
000014cd  __TI_auto_init_nobinit_nopinit
00001509  __muldsi3                     
00001543  __aeabi_ldiv0                 
00001545  __aeabi_f2iz                  
00001545  __fixsfsi                     
0000157d  SYSCFG_DL_initPower           
000015b1  delay_ms                      
000015e5  DL_SPI_transmitDataBlocking8  
00001615  DL_UART_transmitDataBlocking  
00001675  UART_transmitString           
000016a1  __aeabi_i2d                   
000016a1  __floatsidf                   
000016cd  _c_int00_noargs               
000016f5  SYSCFG_DL_SYSCTL_init         
00001719  __aeabi_lmul                  
00001719  __muldi3                      
0000173d  memccpy                       
00001761  __aeabi_llsl                  
00001761  __ashldi3                     
00001799  SYSCFG_DL_init                
000017df  __TI_zero_init_nomemset       
0000181d  __aeabi_uldivmod              
00001831  DL_SPI_setClockConfig         
00001843  DL_UART_setClockConfig        
00001855  __TI_decompress_none          
00001867  ADS1299_start_conversions     
00001877  wcslen                        
00001889  __aeabi_memset                
00001889  __aeabi_memset4               
00001889  __aeabi_memset8               
000018a5  DL_Common_delayCycles         
000018b1  __aeabi_errno_addr            
000018b9  __aeabi_memcpy                
000018b9  __aeabi_memcpy4               
000018b9  __aeabi_memcpy8               
000018c1  abort                         
000018c6  C$$EXIT                       
000018c7  HOSTexit                      
000018cb  Reset_Handler                 
000018cf  _system_pre_init              
000018e0  __aeabi_ctype_table_          
000018e0  __aeabi_ctype_table_C         
00001a30  __TI_Handler_Table_Base       
00001a3c  __TI_Handler_Table_Limit      
00001a4c  __TI_CINIT_Base               
00001a5c  __TI_CINIT_Limit              
00001a5c  __TI_CINIT_Warm               
20000000  __start___llvm_prf_bits       
20000000  __start___llvm_prf_cnts       
20000000  __stop___llvm_prf_bits        
20000000  __stop___llvm_prf_cnts        
20000000  voltages                      
20000200  voltage                       
20000204  __aeabi_errno                 
200003c0  __stack                       
20000400  __STACK_END                   
ffffffff  __TI_pprof_out_hndl           
ffffffff  __TI_prof_data_size           
ffffffff  __TI_prof_data_start          
ffffffff  __binit__                     
ffffffff  binit                         
UNDEFED   __mpu_init                    
UNDEFED   _system_post_cinit            

[126 symbols]
