******************************************************************************
            TI ARM Clang Linker PC v4.0.4                      
******************************************************************************
>> Linked Wed Nov 12 22:25:20 2025

OUTPUT FILE NAME:   <DTCP_Firmware.out>
ENTRY POINT SYMBOL: "_c_int00_noinit_noargs"  address: 00000105


MEMORY CONFIGURATION

         name            origin    length      used     unused   attr    fill
----------------------  --------  ---------  --------  --------  ----  --------
  FLASH                 00000000   00004000  00000160  00003ea0  R  X
  SRAM                  20000000   00000400  00000040  000003c0  RW X
  BCR_CONFIG            41c00000   000000ff  00000000  000000ff  R   


SEGMENT ALLOCATION MAP

run origin  load origin   length   init length attrs members
----------  ----------- ---------- ----------- ----- -------
00000000    00000000    00000160   00000160    r-x
  00000000    00000000    000000c0   000000c0    r-- .intvecs
  000000c0    000000c0    000000a0   000000a0    r-x .text
200003c0    200003c0    00000040   00000000    rw-
  200003c0    200003c0    00000040   00000000    rw- .stack


SECTION ALLOCATION MAP

 output                                  attributes/
section   page    origin      length       input sections
--------  ----  ----------  ----------   ----------------
.intvecs   0    00000000    000000c0     
                  00000000    000000c0     startup_mspm0c110x_ticlang.o (.intvecs)

.text      0    000000c0    000000a0     
                  000000c0    00000024     ti_msp_dl_config.o (.text.SYSCFG_DL_SYSCTL_init)
                  000000e4    00000020     ti_msp_dl_config.o (.text.SYSCFG_DL_initPower)
                  00000104    00000020     libc.a : boot_cortex_m.c.obj (.text:_c_int00_noinit_noargs)
                  00000124    00000010     ti_msp_dl_config.o (.text.SYSCFG_DL_init)
                  00000134    0000000a     driverlib.a : dl_common.o (.text.DL_Common_delayCycles)
                  0000013e    00000006     empty.o (.text.main)
                  00000144    00000006     libc.a : exit.c.obj (.text:abort)
                  0000014a    00000004     libsysbm.a : hostexit.c.obj (.text.HOSTexit)
                  0000014e    00000004     startup_mspm0c110x_ticlang.o (.text.Reset_Handler)
                  00000152    00000004     libc.a : pre_init.c.obj (.text._system_pre_init)
                  00000156    00000002     startup_mspm0c110x_ticlang.o (.text.Default_Handler)
                  00000158    00000002     ti_msp_dl_config.o (.text.SYSCFG_DL_GPIO_init)
                  0000015a    00000006     --HOLE-- [fill = 0]

.cinit     0    00000000    00000000     

.init_array 
*          0    00000000    00000000     UNINITIALIZED

.binit     0    00000000    00000000     

.stack     0    200003c0    00000040     UNINITIALIZED
                  200003c0    00000004     libc.a : boot_cortex_m.c.obj (.stack)
                  200003c4    0000003c     --HOLE--

__llvm_prf_cnts 
*          0    20000000    00000000     UNINITIALIZED

__llvm_prf_bits 
*          0    20000000    00000000     UNINITIALIZED

MODULE SUMMARY

       Module                         code   ro data   rw data
       ------                         ----   -------   -------
    .\
       startup_mspm0c110x_ticlang.o   6      192       0      
       ti_msp_dl_config.o             86     0         0      
       empty.o                        6      0         0      
    +--+------------------------------+------+---------+---------+
       Total:                         98     192       0      
                                                              
    C:/ti/mspm0_sdk_2_07_00_05/source/ti/driverlib/lib/ticlang/m0p/mspm0c110x/driverlib.a
       dl_common.o                    10     0         0      
    +--+------------------------------+------+---------+---------+
       Total:                         10     0         0      
                                                              
    C:\ti\ccs2031\ccs\tools\compiler\ti-cgt-armllvm_4.0.4.LTS\lib\armv6m-ti-none-eabi/c/libc.a
       boot_cortex_m.c.obj            32     0         0      
       exit.c.obj                     6      0         0      
       pre_init.c.obj                 4      0         0      
    +--+------------------------------+------+---------+---------+
       Total:                         42     0         0      
                                                              
    C:\ti\ccs2031\ccs\tools\compiler\ti-cgt-armllvm_4.0.4.LTS\lib\armv6m-ti-none-eabi/c/libsysbm.a
       hostexit.c.obj                 4      0         0      
    +--+------------------------------+------+---------+---------+
       Total:                         4      0         0      
                                                              
       Stack:                         0      0         64     
    +--+------------------------------+------+---------+---------+
       Grand Total:                   154    192       64     


GLOBAL SYMBOLS: SORTED ALPHABETICALLY BY Name 

address   name                    
-------   ----                    
00000157  ADC0_IRQHandler         
0000014a  C$$EXIT                 
00000135  DL_Common_delayCycles   
00000157  DMA_IRQHandler          
00000157  Default_Handler         
00000157  GPIOA_IRQHandler        
00000157  GROUP0_IRQHandler       
0000014b  HOSTexit                
00000157  HardFault_Handler       
00000157  I2C0_IRQHandler         
00000157  NMI_Handler             
00000157  PendSV_Handler          
0000014f  Reset_Handler           
00000157  SPI0_IRQHandler         
00000157  SVC_Handler             
00000159  SYSCFG_DL_GPIO_init     
000000c1  SYSCFG_DL_SYSCTL_init   
00000125  SYSCFG_DL_init          
000000e5  SYSCFG_DL_initPower     
00000157  SysTick_Handler         
00000157  TIMA0_IRQHandler        
00000157  TIMG14_IRQHandler       
00000157  TIMG8_IRQHandler        
00000157  UART0_IRQHandler        
20000400  __STACK_END             
00000040  __STACK_SIZE            
00000000  __TI_ATRegion0_region_sz
00000000  __TI_ATRegion0_src_addr 
00000000  __TI_ATRegion0_trg_addr 
00000000  __TI_ATRegion1_region_sz
00000000  __TI_ATRegion1_src_addr 
00000000  __TI_ATRegion1_trg_addr 
00000000  __TI_ATRegion2_region_sz
00000000  __TI_ATRegion2_src_addr 
00000000  __TI_ATRegion2_trg_addr 
00000000  __TI_CINIT_Base         
00000000  __TI_CINIT_Limit        
00000000  __TI_CINIT_Warm         
ffffffff  __TI_pprof_out_hndl     
ffffffff  __TI_prof_data_size     
ffffffff  __TI_prof_data_start    
00000000  __TI_static_base__      
ffffffff  __binit__               
UNDEFED   __mpu_init              
200003c0  __stack                 
20000000  __start___llvm_prf_bits 
20000000  __start___llvm_prf_cnts 
20000000  __stop___llvm_prf_bits  
20000000  __stop___llvm_prf_cnts  
00000105  _c_int00_noinit_noargs  
00000153  _system_pre_init        
00000145  abort                   
ffffffff  binit                   
00000000  interruptVectors        
0000013f  main                    


GLOBAL SYMBOLS: SORTED BY Symbol Address 

address   name                    
-------   ----                    
00000000  __TI_ATRegion0_region_sz
00000000  __TI_ATRegion0_src_addr 
00000000  __TI_ATRegion0_trg_addr 
00000000  __TI_ATRegion1_region_sz
00000000  __TI_ATRegion1_src_addr 
00000000  __TI_ATRegion1_trg_addr 
00000000  __TI_ATRegion2_region_sz
00000000  __TI_ATRegion2_src_addr 
00000000  __TI_ATRegion2_trg_addr 
00000000  __TI_CINIT_Base         
00000000  __TI_CINIT_Limit        
00000000  __TI_CINIT_Warm         
00000000  __TI_static_base__      
00000000  interruptVectors        
00000040  __STACK_SIZE            
000000c1  SYSCFG_DL_SYSCTL_init   
000000e5  SYSCFG_DL_initPower     
00000105  _c_int00_noinit_noargs  
00000125  SYSCFG_DL_init          
00000135  DL_Common_delayCycles   
0000013f  main                    
00000145  abort                   
0000014a  C$$EXIT                 
0000014b  HOSTexit                
0000014f  Reset_Handler           
00000153  _system_pre_init        
00000157  ADC0_IRQHandler         
00000157  DMA_IRQHandler          
00000157  Default_Handler         
00000157  GPIOA_IRQHandler        
00000157  GROUP0_IRQHandler       
00000157  HardFault_Handler       
00000157  I2C0_IRQHandler         
00000157  NMI_Handler             
00000157  PendSV_Handler          
00000157  SPI0_IRQHandler         
00000157  SVC_Handler             
00000157  SysTick_Handler         
00000157  TIMA0_IRQHandler        
00000157  TIMG14_IRQHandler       
00000157  TIMG8_IRQHandler        
00000157  UART0_IRQHandler        
00000159  SYSCFG_DL_GPIO_init     
20000000  __start___llvm_prf_bits 
20000000  __start___llvm_prf_cnts 
20000000  __stop___llvm_prf_bits  
20000000  __stop___llvm_prf_cnts  
200003c0  __stack                 
20000400  __STACK_END             
ffffffff  __TI_pprof_out_hndl     
ffffffff  __TI_prof_data_size     
ffffffff  __TI_prof_data_start    
ffffffff  __binit__               
ffffffff  binit                   
UNDEFED   __mpu_init              

[55 symbols]
