******************************************************************************
            TI ARM Clang Linker PC v4.0.4                      
******************************************************************************
>> Linked Mon Nov 17 16:57:54 2025

OUTPUT FILE NAME:   <DTCP_Firmware.out>
ENTRY POINT SYMBOL: "_c_int00_noinit_noargs"  address: 00000261


MEMORY CONFIGURATION

         name            origin    length      used     unused   attr    fill
----------------------  --------  ---------  --------  --------  ----  --------
  FLASH                 00000000   00004000  000002f0  00003d10  R  X
  SRAM                  20000000   00000400  00000040  000003c0  RW X
  BCR_CONFIG            41c00000   000000ff  00000000  000000ff  R   


SEGMENT ALLOCATION MAP

run origin  load origin   length   init length attrs members
----------  ----------- ---------- ----------- ----- -------
00000000    00000000    000002f0   000002f0    r-x
  00000000    00000000    000000c0   000000c0    r-- .intvecs
  000000c0    000000c0    00000220   00000220    r-x .text
  000002e0    000002e0    00000010   00000010    r-- .rodata
200003c0    200003c0    00000040   00000000    rw-
  200003c0    200003c0    00000040   00000000    rw- .stack


SECTION ALLOCATION MAP

 output                                  attributes/
section   page    origin      length       input sections
--------  ----  ----------  ----------   ----------------
.intvecs   0    00000000    000000c0     
                  00000000    000000c0     startup_mspm0c110x_ticlang.o (.intvecs)

.text      0    000000c0    00000220     
                  000000c0    00000090     empty.o (.text.main)
                  00000150    0000004c     ti_msp_dl_config.o (.text.SYSCFG_DL_SPI_0_init)
                  0000019c    00000044     driverlib.a : dl_spi.o (.text.DL_SPI_init)
                  000001e0    00000030                 : dl_spi.o (.text.DL_SPI_transmitDataBlocking8)
                  00000210    0000002c     ti_msp_dl_config.o (.text.SYSCFG_DL_initPower)
                  0000023c    00000024     ti_msp_dl_config.o (.text.SYSCFG_DL_SYSCTL_init)
                  00000260    00000020     libc.a : boot_cortex_m.c.obj (.text:_c_int00_noinit_noargs)
                  00000280    00000018     ti_msp_dl_config.o (.text.SYSCFG_DL_GPIO_init)
                  00000298    00000014     ti_msp_dl_config.o (.text.SYSCFG_DL_init)
                  000002ac    00000012     driverlib.a : dl_spi.o (.text.DL_SPI_setClockConfig)
                  000002be    0000000a                 : dl_common.o (.text.DL_Common_delayCycles)
                  000002c8    00000006     libc.a : exit.c.obj (.text:abort)
                  000002ce    00000004     libsysbm.a : hostexit.c.obj (.text.HOSTexit)
                  000002d2    00000004     startup_mspm0c110x_ticlang.o (.text.Reset_Handler)
                  000002d6    00000004     libc.a : pre_init.c.obj (.text._system_pre_init)
                  000002da    00000002     startup_mspm0c110x_ticlang.o (.text.Default_Handler)
                  000002dc    00000004     --HOLE-- [fill = 0]

.cinit     0    00000000    00000000     

.rodata    0    000002e0    00000010     
                  000002e0    0000000a     ti_msp_dl_config.o (.rodata.gSPI_0_config)
                  000002ea    00000002     ti_msp_dl_config.o (.rodata.gSPI_0_clockConfig)
                  000002ec    00000004     --HOLE-- [fill = 0]

.init_array 
*          0    00000000    00000000     UNINITIALIZED

.binit     0    00000000    00000000     

.stack     0    200003c0    00000040     UNINITIALIZED
                  200003c0    00000004     libc.a : boot_cortex_m.c.obj (.stack)
                  200003c4    0000003c     --HOLE--

__llvm_prf_cnts 
*          0    20000000    00000000     UNINITIALIZED

__llvm_prf_bits 
*          0    20000000    00000000     UNINITIALIZED

MODULE SUMMARY

       Module                         code   ro data   rw data
       ------                         ----   -------   -------
    .\
       ti_msp_dl_config.o             200    12        0      
       startup_mspm0c110x_ticlang.o   6      192       0      
       empty.o                        144    0         0      
    +--+------------------------------+------+---------+---------+
       Total:                         350    204       0      
                                                              
    C:/ti/mspm0_sdk_2_07_00_05/source/ti/driverlib/lib/ticlang/m0p/mspm0c110x/driverlib.a
       dl_spi.o                       134    0         0      
       dl_common.o                    10     0         0      
    +--+------------------------------+------+---------+---------+
       Total:                         144    0         0      
                                                              
    C:\ti\ccs2031\ccs\tools\compiler\ti-cgt-armllvm_4.0.4.LTS\lib\armv6m-ti-none-eabi/c/libc.a
       boot_cortex_m.c.obj            32     0         0      
       exit.c.obj                     6      0         0      
       pre_init.c.obj                 4      0         0      
    +--+------------------------------+------+---------+---------+
       Total:                         42     0         0      
                                                              
    C:\ti\ccs2031\ccs\tools\compiler\ti-cgt-armllvm_4.0.4.LTS\lib\armv6m-ti-none-eabi/c/libsysbm.a
       hostexit.c.obj                 4      0         0      
    +--+------------------------------+------+---------+---------+
       Total:                         4      0         0      
                                                              
       Stack:                         0      0         64     
    +--+------------------------------+------+---------+---------+
       Grand Total:                   540    204       64     


GLOBAL SYMBOLS: SORTED ALPHABETICALLY BY Name 

address   name                        
-------   ----                        
000002db  ADC0_IRQHandler             
000002ce  C$$EXIT                     
000002bf  DL_Common_delayCycles       
0000019d  DL_SPI_init                 
000002ad  DL_SPI_setClockConfig       
000001e1  DL_SPI_transmitDataBlocking8
000002db  DMA_IRQHandler              
000002db  Default_Handler             
000002db  GPIOA_IRQHandler            
000002db  GROUP0_IRQHandler           
000002cf  HOSTexit                    
000002db  HardFault_Handler           
000002db  I2C0_IRQHandler             
000002db  NMI_Handler                 
000002db  PendSV_Handler              
000002d3  Reset_Handler               
000002db  SPI0_IRQHandler             
000002db  SVC_Handler                 
00000281  SYSCFG_DL_GPIO_init         
00000151  SYSCFG_DL_SPI_0_init        
0000023d  SYSCFG_DL_SYSCTL_init       
00000299  SYSCFG_DL_init              
00000211  SYSCFG_DL_initPower         
000002db  SysTick_Handler             
000002db  TIMA0_IRQHandler            
000002db  TIMG14_IRQHandler           
000002db  TIMG8_IRQHandler            
000002db  UART0_IRQHandler            
20000400  __STACK_END                 
00000040  __STACK_SIZE                
00000000  __TI_ATRegion0_region_sz    
00000000  __TI_ATRegion0_src_addr     
00000000  __TI_ATRegion0_trg_addr     
00000000  __TI_ATRegion1_region_sz    
00000000  __TI_ATRegion1_src_addr     
00000000  __TI_ATRegion1_trg_addr     
00000000  __TI_ATRegion2_region_sz    
00000000  __TI_ATRegion2_src_addr     
00000000  __TI_ATRegion2_trg_addr     
00000000  __TI_CINIT_Base             
00000000  __TI_CINIT_Limit            
00000000  __TI_CINIT_Warm             
ffffffff  __TI_pprof_out_hndl         
ffffffff  __TI_prof_data_size         
ffffffff  __TI_prof_data_start        
00000000  __TI_static_base__          
ffffffff  __binit__                   
UNDEFED   __mpu_init                  
200003c0  __stack                     
20000000  __start___llvm_prf_bits     
20000000  __start___llvm_prf_cnts     
20000000  __stop___llvm_prf_bits      
20000000  __stop___llvm_prf_cnts      
00000261  _c_int00_noinit_noargs      
000002d7  _system_pre_init            
000002c9  abort                       
ffffffff  binit                       
00000000  interruptVectors            
000000c1  main                        


GLOBAL SYMBOLS: SORTED BY Symbol Address 

address   name                        
-------   ----                        
00000000  __TI_ATRegion0_region_sz    
00000000  __TI_ATRegion0_src_addr     
00000000  __TI_ATRegion0_trg_addr     
00000000  __TI_ATRegion1_region_sz    
00000000  __TI_ATRegion1_src_addr     
00000000  __TI_ATRegion1_trg_addr     
00000000  __TI_ATRegion2_region_sz    
00000000  __TI_ATRegion2_src_addr     
00000000  __TI_ATRegion2_trg_addr     
00000000  __TI_CINIT_Base             
00000000  __TI_CINIT_Limit            
00000000  __TI_CINIT_Warm             
00000000  __TI_static_base__          
00000000  interruptVectors            
00000040  __STACK_SIZE                
000000c1  main                        
00000151  SYSCFG_DL_SPI_0_init        
0000019d  DL_SPI_init                 
000001e1  DL_SPI_transmitDataBlocking8
00000211  SYSCFG_DL_initPower         
0000023d  SYSCFG_DL_SYSCTL_init       
00000261  _c_int00_noinit_noargs      
00000281  SYSCFG_DL_GPIO_init         
00000299  SYSCFG_DL_init              
000002ad  DL_SPI_setClockConfig       
000002bf  DL_Common_delayCycles       
000002c9  abort                       
000002ce  C$$EXIT                     
000002cf  HOSTexit                    
000002d3  Reset_Handler               
000002d7  _system_pre_init            
000002db  ADC0_IRQHandler             
000002db  DMA_IRQHandler              
000002db  Default_Handler             
000002db  GPIOA_IRQHandler            
000002db  GROUP0_IRQHandler           
000002db  HardFault_Handler           
000002db  I2C0_IRQHandler             
000002db  NMI_Handler                 
000002db  PendSV_Handler              
000002db  SPI0_IRQHandler             
000002db  SVC_Handler                 
000002db  SysTick_Handler             
000002db  TIMA0_IRQHandler            
000002db  TIMG14_IRQHandler           
000002db  TIMG8_IRQHandler            
000002db  UART0_IRQHandler            
20000000  __start___llvm_prf_bits     
20000000  __start___llvm_prf_cnts     
20000000  __stop___llvm_prf_bits      
20000000  __stop___llvm_prf_cnts      
200003c0  __stack                     
20000400  __STACK_END                 
ffffffff  __TI_pprof_out_hndl         
ffffffff  __TI_prof_data_size         
ffffffff  __TI_prof_data_start        
ffffffff  __binit__                   
ffffffff  binit                       
UNDEFED   __mpu_init                  

[59 symbols]
