******************************************************************************
            TI ARM Clang Linker PC v4.0.4                      
******************************************************************************
>> Linked Tue Feb 17 18:05:11 2026

OUTPUT FILE NAME:   <DTCP_Firmware.out>
ENTRY POINT SYMBOL: "_c_int00_noargs"  address: 00000709


MEMORY CONFIGURATION

         name            origin    length      used     unused   attr    fill
----------------------  --------  ---------  --------  --------  ----  --------
  FLASH                 00000000   00004000  00000888  00003778  R  X
  SRAM                  20000000   00000400  0000010c  000002f4  RW X
  BCR_CONFIG            41c00000   000000ff  00000000  000000ff  R   


SEGMENT ALLOCATION MAP

run origin  load origin   length   init length attrs members
----------  ----------- ---------- ----------- ----- -------
00000000    00000000    00000888   00000888    r-x
  00000000    00000000    000000c0   000000c0    r-- .intvecs
  000000c0    000000c0    00000798   00000798    r-x .text
  00000858    00000858    00000018   00000018    r-- .rodata
  00000870    00000870    00000018   00000018    r-- .cinit
20000000    20000000    000000cc   00000000    rw-
  20000000    20000000    000000cc   00000000    rw- .bss
200003c0    200003c0    00000040   00000000    rw-
  200003c0    200003c0    00000040   00000000    rw- .stack


SECTION ALLOCATION MAP

 output                                  attributes/
section   page    origin      length       input sections
--------  ----  ----------  ----------   ----------------
.intvecs   0    00000000    000000c0     
                  00000000    000000c0     startup_mspm0c110x_ticlang.o (.intvecs)

.text      0    000000c0    00000798     
                  000000c0    000002ac     main.o (.text.main)
                  0000036c    0000008c     libclang_rt.builtins.a : mulsf3.S.obj (.text.__mulsf3)
                  000003f8    00000060     ti_msp_dl_config.o (.text.SYSCFG_DL_UART_0_init)
                  00000458    0000004c     ti_msp_dl_config.o (.text.SYSCFG_DL_GPIO_init)
                  000004a4    0000004c     ti_msp_dl_config.o (.text.SYSCFG_DL_SPI_0_init)
                  000004f0    00000048     driverlib.a : dl_uart.o (.text.DL_UART_init)
                  00000538    00000044     ads1299.o (.text.ADS1299_transmit_cmd)
                  0000057c    00000044     driverlib.a : dl_spi.o (.text.DL_SPI_init)
                  000005c0    0000003c     libclang_rt.builtins.a : floatsisf.S.obj (.text.__floatsisf)
                  000005fc    0000003c     libc.a : autoinit.c.obj (.text:__TI_auto_init_nobinit_nopinit)
                  00000638    0000003a     libclang_rt.builtins.a : muldsi3.S.obj (.text.__muldsi3)
                  00000672    00000002     startup_mspm0c110x_ticlang.o (.text.Default_Handler)
                  00000674    00000034     ti_msp_dl_config.o (.text.SYSCFG_DL_initPower)
                  000006a8    00000030     driverlib.a : dl_spi.o (.text.DL_SPI_transmitDataBlocking8)
                  000006d8    00000030                 : dl_uart.o (.text.DL_UART_transmitDataBlocking)
                  00000708    00000028     libc.a : boot_cortex_m.c.obj (.text:_c_int00_noargs)
                  00000730    00000024     ti_msp_dl_config.o (.text.SYSCFG_DL_SYSCTL_init)
                  00000754    00000018     ads1299.o (.text.DL_GPIO_setPins)
                  0000076c    00000018     main.o (.text.DL_GPIO_setPins)
                  00000784    00000018     ti_msp_dl_config.o (.text.SYSCFG_DL_init)
                  0000079c    00000016     main.o (.text.DL_GPIO_readPins)
                  000007b2    00000016     libc.a : copy_zero_init.c.obj (.text:decompress:ZI:__TI_zero_init_nomemset)
                  000007c8    00000014     ads1299.o (.text.DL_GPIO_clearPins)
                  000007dc    00000014     main.o (.text.DL_GPIO_clearPins)
                  000007f0    00000014     ads1299.o (.text.DL_SPI_receiveData8)
                  00000804    00000014     main.o (.text.DL_SPI_receiveData8)
                  00000818    00000012     driverlib.a : dl_spi.o (.text.DL_SPI_setClockConfig)
                  0000082a    00000012                 : dl_uart.o (.text.DL_UART_setClockConfig)
                  0000083c    0000000a                 : dl_common.o (.text.DL_Common_delayCycles)
                  00000846    00000006     libc.a : exit.c.obj (.text:abort)
                  0000084c    00000004     libsysbm.a : hostexit.c.obj (.text.HOSTexit)
                  00000850    00000004     startup_mspm0c110x_ticlang.o (.text.Reset_Handler)
                  00000854    00000004     libc.a : pre_init.c.obj (.text._system_pre_init)

.cinit     0    00000870    00000018     
                  00000870    00000008     (.cinit..bss.load) [load image, compression = zero_init]
                  00000878    00000004     (__TI_handler_table)
                  0000087c    00000008     (__TI_cinit_table)
                  00000884    00000004     --HOLE-- [fill = 0]

.rodata    0    00000858    00000018     
                  00000858    0000000a     ti_msp_dl_config.o (.rodata.gSPI_0_config)
                  00000862    0000000a     ti_msp_dl_config.o (.rodata.gUART_0Config)
                  0000086c    00000002     ti_msp_dl_config.o (.rodata.gSPI_0_clockConfig)
                  0000086e    00000002     ti_msp_dl_config.o (.rodata.gUART_0ClockConfig)

.init_array 
*          0    00000000    00000000     UNINITIALIZED

.binit     0    00000000    00000000     

.bss       0    20000000    000000cc     UNINITIALIZED
                  20000000    000000c8     (.common:voltages)
                  200000c8    00000004     (.common:voltage)

.stack     0    200003c0    00000040     UNINITIALIZED
                  200003c0    00000004     libc.a : boot_cortex_m.c.obj (.stack)
                  200003c4    0000003c     --HOLE--

__llvm_prf_cnts 
*          0    20000000    00000000     UNINITIALIZED

__llvm_prf_bits 
*          0    20000000    00000000     UNINITIALIZED

MODULE SUMMARY

       Module                         code   ro data   rw data
       ------                         ----   -------   -------
    .\
       main.o                         770    0         204    
       ti_msp_dl_config.o             360    24        0      
       startup_mspm0c110x_ticlang.o   6      192       0      
    +--+------------------------------+------+---------+---------+
       Total:                         1136   216       204    
                                                              
    .\src\
       ads1299.o                      132    0         0      
    +--+------------------------------+------+---------+---------+
       Total:                         132    0         0      
                                                              
    C:/ti/mspm0_sdk_2_07_00_05/source/ti/driverlib/lib/ticlang/m0p/mspm0c110x/driverlib.a
       dl_uart.o                      138    0         0      
       dl_spi.o                       134    0         0      
       dl_common.o                    10     0         0      
    +--+------------------------------+------+---------+---------+
       Total:                         282    0         0      
                                                              
    C:\ti\ccs2031\ccs\tools\compiler\ti-cgt-armllvm_4.0.4.LTS\lib\armv6m-ti-none-eabi/c/libc.a
       autoinit.c.obj                 60     0         0      
       boot_cortex_m.c.obj            40     0         0      
       copy_zero_init.c.obj           22     0         0      
       exit.c.obj                     6      0         0      
       pre_init.c.obj                 4      0         0      
    +--+------------------------------+------+---------+---------+
       Total:                         132    0         0      
                                                              
    C:\ti\ccs2031\ccs\tools\compiler\ti-cgt-armllvm_4.0.4.LTS\lib\armv6m-ti-none-eabi/c/libsysbm.a
       hostexit.c.obj                 4      0         0      
    +--+------------------------------+------+---------+---------+
       Total:                         4      0         0      
                                                              
    C:\ti\ccs2031\ccs\tools\compiler\ti-cgt-armllvm_4.0.4.LTS\lib\armv6m-ti-none-eabi/libclang_rt.builtins.a
       mulsf3.S.obj                   140    0         0      
       floatsisf.S.obj                60     0         0      
       muldsi3.S.obj                  58     0         0      
    +--+------------------------------+------+---------+---------+
       Total:                         258    0         0      
                                                              
       Stack:                         0      0         64     
       Linker Generated:              0      20        0      
    +--+------------------------------+------+---------+---------+
       Grand Total:                   1944   236       268    


LINKER GENERATED COPY TABLES

__TI_cinit_table @ 0000087c records: 1, size/record: 8, table size: 8
	.bss: load addr=00000870, load size=00000008 bytes, run addr=20000000, run size=000000cc bytes, compression=zero_init


LINKER GENERATED HANDLER TABLE

__TI_handler_table @ 00000878 records: 1, size/record: 4, table size: 4
	index: 0, handler: __TI_zero_init


GLOBAL SYMBOLS: SORTED ALPHABETICALLY BY Name 

address   name                          
-------   ----                          
00000673  ADC0_IRQHandler               
00000539  ADS1299_transmit_cmd          
0000084c  C$$EXIT                       
0000083d  DL_Common_delayCycles         
0000057d  DL_SPI_init                   
00000819  DL_SPI_setClockConfig         
000006a9  DL_SPI_transmitDataBlocking8  
000004f1  DL_UART_init                  
0000082b  DL_UART_setClockConfig        
000006d9  DL_UART_transmitDataBlocking  
00000673  DMA_IRQHandler                
00000673  Default_Handler               
00000673  GPIOA_IRQHandler              
00000673  GROUP0_IRQHandler             
0000084d  HOSTexit                      
00000673  HardFault_Handler             
00000673  I2C0_IRQHandler               
00000673  NMI_Handler                   
00000673  PendSV_Handler                
00000851  Reset_Handler                 
00000673  SPI0_IRQHandler               
00000673  SVC_Handler                   
00000459  SYSCFG_DL_GPIO_init           
000004a5  SYSCFG_DL_SPI_0_init          
00000731  SYSCFG_DL_SYSCTL_init         
000003f9  SYSCFG_DL_UART_0_init         
00000785  SYSCFG_DL_init                
00000675  SYSCFG_DL_initPower           
00000673  SysTick_Handler               
00000673  TIMA0_IRQHandler              
00000673  TIMG14_IRQHandler             
00000673  TIMG8_IRQHandler              
00000673  UART0_IRQHandler              
20000400  __STACK_END                   
00000040  __STACK_SIZE                  
00000000  __TI_ATRegion0_region_sz      
00000000  __TI_ATRegion0_src_addr       
00000000  __TI_ATRegion0_trg_addr       
00000000  __TI_ATRegion1_region_sz      
00000000  __TI_ATRegion1_src_addr       
00000000  __TI_ATRegion1_trg_addr       
00000000  __TI_ATRegion2_region_sz      
00000000  __TI_ATRegion2_src_addr       
00000000  __TI_ATRegion2_trg_addr       
0000087c  __TI_CINIT_Base               
00000884  __TI_CINIT_Limit              
00000884  __TI_CINIT_Warm               
00000878  __TI_Handler_Table_Base       
0000087c  __TI_Handler_Table_Limit      
000005fd  __TI_auto_init_nobinit_nopinit
ffffffff  __TI_pprof_out_hndl           
ffffffff  __TI_prof_data_size           
ffffffff  __TI_prof_data_start          
00000000  __TI_static_base__            
000007b3  __TI_zero_init_nomemset       
0000036d  __aeabi_fmul                  
000005c1  __aeabi_i2f                   
ffffffff  __binit__                     
000005c1  __floatsisf                   
UNDEFED   __mpu_init                    
00000639  __muldsi3                     
0000036d  __mulsf3                      
200003c0  __stack                       
20000000  __start___llvm_prf_bits       
20000000  __start___llvm_prf_cnts       
20000000  __stop___llvm_prf_bits        
20000000  __stop___llvm_prf_cnts        
00000709  _c_int00_noargs               
UNDEFED   _system_post_cinit            
00000855  _system_pre_init              
00000847  abort                         
ffffffff  binit                         
00000000  interruptVectors              
000000c1  main                          
200000c8  voltage                       
20000000  voltages                      


GLOBAL SYMBOLS: SORTED BY Symbol Address 

address   name                          
-------   ----                          
00000000  __TI_ATRegion0_region_sz      
00000000  __TI_ATRegion0_src_addr       
00000000  __TI_ATRegion0_trg_addr       
00000000  __TI_ATRegion1_region_sz      
00000000  __TI_ATRegion1_src_addr       
00000000  __TI_ATRegion1_trg_addr       
00000000  __TI_ATRegion2_region_sz      
00000000  __TI_ATRegion2_src_addr       
00000000  __TI_ATRegion2_trg_addr       
00000000  __TI_static_base__            
00000000  interruptVectors              
00000040  __STACK_SIZE                  
000000c1  main                          
0000036d  __aeabi_fmul                  
0000036d  __mulsf3                      
000003f9  SYSCFG_DL_UART_0_init         
00000459  SYSCFG_DL_GPIO_init           
000004a5  SYSCFG_DL_SPI_0_init          
000004f1  DL_UART_init                  
00000539  ADS1299_transmit_cmd          
0000057d  DL_SPI_init                   
000005c1  __aeabi_i2f                   
000005c1  __floatsisf                   
000005fd  __TI_auto_init_nobinit_nopinit
00000639  __muldsi3                     
00000673  ADC0_IRQHandler               
00000673  DMA_IRQHandler                
00000673  Default_Handler               
00000673  GPIOA_IRQHandler              
00000673  GROUP0_IRQHandler             
00000673  HardFault_Handler             
00000673  I2C0_IRQHandler               
00000673  NMI_Handler                   
00000673  PendSV_Handler                
00000673  SPI0_IRQHandler               
00000673  SVC_Handler                   
00000673  SysTick_Handler               
00000673  TIMA0_IRQHandler              
00000673  TIMG14_IRQHandler             
00000673  TIMG8_IRQHandler              
00000673  UART0_IRQHandler              
00000675  SYSCFG_DL_initPower           
000006a9  DL_SPI_transmitDataBlocking8  
000006d9  DL_UART_transmitDataBlocking  
00000709  _c_int00_noargs               
00000731  SYSCFG_DL_SYSCTL_init         
00000785  SYSCFG_DL_init                
000007b3  __TI_zero_init_nomemset       
00000819  DL_SPI_setClockConfig         
0000082b  DL_UART_setClockConfig        
0000083d  DL_Common_delayCycles         
00000847  abort                         
0000084c  C$$EXIT                       
0000084d  HOSTexit                      
00000851  Reset_Handler                 
00000855  _system_pre_init              
00000878  __TI_Handler_Table_Base       
0000087c  __TI_CINIT_Base               
0000087c  __TI_Handler_Table_Limit      
00000884  __TI_CINIT_Limit              
00000884  __TI_CINIT_Warm               
20000000  __start___llvm_prf_bits       
20000000  __start___llvm_prf_cnts       
20000000  __stop___llvm_prf_bits        
20000000  __stop___llvm_prf_cnts        
20000000  voltages                      
200000c8  voltage                       
200003c0  __stack                       
20000400  __STACK_END                   
ffffffff  __TI_pprof_out_hndl           
ffffffff  __TI_prof_data_size           
ffffffff  __TI_prof_data_start          
ffffffff  __binit__                     
ffffffff  binit                         
UNDEFED   __mpu_init                    
UNDEFED   _system_post_cinit            

[76 symbols]
