******************************************************************************
            TI ARM Clang Linker PC v4.0.4                      
******************************************************************************
>> Linked Wed Apr  1 12:25:13 2026

OUTPUT FILE NAME:   <DTCP_Firmware.out>
ENTRY POINT SYMBOL: "_c_int00_noargs"  address: 00000a1d


MEMORY CONFIGURATION

         name            origin    length      used     unused   attr    fill
----------------------  --------  ---------  --------  --------  ----  --------
  FLASH                 00000000   00004000  00000b00  00003500  R  X
  SRAM                  20000000   00000400  00000045  000003bb  RW X
  BCR_CONFIG            41c00000   000000ff  00000000  000000ff  R   


SEGMENT ALLOCATION MAP

run origin  load origin   length   init length attrs members
----------  ----------- ---------- ----------- ----- -------
00000000    00000000    00000b00   00000b00    r-x
  00000000    00000000    000000c0   000000c0    r-- .intvecs
  000000c0    000000c0    00000a10   00000a10    r-x .text
  00000ad0    00000ad0    00000018   00000018    r-- .rodata
  00000ae8    00000ae8    00000018   00000018    r-- .cinit
20000000    20000000    00000005   00000000    rw-
  20000000    20000000    00000005   00000000    rw- .bss
200003c0    200003c0    00000040   00000000    rw-
  200003c0    200003c0    00000040   00000000    rw- .stack


SECTION ALLOCATION MAP

 output                                  attributes/
section   page    origin      length       input sections
--------  ----  ----------  ----------   ----------------
.intvecs   0    00000000    000000c0     
                  00000000    000000c0     startup_mspm0c110x_ticlang.o (.intvecs)

.text      0    000000c0    00000a10     
                  000000c0    0000012c     ads1299.o (.text.ADS1299_init)
                  000001ec    0000010c     libclang_rt.builtins.a : divdf3.S.obj (.text.__divdf3)
                  000002f8    00000100     ads1299.o (.text.ADS1299_read_data_channel_1)
                  000003f8    000000e4     libclang_rt.builtins.a : muldf3.S.obj (.text.__muldf3)
                  000004dc    0000008c                            : mulsf3.S.obj (.text.__mulsf3)
                  00000568    00000070     ti_msp_dl_config.o (.text.SYSCFG_DL_GPIO_init)
                  000005d8    00000070     main.o (.text.main)
                  00000648    00000060     ti_msp_dl_config.o (.text.SYSCFG_DL_UART_0_init)
                  000006a8    0000004c     ti_msp_dl_config.o (.text.SYSCFG_DL_SPI_0_init)
                  000006f4    00000048     ads1299.o (.text.ADS1299_start_conversions)
                  0000073c    00000048     driverlib.a : dl_uart.o (.text.DL_UART_init)
                  00000784    00000044                 : dl_spi.o (.text.DL_SPI_init)
                  000007c8    00000042     libclang_rt.builtins.a : fixunsdfsi.S.obj (.text.__fixunsdfsi)
                  0000080a    00000002     startup_mspm0c110x_ticlang.o (.text.Default_Handler)
                  0000080c    0000003c     libclang_rt.builtins.a : floatsisf.S.obj (.text.__floatsisf)
                  00000848    0000003c     libc.a : autoinit.c.obj (.text:__TI_auto_init_nobinit_nopinit)
                  00000884    0000003a     libclang_rt.builtins.a : muldsi3.S.obj (.text.__muldsi3)
                  000008be    00000002     --HOLE-- [fill = 0]
                  000008c0    00000038     ti_msp_dl_config.o (.text.SYSCFG_DL_SYSCTL_init)
                  000008f8    00000038     uart.o (.text.UART_transmit_voltage_binary)
                  00000930    00000034     ti_msp_dl_config.o (.text.SYSCFG_DL_initPower)
                  00000964    00000030     driverlib.a : dl_spi.o (.text.DL_SPI_transmitDataBlocking8)
                  00000994    00000030                 : dl_uart.o (.text.DL_UART_transmitDataBlocking)
                  000009c4    0000002c     libclang_rt.builtins.a : floatsidf.S.obj (.text.__floatsidf)
                  000009f0    0000002c     main.o (.text.delay_ms)
                  00000a1c    00000028     libc.a : boot_cortex_m.c.obj (.text:_c_int00_noargs)
                  00000a44    0000001c     main.o (.text.GPIOA_IRQHandler)
                  00000a60    00000018     ti_msp_dl_config.o (.text.SYSCFG_DL_init)
                  00000a78    00000016     libc.a : copy_zero_init.c.obj (.text:decompress:ZI:__TI_zero_init_nomemset)
                  00000a8e    00000012     driverlib.a : dl_spi.o (.text.DL_SPI_setClockConfig)
                  00000aa0    00000012                 : dl_uart.o (.text.DL_UART_setClockConfig)
                  00000ab2    0000000a                 : dl_common.o (.text.DL_Common_delayCycles)
                  00000abc    00000006     libc.a : exit.c.obj (.text:abort)
                  00000ac2    00000004     libsysbm.a : hostexit.c.obj (.text.HOSTexit)
                  00000ac6    00000004     startup_mspm0c110x_ticlang.o (.text.Reset_Handler)
                  00000aca    00000004     libc.a : pre_init.c.obj (.text._system_pre_init)
                  00000ace    00000002     --HOLE-- [fill = 0]

.cinit     0    00000ae8    00000018     
                  00000ae8    00000008     (.cinit..bss.load) [load image, compression = zero_init]
                  00000af0    00000004     (__TI_handler_table)
                  00000af4    00000008     (__TI_cinit_table)
                  00000afc    00000004     --HOLE-- [fill = 0]

.rodata    0    00000ad0    00000018     
                  00000ad0    0000000a     ti_msp_dl_config.o (.rodata.gSPI_0_config)
                  00000ada    0000000a     ti_msp_dl_config.o (.rodata.gUART_0Config)
                  00000ae4    00000002     ti_msp_dl_config.o (.rodata.gSPI_0_clockConfig)
                  00000ae6    00000002     ti_msp_dl_config.o (.rodata.gUART_0ClockConfig)

.init_array 
*          0    00000000    00000000     UNINITIALIZED

.binit     0    00000000    00000000     

.bss       0    20000000    00000005     UNINITIALIZED
                  20000000    00000004     (.common:voltage)
                  20000004    00000001     (.common:count)

.stack     0    200003c0    00000040     UNINITIALIZED
                  200003c0    00000004     libc.a : boot_cortex_m.c.obj (.stack)
                  200003c4    0000003c     --HOLE--

__llvm_prf_cnts 
*          0    20000000    00000000     UNINITIALIZED

__llvm_prf_bits 
*          0    20000000    00000000     UNINITIALIZED

MODULE SUMMARY

       Module                         code   ro data   rw data
       ------                         ----   -------   -------
    .\
       ti_msp_dl_config.o             416    24        0      
       startup_mspm0c110x_ticlang.o   6      192       0      
       main.o                         184    0         5      
    +--+------------------------------+------+---------+---------+
       Total:                         606    216       5      
                                                              
    .\src\
       ads1299.o                      628    0         0      
       uart.o                         56     0         0      
    +--+------------------------------+------+---------+---------+
       Total:                         684    0         0      
                                                              
    C:/ti/mspm0_sdk_2_07_00_05/source/ti/driverlib/lib/ticlang/m0p/mspm0c110x/driverlib.a
       dl_uart.o                      138    0         0      
       dl_spi.o                       134    0         0      
       dl_common.o                    10     0         0      
    +--+------------------------------+------+---------+---------+
       Total:                         282    0         0      
                                                              
    C:\ti\ccs2031\ccs\tools\compiler\ti-cgt-armllvm_4.0.4.LTS\lib\armv6m-ti-none-eabi/c/libc.a
       autoinit.c.obj                 60     0         0      
       boot_cortex_m.c.obj            40     0         0      
       copy_zero_init.c.obj           22     0         0      
       exit.c.obj                     6      0         0      
       pre_init.c.obj                 4      0         0      
    +--+------------------------------+------+---------+---------+
       Total:                         132    0         0      
                                                              
    C:\ti\ccs2031\ccs\tools\compiler\ti-cgt-armllvm_4.0.4.LTS\lib\armv6m-ti-none-eabi/c/libsysbm.a
       hostexit.c.obj                 4      0         0      
    +--+------------------------------+------+---------+---------+
       Total:                         4      0         0      
                                                              
    C:\ti\ccs2031\ccs\tools\compiler\ti-cgt-armllvm_4.0.4.LTS\lib\armv6m-ti-none-eabi/libclang_rt.builtins.a
       divdf3.S.obj                   268    0         0      
       muldf3.S.obj                   228    0         0      
       mulsf3.S.obj                   140    0         0      
       fixunsdfsi.S.obj               66     0         0      
       floatsisf.S.obj                60     0         0      
       muldsi3.S.obj                  58     0         0      
       floatsidf.S.obj                44     0         0      
    +--+------------------------------+------+---------+---------+
       Total:                         864    0         0      
                                                              
       Stack:                         0      0         64     
       Linker Generated:              0      20        0      
    +--+------------------------------+------+---------+---------+
       Grand Total:                   2572   236       69     


LINKER GENERATED COPY TABLES

__TI_cinit_table @ 00000af4 records: 1, size/record: 8, table size: 8
	.bss: load addr=00000ae8, load size=00000008 bytes, run addr=20000000, run size=00000005 bytes, compression=zero_init


LINKER GENERATED HANDLER TABLE

__TI_handler_table @ 00000af0 records: 1, size/record: 4, table size: 4
	index: 0, handler: __TI_zero_init


GLOBAL SYMBOLS: SORTED ALPHABETICALLY BY Name 

address   name                          
-------   ----                          
0000080b  ADC0_IRQHandler               
000000c1  ADS1299_init                  
000002f9  ADS1299_read_data_channel_1   
000006f5  ADS1299_start_conversions     
00000ac2  C$$EXIT                       
00000ab3  DL_Common_delayCycles         
00000785  DL_SPI_init                   
00000a8f  DL_SPI_setClockConfig         
00000965  DL_SPI_transmitDataBlocking8  
0000073d  DL_UART_init                  
00000aa1  DL_UART_setClockConfig        
00000995  DL_UART_transmitDataBlocking  
0000080b  DMA_IRQHandler                
0000080b  Default_Handler               
00000a45  GPIOA_IRQHandler              
0000080b  GROUP0_IRQHandler             
00000ac3  HOSTexit                      
0000080b  HardFault_Handler             
0000080b  I2C0_IRQHandler               
0000080b  NMI_Handler                   
0000080b  PendSV_Handler                
00000ac7  Reset_Handler                 
0000080b  SPI0_IRQHandler               
0000080b  SVC_Handler                   
00000569  SYSCFG_DL_GPIO_init           
000006a9  SYSCFG_DL_SPI_0_init          
000008c1  SYSCFG_DL_SYSCTL_init         
00000649  SYSCFG_DL_UART_0_init         
00000a61  SYSCFG_DL_init                
00000931  SYSCFG_DL_initPower           
0000080b  SysTick_Handler               
0000080b  TIMA0_IRQHandler              
0000080b  TIMG14_IRQHandler             
0000080b  TIMG8_IRQHandler              
0000080b  UART0_IRQHandler              
000008f9  UART_transmit_voltage_binary  
20000400  __STACK_END                   
00000040  __STACK_SIZE                  
00000000  __TI_ATRegion0_region_sz      
00000000  __TI_ATRegion0_src_addr       
00000000  __TI_ATRegion0_trg_addr       
00000000  __TI_ATRegion1_region_sz      
00000000  __TI_ATRegion1_src_addr       
00000000  __TI_ATRegion1_trg_addr       
00000000  __TI_ATRegion2_region_sz      
00000000  __TI_ATRegion2_src_addr       
00000000  __TI_ATRegion2_trg_addr       
00000af4  __TI_CINIT_Base               
00000afc  __TI_CINIT_Limit              
00000afc  __TI_CINIT_Warm               
00000af0  __TI_Handler_Table_Base       
00000af4  __TI_Handler_Table_Limit      
00000849  __TI_auto_init_nobinit_nopinit
ffffffff  __TI_pprof_out_hndl           
ffffffff  __TI_prof_data_size           
ffffffff  __TI_prof_data_start          
00000000  __TI_static_base__            
00000a79  __TI_zero_init_nomemset       
000007c9  __aeabi_d2uiz                 
000001ed  __aeabi_ddiv                  
000003f9  __aeabi_dmul                  
000004dd  __aeabi_fmul                  
000009c5  __aeabi_i2d                   
0000080d  __aeabi_i2f                   
ffffffff  __binit__                     
000001ed  __divdf3                      
000007c9  __fixunsdfsi                  
000009c5  __floatsidf                   
0000080d  __floatsisf                   
UNDEFED   __mpu_init                    
000003f9  __muldf3                      
00000885  __muldsi3                     
000004dd  __mulsf3                      
200003c0  __stack                       
20000000  __start___llvm_prf_bits       
20000000  __start___llvm_prf_cnts       
20000000  __stop___llvm_prf_bits        
20000000  __stop___llvm_prf_cnts        
00000a1d  _c_int00_noargs               
UNDEFED   _system_post_cinit            
00000acb  _system_pre_init              
00000abd  abort                         
ffffffff  binit                         
20000004  count                         
000009f1  delay_ms                      
00000000  interruptVectors              
000005d9  main                          
20000000  voltage                       


GLOBAL SYMBOLS: SORTED BY Symbol Address 

address   name                          
-------   ----                          
00000000  __TI_ATRegion0_region_sz      
00000000  __TI_ATRegion0_src_addr       
00000000  __TI_ATRegion0_trg_addr       
00000000  __TI_ATRegion1_region_sz      
00000000  __TI_ATRegion1_src_addr       
00000000  __TI_ATRegion1_trg_addr       
00000000  __TI_ATRegion2_region_sz      
00000000  __TI_ATRegion2_src_addr       
00000000  __TI_ATRegion2_trg_addr       
00000000  __TI_static_base__            
00000000  interruptVectors              
00000040  __STACK_SIZE                  
000000c1  ADS1299_init                  
000001ed  __aeabi_ddiv                  
000001ed  __divdf3                      
000002f9  ADS1299_read_data_channel_1   
000003f9  __aeabi_dmul                  
000003f9  __muldf3                      
000004dd  __aeabi_fmul                  
000004dd  __mulsf3                      
00000569  SYSCFG_DL_GPIO_init           
000005d9  main                          
00000649  SYSCFG_DL_UART_0_init         
000006a9  SYSCFG_DL_SPI_0_init          
000006f5  ADS1299_start_conversions     
0000073d  DL_UART_init                  
00000785  DL_SPI_init                   
000007c9  __aeabi_d2uiz                 
000007c9  __fixunsdfsi                  
0000080b  ADC0_IRQHandler               
0000080b  DMA_IRQHandler                
0000080b  Default_Handler               
0000080b  GROUP0_IRQHandler             
0000080b  HardFault_Handler             
0000080b  I2C0_IRQHandler               
0000080b  NMI_Handler                   
0000080b  PendSV_Handler                
0000080b  SPI0_IRQHandler               
0000080b  SVC_Handler                   
0000080b  SysTick_Handler               
0000080b  TIMA0_IRQHandler              
0000080b  TIMG14_IRQHandler             
0000080b  TIMG8_IRQHandler              
0000080b  UART0_IRQHandler              
0000080d  __aeabi_i2f                   
0000080d  __floatsisf                   
00000849  __TI_auto_init_nobinit_nopinit
00000885  __muldsi3                     
000008c1  SYSCFG_DL_SYSCTL_init         
000008f9  UART_transmit_voltage_binary  
00000931  SYSCFG_DL_initPower           
00000965  DL_SPI_transmitDataBlocking8  
00000995  DL_UART_transmitDataBlocking  
000009c5  __aeabi_i2d                   
000009c5  __floatsidf                   
000009f1  delay_ms                      
00000a1d  _c_int00_noargs               
00000a45  GPIOA_IRQHandler              
00000a61  SYSCFG_DL_init                
00000a79  __TI_zero_init_nomemset       
00000a8f  DL_SPI_setClockConfig         
00000aa1  DL_UART_setClockConfig        
00000ab3  DL_Common_delayCycles         
00000abd  abort                         
00000ac2  C$$EXIT                       
00000ac3  HOSTexit                      
00000ac7  Reset_Handler                 
00000acb  _system_pre_init              
00000af0  __TI_Handler_Table_Base       
00000af4  __TI_CINIT_Base               
00000af4  __TI_Handler_Table_Limit      
00000afc  __TI_CINIT_Limit              
00000afc  __TI_CINIT_Warm               
20000000  __start___llvm_prf_bits       
20000000  __start___llvm_prf_cnts       
20000000  __stop___llvm_prf_bits        
20000000  __stop___llvm_prf_cnts        
20000000  voltage                       
20000004  count                         
200003c0  __stack                       
20000400  __STACK_END                   
ffffffff  __TI_pprof_out_hndl           
ffffffff  __TI_prof_data_size           
ffffffff  __TI_prof_data_start          
ffffffff  __binit__                     
ffffffff  binit                         
UNDEFED   __mpu_init                    
UNDEFED   _system_post_cinit            

[88 symbols]
