******************************************************************************
            TI ARM Clang Linker PC v4.0.4                      
******************************************************************************
>> Linked Tue Jan 27 19:16:57 2026

OUTPUT FILE NAME:   <DTCP_Firmware.out>
ENTRY POINT SYMBOL: "_c_int00_noinit_noargs"  address: 00000349


MEMORY CONFIGURATION

         name            origin    length      used     unused   attr    fill
----------------------  --------  ---------  --------  --------  ----  --------
  FLASH                 00000000   00004000  00000428  00003bd8  R  X
  SRAM                  20000000   00000400  00000040  000003c0  RW X
  BCR_CONFIG            41c00000   000000ff  00000000  000000ff  R   


SEGMENT ALLOCATION MAP

run origin  load origin   length   init length attrs members
----------  ----------- ---------- ----------- ----- -------
00000000    00000000    00000428   00000428    r-x
  00000000    00000000    000000c0   000000c0    r-- .intvecs
  000000c0    000000c0    00000358   00000358    r-x .text
  00000418    00000418    00000010   00000010    r-- .rodata
200003c0    200003c0    00000040   00000000    rw-
  200003c0    200003c0    00000040   00000000    rw- .stack


SECTION ALLOCATION MAP

 output                                  attributes/
section   page    origin      length       input sections
--------  ----  ----------  ----------   ----------------
.intvecs   0    00000000    000000c0     
                  00000000    000000c0     startup_mspm0c110x_ticlang.o (.intvecs)

.text      0    000000c0    00000358     
                  000000c0    0000007c     main.o (.text.main)
                  0000013c    00000078     ads1299.o (.text.ADS1299_read_registers)
                  000001b4    0000004c     ti_msp_dl_config.o (.text.SYSCFG_DL_SPI_0_init)
                  00000200    00000048     ti_msp_dl_config.o (.text.SYSCFG_DL_GPIO_init)
                  00000248    00000044     driverlib.a : dl_spi.o (.text.DL_SPI_init)
                  0000028c    0000003c     ads1299.o (.text.ADS1299_transmit_cmd)
                  000002c8    00000030     driverlib.a : dl_spi.o (.text.DL_SPI_transmitDataBlocking8)
                  000002f8    0000002c     ti_msp_dl_config.o (.text.SYSCFG_DL_initPower)
                  00000324    00000024     ti_msp_dl_config.o (.text.SYSCFG_DL_SYSCTL_init)
                  00000348    00000020     libc.a : boot_cortex_m.c.obj (.text:_c_int00_noinit_noargs)
                  00000368    00000018     ads1299.o (.text.DL_GPIO_setPins)
                  00000380    00000018     main.o (.text.DL_GPIO_setPins)
                  00000398    00000014     ads1299.o (.text.DL_GPIO_clearPins)
                  000003ac    00000014     main.o (.text.DL_GPIO_clearPins)
                  000003c0    00000014     ads1299.o (.text.DL_SPI_receiveData8)
                  000003d4    00000014     ti_msp_dl_config.o (.text.SYSCFG_DL_init)
                  000003e8    00000012     driverlib.a : dl_spi.o (.text.DL_SPI_setClockConfig)
                  000003fa    0000000a                 : dl_common.o (.text.DL_Common_delayCycles)
                  00000404    00000006     libc.a : exit.c.obj (.text:abort)
                  0000040a    00000004     libsysbm.a : hostexit.c.obj (.text.HOSTexit)
                  0000040e    00000004     startup_mspm0c110x_ticlang.o (.text.Reset_Handler)
                  00000412    00000004     libc.a : pre_init.c.obj (.text._system_pre_init)
                  00000416    00000002     startup_mspm0c110x_ticlang.o (.text.Default_Handler)

.cinit     0    00000000    00000000     

.rodata    0    00000418    00000010     
                  00000418    0000000a     ti_msp_dl_config.o (.rodata.gSPI_0_config)
                  00000422    00000002     ti_msp_dl_config.o (.rodata.gSPI_0_clockConfig)
                  00000424    00000004     --HOLE-- [fill = 0]

.init_array 
*          0    00000000    00000000     UNINITIALIZED

.binit     0    00000000    00000000     

.stack     0    200003c0    00000040     UNINITIALIZED
                  200003c0    00000004     libc.a : boot_cortex_m.c.obj (.stack)
                  200003c4    0000003c     --HOLE--

__llvm_prf_cnts 
*          0    20000000    00000000     UNINITIALIZED

__llvm_prf_bits 
*          0    20000000    00000000     UNINITIALIZED

MODULE SUMMARY

       Module                         code   ro data   rw data
       ------                         ----   -------   -------
    .\
       ti_msp_dl_config.o             248    12        0      
       startup_mspm0c110x_ticlang.o   6      192       0      
       main.o                         168    0         0      
    +--+------------------------------+------+---------+---------+
       Total:                         422    204       0      
                                                              
    .\src\
       ads1299.o                      244    0         0      
    +--+------------------------------+------+---------+---------+
       Total:                         244    0         0      
                                                              
    C:/ti/mspm0_sdk_2_07_00_05/source/ti/driverlib/lib/ticlang/m0p/mspm0c110x/driverlib.a
       dl_spi.o                       134    0         0      
       dl_common.o                    10     0         0      
    +--+------------------------------+------+---------+---------+
       Total:                         144    0         0      
                                                              
    C:\ti\ccs2031\ccs\tools\compiler\ti-cgt-armllvm_4.0.4.LTS\lib\armv6m-ti-none-eabi/c/libc.a
       boot_cortex_m.c.obj            32     0         0      
       exit.c.obj                     6      0         0      
       pre_init.c.obj                 4      0         0      
    +--+------------------------------+------+---------+---------+
       Total:                         42     0         0      
                                                              
    C:\ti\ccs2031\ccs\tools\compiler\ti-cgt-armllvm_4.0.4.LTS\lib\armv6m-ti-none-eabi/c/libsysbm.a
       hostexit.c.obj                 4      0         0      
    +--+------------------------------+------+---------+---------+
       Total:                         4      0         0      
                                                              
       Stack:                         0      0         64     
    +--+------------------------------+------+---------+---------+
       Grand Total:                   856    204       64     


GLOBAL SYMBOLS: SORTED ALPHABETICALLY BY Name 

address   name                        
-------   ----                        
00000417  ADC0_IRQHandler             
0000013d  ADS1299_read_registers      
0000028d  ADS1299_transmit_cmd        
0000040a  C$$EXIT                     
000003fb  DL_Common_delayCycles       
00000249  DL_SPI_init                 
000003e9  DL_SPI_setClockConfig       
000002c9  DL_SPI_transmitDataBlocking8
00000417  DMA_IRQHandler              
00000417  Default_Handler             
00000417  GPIOA_IRQHandler            
00000417  GROUP0_IRQHandler           
0000040b  HOSTexit                    
00000417  HardFault_Handler           
00000417  I2C0_IRQHandler             
00000417  NMI_Handler                 
00000417  PendSV_Handler              
0000040f  Reset_Handler               
00000417  SPI0_IRQHandler             
00000417  SVC_Handler                 
00000201  SYSCFG_DL_GPIO_init         
000001b5  SYSCFG_DL_SPI_0_init        
00000325  SYSCFG_DL_SYSCTL_init       
000003d5  SYSCFG_DL_init              
000002f9  SYSCFG_DL_initPower         
00000417  SysTick_Handler             
00000417  TIMA0_IRQHandler            
00000417  TIMG14_IRQHandler           
00000417  TIMG8_IRQHandler            
00000417  UART0_IRQHandler            
20000400  __STACK_END                 
00000040  __STACK_SIZE                
00000000  __TI_ATRegion0_region_sz    
00000000  __TI_ATRegion0_src_addr     
00000000  __TI_ATRegion0_trg_addr     
00000000  __TI_ATRegion1_region_sz    
00000000  __TI_ATRegion1_src_addr     
00000000  __TI_ATRegion1_trg_addr     
00000000  __TI_ATRegion2_region_sz    
00000000  __TI_ATRegion2_src_addr     
00000000  __TI_ATRegion2_trg_addr     
00000000  __TI_CINIT_Base             
00000000  __TI_CINIT_Limit            
00000000  __TI_CINIT_Warm             
ffffffff  __TI_pprof_out_hndl         
ffffffff  __TI_prof_data_size         
ffffffff  __TI_prof_data_start        
00000000  __TI_static_base__          
ffffffff  __binit__                   
UNDEFED   __mpu_init                  
200003c0  __stack                     
20000000  __start___llvm_prf_bits     
20000000  __start___llvm_prf_cnts     
20000000  __stop___llvm_prf_bits      
20000000  __stop___llvm_prf_cnts      
00000349  _c_int00_noinit_noargs      
00000413  _system_pre_init            
00000405  abort                       
ffffffff  binit                       
00000000  interruptVectors            
000000c1  main                        


GLOBAL SYMBOLS: SORTED BY Symbol Address 

address   name                        
-------   ----                        
00000000  __TI_ATRegion0_region_sz    
00000000  __TI_ATRegion0_src_addr     
00000000  __TI_ATRegion0_trg_addr     
00000000  __TI_ATRegion1_region_sz    
00000000  __TI_ATRegion1_src_addr     
00000000  __TI_ATRegion1_trg_addr     
00000000  __TI_ATRegion2_region_sz    
00000000  __TI_ATRegion2_src_addr     
00000000  __TI_ATRegion2_trg_addr     
00000000  __TI_CINIT_Base             
00000000  __TI_CINIT_Limit            
00000000  __TI_CINIT_Warm             
00000000  __TI_static_base__          
00000000  interruptVectors            
00000040  __STACK_SIZE                
000000c1  main                        
0000013d  ADS1299_read_registers      
000001b5  SYSCFG_DL_SPI_0_init        
00000201  SYSCFG_DL_GPIO_init         
00000249  DL_SPI_init                 
0000028d  ADS1299_transmit_cmd        
000002c9  DL_SPI_transmitDataBlocking8
000002f9  SYSCFG_DL_initPower         
00000325  SYSCFG_DL_SYSCTL_init       
00000349  _c_int00_noinit_noargs      
000003d5  SYSCFG_DL_init              
000003e9  DL_SPI_setClockConfig       
000003fb  DL_Common_delayCycles       
00000405  abort                       
0000040a  C$$EXIT                     
0000040b  HOSTexit                    
0000040f  Reset_Handler               
00000413  _system_pre_init            
00000417  ADC0_IRQHandler             
00000417  DMA_IRQHandler              
00000417  Default_Handler             
00000417  GPIOA_IRQHandler            
00000417  GROUP0_IRQHandler           
00000417  HardFault_Handler           
00000417  I2C0_IRQHandler             
00000417  NMI_Handler                 
00000417  PendSV_Handler              
00000417  SPI0_IRQHandler             
00000417  SVC_Handler                 
00000417  SysTick_Handler             
00000417  TIMA0_IRQHandler            
00000417  TIMG14_IRQHandler           
00000417  TIMG8_IRQHandler            
00000417  UART0_IRQHandler            
20000000  __start___llvm_prf_bits     
20000000  __start___llvm_prf_cnts     
20000000  __stop___llvm_prf_bits      
20000000  __stop___llvm_prf_cnts      
200003c0  __stack                     
20000400  __STACK_END                 
ffffffff  __TI_pprof_out_hndl         
ffffffff  __TI_prof_data_size         
ffffffff  __TI_prof_data_start        
ffffffff  __binit__                   
ffffffff  binit                       
UNDEFED   __mpu_init                  

[61 symbols]
