******************************************************************************
            TI ARM Clang Linker PC v4.0.4                      
******************************************************************************
>> Linked Mon Dec  1 18:28:57 2025

OUTPUT FILE NAME:   <DTCP_Firmware.out>
ENTRY POINT SYMBOL: "_c_int00_noinit_noargs"  address: 00000421


MEMORY CONFIGURATION

         name            origin    length      used     unused   attr    fill
----------------------  --------  ---------  --------  --------  ----  --------
  FLASH                 00000000   00004000  000004c8  00003b38  R  X
  SRAM                  20000000   00000400  00000040  000003c0  RW X
  BCR_CONFIG            41c00000   000000ff  00000000  000000ff  R   


SEGMENT ALLOCATION MAP

run origin  load origin   length   init length attrs members
----------  ----------- ---------- ----------- ----- -------
00000000    00000000    000004c8   000004c8    r-x
  00000000    00000000    000000c0   000000c0    r-- .intvecs
  000000c0    000000c0    000003e0   000003e0    r-x .text
  000004a0    000004a0    00000028   00000028    r-- .rodata
200003c0    200003c0    00000040   00000000    rw-
  200003c0    200003c0    00000040   00000000    rw- .stack


SECTION ALLOCATION MAP

 output                                  attributes/
section   page    origin      length       input sections
--------  ----  ----------  ----------   ----------------
.intvecs   0    00000000    000000c0     
                  00000000    000000c0     startup_mspm0c110x_ticlang.o (.intvecs)

.text      0    000000c0    000003e0     
                  000000c0    00000088     uart.o (.text.UART_transmit_message)
                  00000148    00000064     ti_msp_dl_config.o (.text.SYSCFG_DL_UART_0_init)
                  000001ac    0000004c     ti_msp_dl_config.o (.text.SYSCFG_DL_SPI_0_init)
                  000001f8    00000048     driverlib.a : dl_uart.o (.text.DL_UART_init)
                  00000240    00000044                 : dl_spi.o (.text.DL_SPI_init)
                  00000284    00000040     ads1299.o (.text.ADS_1299_write_registers)
                  000002c4    00000040     libclang_rt.builtins.a : aeabi_uidivmod.S.obj (.text.__aeabi_uidivmod)
                  00000304    00000034     ti_msp_dl_config.o (.text.SYSCFG_DL_initPower)
                  00000338    00000034     main.o (.text.main)
                  0000036c    00000030     driverlib.a : dl_spi.o (.text.DL_SPI_transmitDataBlocking8)
                  0000039c    00000030                 : dl_uart.o (.text.DL_UART_transmitDataBlocking)
                  000003cc    00000030     ti_msp_dl_config.o (.text.SYSCFG_DL_GPIO_init)
                  000003fc    00000024     ti_msp_dl_config.o (.text.SYSCFG_DL_SYSCTL_init)
                  00000420    00000020     libc.a : boot_cortex_m.c.obj (.text:_c_int00_noinit_noargs)
                  00000440    00000018     ti_msp_dl_config.o (.text.SYSCFG_DL_init)
                  00000458    00000012     driverlib.a : dl_spi.o (.text.DL_SPI_setClockConfig)
                  0000046a    00000012                 : dl_uart.o (.text.DL_UART_setClockConfig)
                  0000047c    0000000a                 : dl_common.o (.text.DL_Common_delayCycles)
                  00000486    00000006     libc.a : exit.c.obj (.text:abort)
                  0000048c    00000004     libsysbm.a : hostexit.c.obj (.text.HOSTexit)
                  00000490    00000004     startup_mspm0c110x_ticlang.o (.text.Reset_Handler)
                  00000494    00000004     libc.a : pre_init.c.obj (.text._system_pre_init)
                  00000498    00000002     startup_mspm0c110x_ticlang.o (.text.Default_Handler)
                  0000049a    00000002     libclang_rt.builtins.a : aeabi_div0.c.obj (.text.__aeabi_idiv0)
                  0000049c    00000004     --HOLE-- [fill = 0]

.cinit     0    00000000    00000000     

.rodata    0    000004a0    00000028     
                  000004a0    0000000f     main.o (.rodata.str1.12870396000895328503.4)
                  000004af    00000001     --HOLE-- [fill = 0]
                  000004b0    0000000a     ti_msp_dl_config.o (.rodata.gSPI_0_config)
                  000004ba    0000000a     ti_msp_dl_config.o (.rodata.gUART_0Config)
                  000004c4    00000002     ti_msp_dl_config.o (.rodata.gSPI_0_clockConfig)
                  000004c6    00000002     ti_msp_dl_config.o (.rodata.gUART_0ClockConfig)

.init_array 
*          0    00000000    00000000     UNINITIALIZED

.binit     0    00000000    00000000     

.stack     0    200003c0    00000040     UNINITIALIZED
                  200003c0    00000004     libc.a : boot_cortex_m.c.obj (.stack)
                  200003c4    0000003c     --HOLE--

__llvm_prf_cnts 
*          0    20000000    00000000     UNINITIALIZED

__llvm_prf_bits 
*          0    20000000    00000000     UNINITIALIZED

MODULE SUMMARY

       Module                         code   ro data   rw data
       ------                         ----   -------   -------
    .\
       ti_msp_dl_config.o             336    24        0      
       startup_mspm0c110x_ticlang.o   6      192       0      
       main.o                         52     15        0      
    +--+------------------------------+------+---------+---------+
       Total:                         394    231       0      
                                                              
    .\src\
       uart.o                         136    0         0      
       ads1299.o                      64     0         0      
    +--+------------------------------+------+---------+---------+
       Total:                         200    0         0      
                                                              
    C:/ti/mspm0_sdk_2_07_00_05/source/ti/driverlib/lib/ticlang/m0p/mspm0c110x/driverlib.a
       dl_uart.o                      138    0         0      
       dl_spi.o                       134    0         0      
       dl_common.o                    10     0         0      
    +--+------------------------------+------+---------+---------+
       Total:                         282    0         0      
                                                              
    C:\ti\ccs2031\ccs\tools\compiler\ti-cgt-armllvm_4.0.4.LTS\lib\armv6m-ti-none-eabi/c/libc.a
       boot_cortex_m.c.obj            32     0         0      
       exit.c.obj                     6      0         0      
       pre_init.c.obj                 4      0         0      
    +--+------------------------------+------+---------+---------+
       Total:                         42     0         0      
                                                              
    C:\ti\ccs2031\ccs\tools\compiler\ti-cgt-armllvm_4.0.4.LTS\lib\armv6m-ti-none-eabi/c/libsysbm.a
       hostexit.c.obj                 4      0         0      
    +--+------------------------------+------+---------+---------+
       Total:                         4      0         0      
                                                              
    C:\ti\ccs2031\ccs\tools\compiler\ti-cgt-armllvm_4.0.4.LTS\lib\armv6m-ti-none-eabi/libclang_rt.builtins.a
       aeabi_uidivmod.S.obj           64     0         0      
       aeabi_div0.c.obj               2      0         0      
    +--+------------------------------+------+---------+---------+
       Total:                         66     0         0      
                                                              
       Stack:                         0      0         64     
    +--+------------------------------+------+---------+---------+
       Grand Total:                   988    231       64     


GLOBAL SYMBOLS: SORTED ALPHABETICALLY BY Name 

address   name                        
-------   ----                        
00000499  ADC0_IRQHandler             
00000285  ADS_1299_write_registers    
0000048c  C$$EXIT                     
0000047d  DL_Common_delayCycles       
00000241  DL_SPI_init                 
00000459  DL_SPI_setClockConfig       
0000036d  DL_SPI_transmitDataBlocking8
000001f9  DL_UART_init                
0000046b  DL_UART_setClockConfig      
0000039d  DL_UART_transmitDataBlocking
00000499  DMA_IRQHandler              
00000499  Default_Handler             
00000499  GPIOA_IRQHandler            
00000499  GROUP0_IRQHandler           
0000048d  HOSTexit                    
00000499  HardFault_Handler           
00000499  I2C0_IRQHandler             
00000499  NMI_Handler                 
00000499  PendSV_Handler              
00000491  Reset_Handler               
00000499  SPI0_IRQHandler             
00000499  SVC_Handler                 
000003cd  SYSCFG_DL_GPIO_init         
000001ad  SYSCFG_DL_SPI_0_init        
000003fd  SYSCFG_DL_SYSCTL_init       
00000149  SYSCFG_DL_UART_0_init       
00000441  SYSCFG_DL_init              
00000305  SYSCFG_DL_initPower         
00000499  SysTick_Handler             
00000499  TIMA0_IRQHandler            
00000499  TIMG14_IRQHandler           
00000499  TIMG8_IRQHandler            
00000499  UART0_IRQHandler            
000000c1  UART_transmit_message       
20000400  __STACK_END                 
00000040  __STACK_SIZE                
00000000  __TI_ATRegion0_region_sz    
00000000  __TI_ATRegion0_src_addr     
00000000  __TI_ATRegion0_trg_addr     
00000000  __TI_ATRegion1_region_sz    
00000000  __TI_ATRegion1_src_addr     
00000000  __TI_ATRegion1_trg_addr     
00000000  __TI_ATRegion2_region_sz    
00000000  __TI_ATRegion2_src_addr     
00000000  __TI_ATRegion2_trg_addr     
00000000  __TI_CINIT_Base             
00000000  __TI_CINIT_Limit            
00000000  __TI_CINIT_Warm             
ffffffff  __TI_pprof_out_hndl         
ffffffff  __TI_prof_data_size         
ffffffff  __TI_prof_data_start        
00000000  __TI_static_base__          
0000049b  __aeabi_idiv0               
000002c5  __aeabi_uidiv               
000002c5  __aeabi_uidivmod            
ffffffff  __binit__                   
UNDEFED   __mpu_init                  
200003c0  __stack                     
20000000  __start___llvm_prf_bits     
20000000  __start___llvm_prf_cnts     
20000000  __stop___llvm_prf_bits      
20000000  __stop___llvm_prf_cnts      
00000421  _c_int00_noinit_noargs      
00000495  _system_pre_init            
00000487  abort                       
ffffffff  binit                       
00000000  interruptVectors            
00000339  main                        


GLOBAL SYMBOLS: SORTED BY Symbol Address 

address   name                        
-------   ----                        
00000000  __TI_ATRegion0_region_sz    
00000000  __TI_ATRegion0_src_addr     
00000000  __TI_ATRegion0_trg_addr     
00000000  __TI_ATRegion1_region_sz    
00000000  __TI_ATRegion1_src_addr     
00000000  __TI_ATRegion1_trg_addr     
00000000  __TI_ATRegion2_region_sz    
00000000  __TI_ATRegion2_src_addr     
00000000  __TI_ATRegion2_trg_addr     
00000000  __TI_CINIT_Base             
00000000  __TI_CINIT_Limit            
00000000  __TI_CINIT_Warm             
00000000  __TI_static_base__          
00000000  interruptVectors            
00000040  __STACK_SIZE                
000000c1  UART_transmit_message       
00000149  SYSCFG_DL_UART_0_init       
000001ad  SYSCFG_DL_SPI_0_init        
000001f9  DL_UART_init                
00000241  DL_SPI_init                 
00000285  ADS_1299_write_registers    
000002c5  __aeabi_uidiv               
000002c5  __aeabi_uidivmod            
00000305  SYSCFG_DL_initPower         
00000339  main                        
0000036d  DL_SPI_transmitDataBlocking8
0000039d  DL_UART_transmitDataBlocking
000003cd  SYSCFG_DL_GPIO_init         
000003fd  SYSCFG_DL_SYSCTL_init       
00000421  _c_int00_noinit_noargs      
00000441  SYSCFG_DL_init              
00000459  DL_SPI_setClockConfig       
0000046b  DL_UART_setClockConfig      
0000047d  DL_Common_delayCycles       
00000487  abort                       
0000048c  C$$EXIT                     
0000048d  HOSTexit                    
00000491  Reset_Handler               
00000495  _system_pre_init            
00000499  ADC0_IRQHandler             
00000499  DMA_IRQHandler              
00000499  Default_Handler             
00000499  GPIOA_IRQHandler            
00000499  GROUP0_IRQHandler           
00000499  HardFault_Handler           
00000499  I2C0_IRQHandler             
00000499  NMI_Handler                 
00000499  PendSV_Handler              
00000499  SPI0_IRQHandler             
00000499  SVC_Handler                 
00000499  SysTick_Handler             
00000499  TIMA0_IRQHandler            
00000499  TIMG14_IRQHandler           
00000499  TIMG8_IRQHandler            
00000499  UART0_IRQHandler            
0000049b  __aeabi_idiv0               
20000000  __start___llvm_prf_bits     
20000000  __start___llvm_prf_cnts     
20000000  __stop___llvm_prf_bits      
20000000  __stop___llvm_prf_cnts      
200003c0  __stack                     
20000400  __STACK_END                 
ffffffff  __TI_pprof_out_hndl         
ffffffff  __TI_prof_data_size         
ffffffff  __TI_prof_data_start        
ffffffff  __binit__                   
ffffffff  binit                       
UNDEFED   __mpu_init                  

[68 symbols]
