******************************************************************************
            TI ARM Clang Linker PC v4.0.4                      
******************************************************************************
>> Linked Thu Jan 29 17:27:52 2026

OUTPUT FILE NAME:   <DTCP_Firmware.out>
ENTRY POINT SYMBOL: "_c_int00_noargs"  address: 00000385


MEMORY CONFIGURATION

         name            origin    length      used     unused   attr    fill
----------------------  --------  ---------  --------  --------  ----  --------
  FLASH                 00000000   00004000  000004d8  00003b28  R  X
  SRAM                  20000000   00000400  00000044  000003bc  RW X
  BCR_CONFIG            41c00000   000000ff  00000000  000000ff  R   


SEGMENT ALLOCATION MAP

run origin  load origin   length   init length attrs members
----------  ----------- ---------- ----------- ----- -------
00000000    00000000    000004d8   000004d8    r-x
  00000000    00000000    000000c0   000000c0    r-- .intvecs
  000000c0    000000c0    000003f0   000003f0    r-x .text
  000004b0    000004b0    00000010   00000010    r-- .rodata
  000004c0    000004c0    00000018   00000018    r-- .cinit
20000000    20000000    00000004   00000000    rw-
  20000000    20000000    00000004   00000000    rw- .bss
200003c0    200003c0    00000040   00000000    rw-
  200003c0    200003c0    00000040   00000000    rw- .stack


SECTION ALLOCATION MAP

 output                                  attributes/
section   page    origin      length       input sections
--------  ----  ----------  ----------   ----------------
.intvecs   0    00000000    000000c0     
                  00000000    000000c0     startup_mspm0c110x_ticlang.o (.intvecs)

.text      0    000000c0    000003f0     
                  000000c0    00000098     main.o (.text.main)
                  00000158    00000078     ads1299.o (.text.ADS1299_read_registers)
                  000001d0    0000004c     ti_msp_dl_config.o (.text.SYSCFG_DL_SPI_0_init)
                  0000021c    00000048     ti_msp_dl_config.o (.text.SYSCFG_DL_GPIO_init)
                  00000264    00000044     ads1299.o (.text.ADS1299_transmit_cmd)
                  000002a8    00000044     driverlib.a : dl_spi.o (.text.DL_SPI_init)
                  000002ec    0000003c     libc.a : autoinit.c.obj (.text:__TI_auto_init_nobinit_nopinit)
                  00000328    00000030     driverlib.a : dl_spi.o (.text.DL_SPI_transmitDataBlocking8)
                  00000358    0000002c     ti_msp_dl_config.o (.text.SYSCFG_DL_initPower)
                  00000384    00000028     libc.a : boot_cortex_m.c.obj (.text:_c_int00_noargs)
                  000003ac    00000024     ti_msp_dl_config.o (.text.SYSCFG_DL_SYSCTL_init)
                  000003d0    00000018     ads1299.o (.text.DL_GPIO_setPins)
                  000003e8    00000018     main.o (.text.DL_GPIO_setPins)
                  00000400    00000016     libc.a : copy_zero_init.c.obj (.text:decompress:ZI:__TI_zero_init_nomemset)
                  00000416    00000014     ads1299.o (.text.DL_GPIO_clearPins)
                  0000042a    00000014     main.o (.text.DL_GPIO_clearPins)
                  0000043e    00000002     startup_mspm0c110x_ticlang.o (.text.Default_Handler)
                  00000440    00000014     ads1299.o (.text.DL_SPI_receiveData8)
                  00000454    00000014     main.o (.text.DL_SPI_receiveData8)
                  00000468    00000014     ti_msp_dl_config.o (.text.SYSCFG_DL_init)
                  0000047c    00000012     driverlib.a : dl_spi.o (.text.DL_SPI_setClockConfig)
                  0000048e    0000000a                 : dl_common.o (.text.DL_Common_delayCycles)
                  00000498    00000006     libc.a : exit.c.obj (.text:abort)
                  0000049e    00000004     libsysbm.a : hostexit.c.obj (.text.HOSTexit)
                  000004a2    00000004     startup_mspm0c110x_ticlang.o (.text.Reset_Handler)
                  000004a6    00000004     libc.a : pre_init.c.obj (.text._system_pre_init)
                  000004aa    00000006     --HOLE-- [fill = 0]

.cinit     0    000004c0    00000018     
                  000004c0    00000008     (.cinit..bss.load) [load image, compression = zero_init]
                  000004c8    00000004     (__TI_handler_table)
                  000004cc    00000008     (__TI_cinit_table)
                  000004d4    00000004     --HOLE-- [fill = 0]

.rodata    0    000004b0    00000010     
                  000004b0    0000000a     ti_msp_dl_config.o (.rodata.gSPI_0_config)
                  000004ba    00000002     ti_msp_dl_config.o (.rodata.gSPI_0_clockConfig)
                  000004bc    00000004     --HOLE-- [fill = 0]

.init_array 
*          0    00000000    00000000     UNINITIALIZED

.binit     0    00000000    00000000     

.bss       0    20000000    00000004     UNINITIALIZED
                  20000000    00000004     (.common:voltage)

.stack     0    200003c0    00000040     UNINITIALIZED
                  200003c0    00000004     libc.a : boot_cortex_m.c.obj (.stack)
                  200003c4    0000003c     --HOLE--

__llvm_prf_cnts 
*          0    20000000    00000000     UNINITIALIZED

__llvm_prf_bits 
*          0    20000000    00000000     UNINITIALIZED

MODULE SUMMARY

       Module                         code   ro data   rw data
       ------                         ----   -------   -------
    .\
       ti_msp_dl_config.o             248    12        0      
       main.o                         216    0         4      
       startup_mspm0c110x_ticlang.o   6      192       0      
    +--+------------------------------+------+---------+---------+
       Total:                         470    204       4      
                                                              
    .\src\
       ads1299.o                      252    0         0      
    +--+------------------------------+------+---------+---------+
       Total:                         252    0         0      
                                                              
    C:/ti/mspm0_sdk_2_07_00_05/source/ti/driverlib/lib/ticlang/m0p/mspm0c110x/driverlib.a
       dl_spi.o                       134    0         0      
       dl_common.o                    10     0         0      
    +--+------------------------------+------+---------+---------+
       Total:                         144    0         0      
                                                              
    C:\ti\ccs2031\ccs\tools\compiler\ti-cgt-armllvm_4.0.4.LTS\lib\armv6m-ti-none-eabi/c/libc.a
       autoinit.c.obj                 60     0         0      
       boot_cortex_m.c.obj            40     0         0      
       copy_zero_init.c.obj           22     0         0      
       exit.c.obj                     6      0         0      
       pre_init.c.obj                 4      0         0      
    +--+------------------------------+------+---------+---------+
       Total:                         132    0         0      
                                                              
    C:\ti\ccs2031\ccs\tools\compiler\ti-cgt-armllvm_4.0.4.LTS\lib\armv6m-ti-none-eabi/c/libsysbm.a
       hostexit.c.obj                 4      0         0      
    +--+------------------------------+------+---------+---------+
       Total:                         4      0         0      
                                                              
       Stack:                         0      0         64     
       Linker Generated:              0      20        0      
    +--+------------------------------+------+---------+---------+
       Grand Total:                   1002   224       68     


LINKER GENERATED COPY TABLES

__TI_cinit_table @ 000004cc records: 1, size/record: 8, table size: 8
	.bss: load addr=000004c0, load size=00000008 bytes, run addr=20000000, run size=00000004 bytes, compression=zero_init


LINKER GENERATED HANDLER TABLE

__TI_handler_table @ 000004c8 records: 1, size/record: 4, table size: 4
	index: 0, handler: __TI_zero_init


GLOBAL SYMBOLS: SORTED ALPHABETICALLY BY Name 

address   name                          
-------   ----                          
0000043f  ADC0_IRQHandler               
00000159  ADS1299_read_registers        
00000265  ADS1299_transmit_cmd          
0000049e  C$$EXIT                       
0000048f  DL_Common_delayCycles         
000002a9  DL_SPI_init                   
0000047d  DL_SPI_setClockConfig         
00000329  DL_SPI_transmitDataBlocking8  
0000043f  DMA_IRQHandler                
0000043f  Default_Handler               
0000043f  GPIOA_IRQHandler              
0000043f  GROUP0_IRQHandler             
0000049f  HOSTexit                      
0000043f  HardFault_Handler             
0000043f  I2C0_IRQHandler               
0000043f  NMI_Handler                   
0000043f  PendSV_Handler                
000004a3  Reset_Handler                 
0000043f  SPI0_IRQHandler               
0000043f  SVC_Handler                   
0000021d  SYSCFG_DL_GPIO_init           
000001d1  SYSCFG_DL_SPI_0_init          
000003ad  SYSCFG_DL_SYSCTL_init         
00000469  SYSCFG_DL_init                
00000359  SYSCFG_DL_initPower           
0000043f  SysTick_Handler               
0000043f  TIMA0_IRQHandler              
0000043f  TIMG14_IRQHandler             
0000043f  TIMG8_IRQHandler              
0000043f  UART0_IRQHandler              
20000400  __STACK_END                   
00000040  __STACK_SIZE                  
00000000  __TI_ATRegion0_region_sz      
00000000  __TI_ATRegion0_src_addr       
00000000  __TI_ATRegion0_trg_addr       
00000000  __TI_ATRegion1_region_sz      
00000000  __TI_ATRegion1_src_addr       
00000000  __TI_ATRegion1_trg_addr       
00000000  __TI_ATRegion2_region_sz      
00000000  __TI_ATRegion2_src_addr       
00000000  __TI_ATRegion2_trg_addr       
000004cc  __TI_CINIT_Base               
000004d4  __TI_CINIT_Limit              
000004d4  __TI_CINIT_Warm               
000004c8  __TI_Handler_Table_Base       
000004cc  __TI_Handler_Table_Limit      
000002ed  __TI_auto_init_nobinit_nopinit
ffffffff  __TI_pprof_out_hndl           
ffffffff  __TI_prof_data_size           
ffffffff  __TI_prof_data_start          
00000000  __TI_static_base__            
00000401  __TI_zero_init_nomemset       
ffffffff  __binit__                     
UNDEFED   __mpu_init                    
200003c0  __stack                       
20000000  __start___llvm_prf_bits       
20000000  __start___llvm_prf_cnts       
20000000  __stop___llvm_prf_bits        
20000000  __stop___llvm_prf_cnts        
00000385  _c_int00_noargs               
UNDEFED   _system_post_cinit            
000004a7  _system_pre_init              
00000499  abort                         
ffffffff  binit                         
00000000  interruptVectors              
000000c1  main                          
20000000  voltage                       


GLOBAL SYMBOLS: SORTED BY Symbol Address 

address   name                          
-------   ----                          
00000000  __TI_ATRegion0_region_sz      
00000000  __TI_ATRegion0_src_addr       
00000000  __TI_ATRegion0_trg_addr       
00000000  __TI_ATRegion1_region_sz      
00000000  __TI_ATRegion1_src_addr       
00000000  __TI_ATRegion1_trg_addr       
00000000  __TI_ATRegion2_region_sz      
00000000  __TI_ATRegion2_src_addr       
00000000  __TI_ATRegion2_trg_addr       
00000000  __TI_static_base__            
00000000  interruptVectors              
00000040  __STACK_SIZE                  
000000c1  main                          
00000159  ADS1299_read_registers        
000001d1  SYSCFG_DL_SPI_0_init          
0000021d  SYSCFG_DL_GPIO_init           
00000265  ADS1299_transmit_cmd          
000002a9  DL_SPI_init                   
000002ed  __TI_auto_init_nobinit_nopinit
00000329  DL_SPI_transmitDataBlocking8  
00000359  SYSCFG_DL_initPower           
00000385  _c_int00_noargs               
000003ad  SYSCFG_DL_SYSCTL_init         
00000401  __TI_zero_init_nomemset       
0000043f  ADC0_IRQHandler               
0000043f  DMA_IRQHandler                
0000043f  Default_Handler               
0000043f  GPIOA_IRQHandler              
0000043f  GROUP0_IRQHandler             
0000043f  HardFault_Handler             
0000043f  I2C0_IRQHandler               
0000043f  NMI_Handler                   
0000043f  PendSV_Handler                
0000043f  SPI0_IRQHandler               
0000043f  SVC_Handler                   
0000043f  SysTick_Handler               
0000043f  TIMA0_IRQHandler              
0000043f  TIMG14_IRQHandler             
0000043f  TIMG8_IRQHandler              
0000043f  UART0_IRQHandler              
00000469  SYSCFG_DL_init                
0000047d  DL_SPI_setClockConfig         
0000048f  DL_Common_delayCycles         
00000499  abort                         
0000049e  C$$EXIT                       
0000049f  HOSTexit                      
000004a3  Reset_Handler                 
000004a7  _system_pre_init              
000004c8  __TI_Handler_Table_Base       
000004cc  __TI_CINIT_Base               
000004cc  __TI_Handler_Table_Limit      
000004d4  __TI_CINIT_Limit              
000004d4  __TI_CINIT_Warm               
20000000  __start___llvm_prf_bits       
20000000  __start___llvm_prf_cnts       
20000000  __stop___llvm_prf_bits        
20000000  __stop___llvm_prf_cnts        
20000000  voltage                       
200003c0  __stack                       
20000400  __STACK_END                   
ffffffff  __TI_pprof_out_hndl           
ffffffff  __TI_prof_data_size           
ffffffff  __TI_prof_data_start          
ffffffff  __binit__                     
ffffffff  binit                         
UNDEFED   __mpu_init                    
UNDEFED   _system_post_cinit            

[67 symbols]
