******************************************************************************
            TI ARM Clang Linker PC v4.0.4                      
******************************************************************************
>> Linked Sun Apr  5 15:31:15 2026

OUTPUT FILE NAME:   <DTCP_Firmware.out>
ENTRY POINT SYMBOL: "_c_int00_noargs"  address: 00000d21


MEMORY CONFIGURATION

         name            origin    length      used     unused   attr    fill
----------------------  --------  ---------  --------  --------  ----  --------
  FLASH                 00000000   00004000  00000e60  000031a0  R  X
  SRAM                  20000000   00000400  00000263  0000019d  RW X
  BCR_CONFIG            41c00000   000000ff  00000000  000000ff  R   


SEGMENT ALLOCATION MAP

run origin  load origin   length   init length attrs members
----------  ----------- ---------- ----------- ----- -------
00000000    00000000    00000e60   00000e60    r-x
  00000000    00000000    000000c0   000000c0    r-- .intvecs
  000000c0    000000c0    00000d58   00000d58    r-x .text
  00000e18    00000e18    00000018   00000018    r-- .rodata
  00000e30    00000e30    00000030   00000030    r-- .cinit
20000000    20000000    00000223   00000000    rw-
  20000000    20000000    00000221   00000000    rw- .bss
  20000221    20000221    00000002   00000000    rw- .data
200003c0    200003c0    00000040   00000000    rw-
  200003c0    200003c0    00000040   00000000    rw- .stack


SECTION ALLOCATION MAP

 output                                  attributes/
section   page    origin      length       input sections
--------  ----  ----------  ----------   ----------------
.intvecs   0    00000000    000000c0     
                  00000000    000000c0     startup_mspm0c110x_ticlang.o (.intvecs)

.text      0    000000c0    00000d58     
                  000000c0    0000012c     ads1299.o (.text.ADS1299_init)
                  000001ec    0000010c     libclang_rt.builtins.a : divdf3.S.obj (.text.__divdf3)
                  000002f8    00000100     ads1299.o (.text.ADS1299_read_data_channel_2)
                  000003f8    000000e4     libclang_rt.builtins.a : muldf3.S.obj (.text.__muldf3)
                  000004dc    0000009a     libc.a : memcpy16.S.obj (.text:memcpy)
                  00000576    00000002     startup_mspm0c110x_ticlang.o (.text.Default_Handler)
                  00000578    0000008c     libclang_rt.builtins.a : mulsf3.S.obj (.text.__mulsf3)
                  00000604    00000088     main.o (.text.UART0_IRQHandler)
                  0000068c    00000084     ti_msp_dl_config.o (.text.SYSCFG_DL_UART_0_init)
                  00000710    0000007c     libc.a : copy_decompress_lzss.c.obj (.text:decompress:lzss)
                  0000078c    00000078     main.o (.text.main)
                  00000804    00000070     ti_msp_dl_config.o (.text.SYSCFG_DL_GPIO_init)
                  00000874    00000062     libclang_rt.builtins.a : aeabi_fcmp.S.obj (.text.__aeabi_fcmp)
                  000008d6    00000062     libc.a : memset16.S.obj (.text:memset)
                  00000938    0000004c     ti_msp_dl_config.o (.text.SYSCFG_DL_SPI_0_init)
                  00000984    00000048     ads1299.o (.text.ADS1299_start_conversions)
                  000009cc    00000048     driverlib.a : dl_uart.o (.text.DL_UART_init)
                  00000a14    00000044                 : dl_spi.o (.text.DL_SPI_init)
                  00000a58    00000042     libclang_rt.builtins.a : fixunsdfsi.S.obj (.text.__fixunsdfsi)
                  00000a9a    00000002     --HOLE-- [fill = 0]
                  00000a9c    0000003c                            : floatsisf.S.obj (.text.__floatsisf)
                  00000ad8    0000003c                            : comparesf2.S.obj (.text.__gtsf2)
                  00000b14    0000003c     libc.a : autoinit.c.obj (.text:__TI_auto_init_nobinit_nopinit)
                  00000b50    0000003a     libclang_rt.builtins.a : comparesf2.S.obj (.text.__eqsf2)
                  00000b8a    00000002     --HOLE-- [fill = 0]
                  00000b8c    0000003a                            : muldsi3.S.obj (.text.__muldsi3)
                  00000bc6    00000002     --HOLE-- [fill = 0]
                  00000bc8    00000038     main.o (.text.GPIOA_IRQHandler)
                  00000c00    00000038     ti_msp_dl_config.o (.text.SYSCFG_DL_SYSCTL_init)
                  00000c38    00000034     ti_msp_dl_config.o (.text.SYSCFG_DL_initPower)
                  00000c6c    00000030     driverlib.a : dl_spi.o (.text.DL_SPI_transmitDataBlocking8)
                  00000c9c    0000002c     libclang_rt.builtins.a : floatsidf.S.obj (.text.__floatsidf)
                  00000cc8    0000002c     main.o (.text.delay_ms)
                  00000cf4    0000002c     ads1299.o (.text.write_FIFO)
                  00000d20    00000028     libc.a : boot_cortex_m.c.obj (.text:_c_int00_noargs)
                  00000d48    00000026     ads1299.o (.text.read_FIFO)
                  00000d6e    00000018     ti_msp_dl_config.o (.text.SYSCFG_DL_init)
                  00000d86    00000016     libc.a : copy_zero_init.c.obj (.text:decompress:ZI:__TI_zero_init_nomemset)
                  00000d9c    00000012     driverlib.a : dl_spi.o (.text.DL_SPI_setClockConfig)
                  00000dae    00000012                 : dl_uart.o (.text.DL_UART_setClockConfig)
                  00000dc0    00000012     libc.a : copy_decompress_none.c.obj (.text:decompress:none)
                  00000dd2    0000000e     ads1299.o (.text.init_FIFO)
                  00000de0    0000000c     libclang_rt.builtins.a : aeabi_memset.S.obj (.text.__aeabi_memclr)
                  00000dec    0000000a     driverlib.a : dl_common.o (.text.DL_Common_delayCycles)
                  00000df6    00000002     --HOLE-- [fill = 0]
                  00000df8    00000008     libclang_rt.builtins.a : aeabi_memcpy.S.obj (.text.__aeabi_memcpy)
                  00000e00    00000006     libc.a : exit.c.obj (.text:abort)
                  00000e06    00000004     libsysbm.a : hostexit.c.obj (.text.HOSTexit)
                  00000e0a    00000004     startup_mspm0c110x_ticlang.o (.text.Reset_Handler)
                  00000e0e    00000004     libc.a : pre_init.c.obj (.text._system_pre_init)
                  00000e12    00000006     --HOLE-- [fill = 0]

.cinit     0    00000e30    00000030     
                  00000e30    0000000c     (__TI_handler_table)
                  00000e3c    00000008     (.cinit..bss.load) [load image, compression = zero_init]
                  00000e44    00000006     (.cinit..data.load) [load image, compression = lzss]
                  00000e4a    00000002     --HOLE-- [fill = 0]
                  00000e4c    00000010     (__TI_cinit_table)
                  00000e5c    00000004     --HOLE-- [fill = 0]

.rodata    0    00000e18    00000018     
                  00000e18    0000000a     ti_msp_dl_config.o (.rodata.gSPI_0_config)
                  00000e22    0000000a     ti_msp_dl_config.o (.rodata.gUART_0Config)
                  00000e2c    00000002     ti_msp_dl_config.o (.rodata.gSPI_0_clockConfig)
                  00000e2e    00000002     ti_msp_dl_config.o (.rodata.gUART_0ClockConfig)

.init_array 
*          0    00000000    00000000     UNINITIALIZED

.binit     0    00000000    00000000     

.bss       0    20000000    00000221     UNINITIALIZED
                  20000000    00000190     (.common:voltages)
                  20000190    00000088     (.common:AFE_FIFO)
                  20000218    00000004     (.common:sum)
                  2000021c    00000004     (.common:voltage)
                  20000220    00000001     (.common:count)

.data      0    20000221    00000002     UNINITIALIZED
                  20000221    00000001     main.o (.data.gCurrentIndex)
                  20000222    00000001     main.o (.data.gTxState)

.stack     0    200003c0    00000040     UNINITIALIZED
                  200003c0    00000004     libc.a : boot_cortex_m.c.obj (.stack)
                  200003c4    0000003c     --HOLE--

__llvm_prf_cnts 
*          0    20000000    00000000     UNINITIALIZED

__llvm_prf_bits 
*          0    20000000    00000000     UNINITIALIZED

MODULE SUMMARY

       Module                         code   ro data   rw data
       ------                         ----   -------   -------
    .\
       main.o                         356    0         547    
       ti_msp_dl_config.o             452    24        0      
       startup_mspm0c110x_ticlang.o   6      192       0      
    +--+------------------------------+------+---------+---------+
       Total:                         814    216       547    
                                                              
    .\src\
       ads1299.o                      724    0         0      
    +--+------------------------------+------+---------+---------+
       Total:                         724    0         0      
                                                              
    C:/ti/mspm0_sdk_2_07_00_05/source/ti/driverlib/lib/ticlang/m0p/mspm0c110x/driverlib.a
       dl_spi.o                       134    0         0      
       dl_uart.o                      90     0         0      
       dl_common.o                    10     0         0      
    +--+------------------------------+------+---------+---------+
       Total:                         234    0         0      
                                                              
    C:\ti\ccs2031\ccs\tools\compiler\ti-cgt-armllvm_4.0.4.LTS\lib\armv6m-ti-none-eabi/c/libc.a
       memcpy16.S.obj                 154    0         0      
       copy_decompress_lzss.c.obj     124    0         0      
       memset16.S.obj                 98     0         0      
       autoinit.c.obj                 60     0         0      
       boot_cortex_m.c.obj            40     0         0      
       copy_zero_init.c.obj           22     0         0      
       copy_decompress_none.c.obj     18     0         0      
       exit.c.obj                     6      0         0      
       pre_init.c.obj                 4      0         0      
    +--+------------------------------+------+---------+---------+
       Total:                         526    0         0      
                                                              
    C:\ti\ccs2031\ccs\tools\compiler\ti-cgt-armllvm_4.0.4.LTS\lib\armv6m-ti-none-eabi/c/libsysbm.a
       hostexit.c.obj                 4      0         0      
    +--+------------------------------+------+---------+---------+
       Total:                         4      0         0      
                                                              
    C:\ti\ccs2031\ccs\tools\compiler\ti-cgt-armllvm_4.0.4.LTS\lib\armv6m-ti-none-eabi/libclang_rt.builtins.a
       divdf3.S.obj                   268    0         0      
       muldf3.S.obj                   228    0         0      
       mulsf3.S.obj                   140    0         0      
       comparesf2.S.obj               118    0         0      
       aeabi_fcmp.S.obj               98     0         0      
       fixunsdfsi.S.obj               66     0         0      
       floatsisf.S.obj                60     0         0      
       muldsi3.S.obj                  58     0         0      
       floatsidf.S.obj                44     0         0      
       aeabi_memset.S.obj             12     0         0      
       aeabi_memcpy.S.obj             8      0         0      
    +--+------------------------------+------+---------+---------+
       Total:                         1100   0         0      
                                                              
       Stack:                         0      0         64     
       Linker Generated:              0      42        0      
    +--+------------------------------+------+---------+---------+
       Grand Total:                   3402   258       611    


LINKER GENERATED COPY TABLES

__TI_cinit_table @ 00000e4c records: 2, size/record: 8, table size: 16
	.bss: load addr=00000e3c, load size=00000008 bytes, run addr=20000000, run size=00000221 bytes, compression=zero_init
	.data: load addr=00000e44, load size=00000006 bytes, run addr=20000221, run size=00000002 bytes, compression=lzss


LINKER GENERATED HANDLER TABLE

__TI_handler_table @ 00000e30 records: 3, size/record: 4, table size: 12
	index: 0, handler: __TI_decompress_lzss
	index: 1, handler: __TI_decompress_none
	index: 2, handler: __TI_zero_init


GLOBAL SYMBOLS: SORTED ALPHABETICALLY BY Name 

address   name                          
-------   ----                          
00000577  ADC0_IRQHandler               
000000c1  ADS1299_init                  
000002f9  ADS1299_read_data_channel_2   
00000985  ADS1299_start_conversions     
20000190  AFE_FIFO                      
00000e06  C$$EXIT                       
00000ded  DL_Common_delayCycles         
00000a15  DL_SPI_init                   
00000d9d  DL_SPI_setClockConfig         
00000c6d  DL_SPI_transmitDataBlocking8  
000009cd  DL_UART_init                  
00000daf  DL_UART_setClockConfig        
00000577  DMA_IRQHandler                
00000577  Default_Handler               
00000bc9  GPIOA_IRQHandler              
00000577  GROUP0_IRQHandler             
00000e07  HOSTexit                      
00000577  HardFault_Handler             
00000577  I2C0_IRQHandler               
00000577  NMI_Handler                   
00000577  PendSV_Handler                
00000e0b  Reset_Handler                 
00000577  SPI0_IRQHandler               
00000577  SVC_Handler                   
00000805  SYSCFG_DL_GPIO_init           
00000939  SYSCFG_DL_SPI_0_init          
00000c01  SYSCFG_DL_SYSCTL_init         
0000068d  SYSCFG_DL_UART_0_init         
00000d6f  SYSCFG_DL_init                
00000c39  SYSCFG_DL_initPower           
00000577  SysTick_Handler               
00000577  TIMA0_IRQHandler              
00000577  TIMG14_IRQHandler             
00000577  TIMG8_IRQHandler              
00000605  UART0_IRQHandler              
20000400  __STACK_END                   
00000040  __STACK_SIZE                  
00000000  __TI_ATRegion0_region_sz      
00000000  __TI_ATRegion0_src_addr       
00000000  __TI_ATRegion0_trg_addr       
00000000  __TI_ATRegion1_region_sz      
00000000  __TI_ATRegion1_src_addr       
00000000  __TI_ATRegion1_trg_addr       
00000000  __TI_ATRegion2_region_sz      
00000000  __TI_ATRegion2_src_addr       
00000000  __TI_ATRegion2_trg_addr       
00000e4c  __TI_CINIT_Base               
00000e5c  __TI_CINIT_Limit              
00000e5c  __TI_CINIT_Warm               
00000e30  __TI_Handler_Table_Base       
00000e3c  __TI_Handler_Table_Limit      
00000b15  __TI_auto_init_nobinit_nopinit
00000711  __TI_decompress_lzss          
00000dc1  __TI_decompress_none          
ffffffff  __TI_pprof_out_hndl           
ffffffff  __TI_prof_data_size           
ffffffff  __TI_prof_data_start          
00000000  __TI_static_base__            
00000d87  __TI_zero_init_nomemset       
00000a59  __aeabi_d2uiz                 
000001ed  __aeabi_ddiv                  
000003f9  __aeabi_dmul                  
00000875  __aeabi_fcmpeq                
000008b1  __aeabi_fcmpge                
000008c5  __aeabi_fcmpgt                
0000089d  __aeabi_fcmple                
00000889  __aeabi_fcmplt                
00000579  __aeabi_fmul                  
00000c9d  __aeabi_i2d                   
00000a9d  __aeabi_i2f                   
00000de1  __aeabi_memclr                
00000de1  __aeabi_memclr4               
00000de1  __aeabi_memclr8               
00000df9  __aeabi_memcpy                
00000df9  __aeabi_memcpy4               
00000df9  __aeabi_memcpy8               
ffffffff  __binit__                     
00000b51  __cmpsf2                      
000001ed  __divdf3                      
00000b51  __eqsf2                       
00000a59  __fixunsdfsi                  
00000c9d  __floatsidf                   
00000a9d  __floatsisf                   
00000ad9  __gesf2                       
00000ad9  __gtsf2                       
00000b51  __lesf2                       
00000b51  __ltsf2                       
UNDEFED   __mpu_init                    
000003f9  __muldf3                      
00000b8d  __muldsi3                     
00000579  __mulsf3                      
00000b51  __nesf2                       
200003c0  __stack                       
20000000  __start___llvm_prf_bits       
20000000  __start___llvm_prf_cnts       
20000000  __stop___llvm_prf_bits        
20000000  __stop___llvm_prf_cnts        
00000d21  _c_int00_noargs               
UNDEFED   _system_post_cinit            
00000e0f  _system_pre_init              
00000e01  abort                         
ffffffff  binit                         
20000220  count                         
00000cc9  delay_ms                      
20000221  gCurrentIndex                 
20000222  gTxState                      
00000dd3  init_FIFO                     
00000000  interruptVectors              
0000078d  main                          
000004dd  memcpy                        
000008d7  memset                        
00000d49  read_FIFO                     
20000218  sum                           
2000021c  voltage                       
20000000  voltages                      
00000cf5  write_FIFO                    


GLOBAL SYMBOLS: SORTED BY Symbol Address 

address   name                          
-------   ----                          
00000000  __TI_ATRegion0_region_sz      
00000000  __TI_ATRegion0_src_addr       
00000000  __TI_ATRegion0_trg_addr       
00000000  __TI_ATRegion1_region_sz      
00000000  __TI_ATRegion1_src_addr       
00000000  __TI_ATRegion1_trg_addr       
00000000  __TI_ATRegion2_region_sz      
00000000  __TI_ATRegion2_src_addr       
00000000  __TI_ATRegion2_trg_addr       
00000000  __TI_static_base__            
00000000  interruptVectors              
00000040  __STACK_SIZE                  
000000c1  ADS1299_init                  
000001ed  __aeabi_ddiv                  
000001ed  __divdf3                      
000002f9  ADS1299_read_data_channel_2   
000003f9  __aeabi_dmul                  
000003f9  __muldf3                      
000004dd  memcpy                        
00000577  ADC0_IRQHandler               
00000577  DMA_IRQHandler                
00000577  Default_Handler               
00000577  GROUP0_IRQHandler             
00000577  HardFault_Handler             
00000577  I2C0_IRQHandler               
00000577  NMI_Handler                   
00000577  PendSV_Handler                
00000577  SPI0_IRQHandler               
00000577  SVC_Handler                   
00000577  SysTick_Handler               
00000577  TIMA0_IRQHandler              
00000577  TIMG14_IRQHandler             
00000577  TIMG8_IRQHandler              
00000579  __aeabi_fmul                  
00000579  __mulsf3                      
00000605  UART0_IRQHandler              
0000068d  SYSCFG_DL_UART_0_init         
00000711  __TI_decompress_lzss          
0000078d  main                          
00000805  SYSCFG_DL_GPIO_init           
00000875  __aeabi_fcmpeq                
00000889  __aeabi_fcmplt                
0000089d  __aeabi_fcmple                
000008b1  __aeabi_fcmpge                
000008c5  __aeabi_fcmpgt                
000008d7  memset                        
00000939  SYSCFG_DL_SPI_0_init          
00000985  ADS1299_start_conversions     
000009cd  DL_UART_init                  
00000a15  DL_SPI_init                   
00000a59  __aeabi_d2uiz                 
00000a59  __fixunsdfsi                  
00000a9d  __aeabi_i2f                   
00000a9d  __floatsisf                   
00000ad9  __gesf2                       
00000ad9  __gtsf2                       
00000b15  __TI_auto_init_nobinit_nopinit
00000b51  __cmpsf2                      
00000b51  __eqsf2                       
00000b51  __lesf2                       
00000b51  __ltsf2                       
00000b51  __nesf2                       
00000b8d  __muldsi3                     
00000bc9  GPIOA_IRQHandler              
00000c01  SYSCFG_DL_SYSCTL_init         
00000c39  SYSCFG_DL_initPower           
00000c6d  DL_SPI_transmitDataBlocking8  
00000c9d  __aeabi_i2d                   
00000c9d  __floatsidf                   
00000cc9  delay_ms                      
00000cf5  write_FIFO                    
00000d21  _c_int00_noargs               
00000d49  read_FIFO                     
00000d6f  SYSCFG_DL_init                
00000d87  __TI_zero_init_nomemset       
00000d9d  DL_SPI_setClockConfig         
00000daf  DL_UART_setClockConfig        
00000dc1  __TI_decompress_none          
00000dd3  init_FIFO                     
00000de1  __aeabi_memclr                
00000de1  __aeabi_memclr4               
00000de1  __aeabi_memclr8               
00000ded  DL_Common_delayCycles         
00000df9  __aeabi_memcpy                
00000df9  __aeabi_memcpy4               
00000df9  __aeabi_memcpy8               
00000e01  abort                         
00000e06  C$$EXIT                       
00000e07  HOSTexit                      
00000e0b  Reset_Handler                 
00000e0f  _system_pre_init              
00000e30  __TI_Handler_Table_Base       
00000e3c  __TI_Handler_Table_Limit      
00000e4c  __TI_CINIT_Base               
00000e5c  __TI_CINIT_Limit              
00000e5c  __TI_CINIT_Warm               
20000000  __start___llvm_prf_bits       
20000000  __start___llvm_prf_cnts       
20000000  __stop___llvm_prf_bits        
20000000  __stop___llvm_prf_cnts        
20000000  voltages                      
20000190  AFE_FIFO                      
20000218  sum                           
2000021c  voltage                       
20000220  count                         
20000221  gCurrentIndex                 
20000222  gTxState                      
200003c0  __stack                       
20000400  __STACK_END                   
ffffffff  __TI_pprof_out_hndl           
ffffffff  __TI_prof_data_size           
ffffffff  __TI_prof_data_start          
ffffffff  __binit__                     
ffffffff  binit                         
UNDEFED   __mpu_init                    
UNDEFED   _system_post_cinit            

[116 symbols]
