******************************************************************************
            TI ARM Clang Linker PC v4.0.4                      
******************************************************************************
>> Linked Thu Jan 29 17:38:44 2026

OUTPUT FILE NAME:   <DTCP_Firmware.out>
ENTRY POINT SYMBOL: "_c_int00_noargs"  address: 00000559


MEMORY CONFIGURATION

         name            origin    length      used     unused   attr    fill
----------------------  --------  ---------  --------  --------  ----  --------
  FLASH                 00000000   00004000  000006c0  00003940  R  X
  SRAM                  20000000   00000400  00000044  000003bc  RW X
  BCR_CONFIG            41c00000   000000ff  00000000  000000ff  R   


SEGMENT ALLOCATION MAP

run origin  load origin   length   init length attrs members
----------  ----------- ---------- ----------- ----- -------
00000000    00000000    000006c0   000006c0    r-x
  00000000    00000000    000000c0   000000c0    r-- .intvecs
  000000c0    000000c0    000005d8   000005d8    r-x .text
  00000698    00000698    00000010   00000010    r-- .rodata
  000006a8    000006a8    00000018   00000018    r-- .cinit
20000000    20000000    00000004   00000000    rw-
  20000000    20000000    00000004   00000000    rw- .bss
200003c0    200003c0    00000040   00000000    rw-
  200003c0    200003c0    00000040   00000000    rw- .stack


SECTION ALLOCATION MAP

 output                                  attributes/
section   page    origin      length       input sections
--------  ----  ----------  ----------   ----------------
.intvecs   0    00000000    000000c0     
                  00000000    000000c0     startup_mspm0c110x_ticlang.o (.intvecs)

.text      0    000000c0    000005d8     
                  000000c0    000001e0     main.o (.text.main)
                  000002a0    0000008c     libclang_rt.builtins.a : mulsf3.S.obj (.text.__mulsf3)
                  0000032c    0000004c     ti_msp_dl_config.o (.text.SYSCFG_DL_SPI_0_init)
                  00000378    00000048     ti_msp_dl_config.o (.text.SYSCFG_DL_GPIO_init)
                  000003c0    00000044     ads1299.o (.text.ADS1299_transmit_cmd)
                  00000404    00000044     driverlib.a : dl_spi.o (.text.DL_SPI_init)
                  00000448    0000003c     libclang_rt.builtins.a : floatsisf.S.obj (.text.__floatsisf)
                  00000484    0000003c     libc.a : autoinit.c.obj (.text:__TI_auto_init_nobinit_nopinit)
                  000004c0    0000003a     libclang_rt.builtins.a : muldsi3.S.obj (.text.__muldsi3)
                  000004fa    00000002     startup_mspm0c110x_ticlang.o (.text.Default_Handler)
                  000004fc    00000030     driverlib.a : dl_spi.o (.text.DL_SPI_transmitDataBlocking8)
                  0000052c    0000002c     ti_msp_dl_config.o (.text.SYSCFG_DL_initPower)
                  00000558    00000028     libc.a : boot_cortex_m.c.obj (.text:_c_int00_noargs)
                  00000580    00000024     ti_msp_dl_config.o (.text.SYSCFG_DL_SYSCTL_init)
                  000005a4    00000018     ads1299.o (.text.DL_GPIO_setPins)
                  000005bc    00000018     main.o (.text.DL_GPIO_setPins)
                  000005d4    00000016     main.o (.text.DL_GPIO_readPins)
                  000005ea    00000016     libc.a : copy_zero_init.c.obj (.text:decompress:ZI:__TI_zero_init_nomemset)
                  00000600    00000014     ads1299.o (.text.DL_GPIO_clearPins)
                  00000614    00000014     main.o (.text.DL_GPIO_clearPins)
                  00000628    00000014     ads1299.o (.text.DL_SPI_receiveData8)
                  0000063c    00000014     main.o (.text.DL_SPI_receiveData8)
                  00000650    00000014     ti_msp_dl_config.o (.text.SYSCFG_DL_init)
                  00000664    00000012     driverlib.a : dl_spi.o (.text.DL_SPI_setClockConfig)
                  00000676    0000000a                 : dl_common.o (.text.DL_Common_delayCycles)
                  00000680    00000006     libc.a : exit.c.obj (.text:abort)
                  00000686    00000004     libsysbm.a : hostexit.c.obj (.text.HOSTexit)
                  0000068a    00000004     startup_mspm0c110x_ticlang.o (.text.Reset_Handler)
                  0000068e    00000004     libc.a : pre_init.c.obj (.text._system_pre_init)
                  00000692    00000006     --HOLE-- [fill = 0]

.cinit     0    000006a8    00000018     
                  000006a8    00000008     (.cinit..bss.load) [load image, compression = zero_init]
                  000006b0    00000004     (__TI_handler_table)
                  000006b4    00000008     (__TI_cinit_table)
                  000006bc    00000004     --HOLE-- [fill = 0]

.rodata    0    00000698    00000010     
                  00000698    0000000a     ti_msp_dl_config.o (.rodata.gSPI_0_config)
                  000006a2    00000002     ti_msp_dl_config.o (.rodata.gSPI_0_clockConfig)
                  000006a4    00000004     --HOLE-- [fill = 0]

.init_array 
*          0    00000000    00000000     UNINITIALIZED

.binit     0    00000000    00000000     

.bss       0    20000000    00000004     UNINITIALIZED
                  20000000    00000004     (.common:voltage)

.stack     0    200003c0    00000040     UNINITIALIZED
                  200003c0    00000004     libc.a : boot_cortex_m.c.obj (.stack)
                  200003c4    0000003c     --HOLE--

__llvm_prf_cnts 
*          0    20000000    00000000     UNINITIALIZED

__llvm_prf_bits 
*          0    20000000    00000000     UNINITIALIZED

MODULE SUMMARY

       Module                         code   ro data   rw data
       ------                         ----   -------   -------
    .\
       main.o                         566    0         4      
       ti_msp_dl_config.o             248    12        0      
       startup_mspm0c110x_ticlang.o   6      192       0      
    +--+------------------------------+------+---------+---------+
       Total:                         820    204       4      
                                                              
    .\src\
       ads1299.o                      132    0         0      
    +--+------------------------------+------+---------+---------+
       Total:                         132    0         0      
                                                              
    C:/ti/mspm0_sdk_2_07_00_05/source/ti/driverlib/lib/ticlang/m0p/mspm0c110x/driverlib.a
       dl_spi.o                       134    0         0      
       dl_common.o                    10     0         0      
    +--+------------------------------+------+---------+---------+
       Total:                         144    0         0      
                                                              
    C:\ti\ccs2031\ccs\tools\compiler\ti-cgt-armllvm_4.0.4.LTS\lib\armv6m-ti-none-eabi/c/libc.a
       autoinit.c.obj                 60     0         0      
       boot_cortex_m.c.obj            40     0         0      
       copy_zero_init.c.obj           22     0         0      
       exit.c.obj                     6      0         0      
       pre_init.c.obj                 4      0         0      
    +--+------------------------------+------+---------+---------+
       Total:                         132    0         0      
                                                              
    C:\ti\ccs2031\ccs\tools\compiler\ti-cgt-armllvm_4.0.4.LTS\lib\armv6m-ti-none-eabi/c/libsysbm.a
       hostexit.c.obj                 4      0         0      
    +--+------------------------------+------+---------+---------+
       Total:                         4      0         0      
                                                              
    C:\ti\ccs2031\ccs\tools\compiler\ti-cgt-armllvm_4.0.4.LTS\lib\armv6m-ti-none-eabi/libclang_rt.builtins.a
       mulsf3.S.obj                   140    0         0      
       floatsisf.S.obj                60     0         0      
       muldsi3.S.obj                  58     0         0      
    +--+------------------------------+------+---------+---------+
       Total:                         258    0         0      
                                                              
       Stack:                         0      0         64     
       Linker Generated:              0      20        0      
    +--+------------------------------+------+---------+---------+
       Grand Total:                   1490   224       68     


LINKER GENERATED COPY TABLES

__TI_cinit_table @ 000006b4 records: 1, size/record: 8, table size: 8
	.bss: load addr=000006a8, load size=00000008 bytes, run addr=20000000, run size=00000004 bytes, compression=zero_init


LINKER GENERATED HANDLER TABLE

__TI_handler_table @ 000006b0 records: 1, size/record: 4, table size: 4
	index: 0, handler: __TI_zero_init


GLOBAL SYMBOLS: SORTED ALPHABETICALLY BY Name 

address   name                          
-------   ----                          
000004fb  ADC0_IRQHandler               
000003c1  ADS1299_transmit_cmd          
00000686  C$$EXIT                       
00000677  DL_Common_delayCycles         
00000405  DL_SPI_init                   
00000665  DL_SPI_setClockConfig         
000004fd  DL_SPI_transmitDataBlocking8  
000004fb  DMA_IRQHandler                
000004fb  Default_Handler               
000004fb  GPIOA_IRQHandler              
000004fb  GROUP0_IRQHandler             
00000687  HOSTexit                      
000004fb  HardFault_Handler             
000004fb  I2C0_IRQHandler               
000004fb  NMI_Handler                   
000004fb  PendSV_Handler                
0000068b  Reset_Handler                 
000004fb  SPI0_IRQHandler               
000004fb  SVC_Handler                   
00000379  SYSCFG_DL_GPIO_init           
0000032d  SYSCFG_DL_SPI_0_init          
00000581  SYSCFG_DL_SYSCTL_init         
00000651  SYSCFG_DL_init                
0000052d  SYSCFG_DL_initPower           
000004fb  SysTick_Handler               
000004fb  TIMA0_IRQHandler              
000004fb  TIMG14_IRQHandler             
000004fb  TIMG8_IRQHandler              
000004fb  UART0_IRQHandler              
20000400  __STACK_END                   
00000040  __STACK_SIZE                  
00000000  __TI_ATRegion0_region_sz      
00000000  __TI_ATRegion0_src_addr       
00000000  __TI_ATRegion0_trg_addr       
00000000  __TI_ATRegion1_region_sz      
00000000  __TI_ATRegion1_src_addr       
00000000  __TI_ATRegion1_trg_addr       
00000000  __TI_ATRegion2_region_sz      
00000000  __TI_ATRegion2_src_addr       
00000000  __TI_ATRegion2_trg_addr       
000006b4  __TI_CINIT_Base               
000006bc  __TI_CINIT_Limit              
000006bc  __TI_CINIT_Warm               
000006b0  __TI_Handler_Table_Base       
000006b4  __TI_Handler_Table_Limit      
00000485  __TI_auto_init_nobinit_nopinit
ffffffff  __TI_pprof_out_hndl           
ffffffff  __TI_prof_data_size           
ffffffff  __TI_prof_data_start          
00000000  __TI_static_base__            
000005eb  __TI_zero_init_nomemset       
000002a1  __aeabi_fmul                  
00000449  __aeabi_i2f                   
ffffffff  __binit__                     
00000449  __floatsisf                   
UNDEFED   __mpu_init                    
000004c1  __muldsi3                     
000002a1  __mulsf3                      
200003c0  __stack                       
20000000  __start___llvm_prf_bits       
20000000  __start___llvm_prf_cnts       
20000000  __stop___llvm_prf_bits        
20000000  __stop___llvm_prf_cnts        
00000559  _c_int00_noargs               
UNDEFED   _system_post_cinit            
0000068f  _system_pre_init              
00000681  abort                         
ffffffff  binit                         
00000000  interruptVectors              
000000c1  main                          
20000000  voltage                       


GLOBAL SYMBOLS: SORTED BY Symbol Address 

address   name                          
-------   ----                          
00000000  __TI_ATRegion0_region_sz      
00000000  __TI_ATRegion0_src_addr       
00000000  __TI_ATRegion0_trg_addr       
00000000  __TI_ATRegion1_region_sz      
00000000  __TI_ATRegion1_src_addr       
00000000  __TI_ATRegion1_trg_addr       
00000000  __TI_ATRegion2_region_sz      
00000000  __TI_ATRegion2_src_addr       
00000000  __TI_ATRegion2_trg_addr       
00000000  __TI_static_base__            
00000000  interruptVectors              
00000040  __STACK_SIZE                  
000000c1  main                          
000002a1  __aeabi_fmul                  
000002a1  __mulsf3                      
0000032d  SYSCFG_DL_SPI_0_init          
00000379  SYSCFG_DL_GPIO_init           
000003c1  ADS1299_transmit_cmd          
00000405  DL_SPI_init                   
00000449  __aeabi_i2f                   
00000449  __floatsisf                   
00000485  __TI_auto_init_nobinit_nopinit
000004c1  __muldsi3                     
000004fb  ADC0_IRQHandler               
000004fb  DMA_IRQHandler                
000004fb  Default_Handler               
000004fb  GPIOA_IRQHandler              
000004fb  GROUP0_IRQHandler             
000004fb  HardFault_Handler             
000004fb  I2C0_IRQHandler               
000004fb  NMI_Handler                   
000004fb  PendSV_Handler                
000004fb  SPI0_IRQHandler               
000004fb  SVC_Handler                   
000004fb  SysTick_Handler               
000004fb  TIMA0_IRQHandler              
000004fb  TIMG14_IRQHandler             
000004fb  TIMG8_IRQHandler              
000004fb  UART0_IRQHandler              
000004fd  DL_SPI_transmitDataBlocking8  
0000052d  SYSCFG_DL_initPower           
00000559  _c_int00_noargs               
00000581  SYSCFG_DL_SYSCTL_init         
000005eb  __TI_zero_init_nomemset       
00000651  SYSCFG_DL_init                
00000665  DL_SPI_setClockConfig         
00000677  DL_Common_delayCycles         
00000681  abort                         
00000686  C$$EXIT                       
00000687  HOSTexit                      
0000068b  Reset_Handler                 
0000068f  _system_pre_init              
000006b0  __TI_Handler_Table_Base       
000006b4  __TI_CINIT_Base               
000006b4  __TI_Handler_Table_Limit      
000006bc  __TI_CINIT_Limit              
000006bc  __TI_CINIT_Warm               
20000000  __start___llvm_prf_bits       
20000000  __start___llvm_prf_cnts       
20000000  __stop___llvm_prf_bits        
20000000  __stop___llvm_prf_cnts        
20000000  voltage                       
200003c0  __stack                       
20000400  __STACK_END                   
ffffffff  __TI_pprof_out_hndl           
ffffffff  __TI_prof_data_size           
ffffffff  __TI_prof_data_start          
ffffffff  __binit__                     
ffffffff  binit                         
UNDEFED   __mpu_init                    
UNDEFED   _system_post_cinit            

[71 symbols]
