******************************************************************************
            TI ARM Clang Linker PC v4.0.4                      
******************************************************************************
>> Linked Mon Dec  1 18:35:46 2025

OUTPUT FILE NAME:   <DTCP_Firmware.out>
ENTRY POINT SYMBOL: "_c_int00_noinit_noargs"  address: 0000031d


MEMORY CONFIGURATION

         name            origin    length      used     unused   attr    fill
----------------------  --------  ---------  --------  --------  ----  --------
  FLASH                 00000000   00004000  000003b0  00003c50  R  X
  SRAM                  20000000   00000400  00000040  000003c0  RW X
  BCR_CONFIG            41c00000   000000ff  00000000  000000ff  R   


SEGMENT ALLOCATION MAP

run origin  load origin   length   init length attrs members
----------  ----------- ---------- ----------- ----- -------
00000000    00000000    000003b0   000003b0    r-x
  00000000    00000000    000000c0   000000c0    r-- .intvecs
  000000c0    000000c0    000002d8   000002d8    r-x .text
  00000398    00000398    00000018   00000018    r-- .rodata
200003c0    200003c0    00000040   00000000    rw-
  200003c0    200003c0    00000040   00000000    rw- .stack


SECTION ALLOCATION MAP

 output                                  attributes/
section   page    origin      length       input sections
--------  ----  ----------  ----------   ----------------
.intvecs   0    00000000    000000c0     
                  00000000    000000c0     startup_mspm0c110x_ticlang.o (.intvecs)

.text      0    000000c0    000002d8     
                  000000c0    00000064     ti_msp_dl_config.o (.text.SYSCFG_DL_UART_0_init)
                  00000124    0000004c     ti_msp_dl_config.o (.text.SYSCFG_DL_SPI_0_init)
                  00000170    00000048     driverlib.a : dl_uart.o (.text.DL_UART_init)
                  000001b8    00000044                 : dl_spi.o (.text.DL_SPI_init)
                  000001fc    00000040     ads1299.o (.text.ADS_1299_write_registers)
                  0000023c    00000034     ti_msp_dl_config.o (.text.SYSCFG_DL_initPower)
                  00000270    00000030     driverlib.a : dl_spi.o (.text.DL_SPI_transmitDataBlocking8)
                  000002a0    00000030     ti_msp_dl_config.o (.text.SYSCFG_DL_GPIO_init)
                  000002d0    00000028     main.o (.text.main)
                  000002f8    00000024     ti_msp_dl_config.o (.text.SYSCFG_DL_SYSCTL_init)
                  0000031c    00000020     libc.a : boot_cortex_m.c.obj (.text:_c_int00_noinit_noargs)
                  0000033c    00000018     ti_msp_dl_config.o (.text.SYSCFG_DL_init)
                  00000354    00000012     driverlib.a : dl_spi.o (.text.DL_SPI_setClockConfig)
                  00000366    00000012                 : dl_uart.o (.text.DL_UART_setClockConfig)
                  00000378    0000000a                 : dl_common.o (.text.DL_Common_delayCycles)
                  00000382    00000006     libc.a : exit.c.obj (.text:abort)
                  00000388    00000004     libsysbm.a : hostexit.c.obj (.text.HOSTexit)
                  0000038c    00000004     startup_mspm0c110x_ticlang.o (.text.Reset_Handler)
                  00000390    00000004     libc.a : pre_init.c.obj (.text._system_pre_init)
                  00000394    00000002     startup_mspm0c110x_ticlang.o (.text.Default_Handler)
                  00000396    00000002     --HOLE-- [fill = 0]

.cinit     0    00000000    00000000     

.rodata    0    00000398    00000018     
                  00000398    0000000a     ti_msp_dl_config.o (.rodata.gSPI_0_config)
                  000003a2    0000000a     ti_msp_dl_config.o (.rodata.gUART_0Config)
                  000003ac    00000002     ti_msp_dl_config.o (.rodata.gSPI_0_clockConfig)
                  000003ae    00000002     ti_msp_dl_config.o (.rodata.gUART_0ClockConfig)

.init_array 
*          0    00000000    00000000     UNINITIALIZED

.binit     0    00000000    00000000     

.stack     0    200003c0    00000040     UNINITIALIZED
                  200003c0    00000004     libc.a : boot_cortex_m.c.obj (.stack)
                  200003c4    0000003c     --HOLE--

__llvm_prf_cnts 
*          0    20000000    00000000     UNINITIALIZED

__llvm_prf_bits 
*          0    20000000    00000000     UNINITIALIZED

MODULE SUMMARY

       Module                         code   ro data   rw data
       ------                         ----   -------   -------
    .\
       ti_msp_dl_config.o             336    24        0      
       startup_mspm0c110x_ticlang.o   6      192       0      
       main.o                         40     0         0      
    +--+------------------------------+------+---------+---------+
       Total:                         382    216       0      
                                                              
    .\src\
       ads1299.o                      64     0         0      
    +--+------------------------------+------+---------+---------+
       Total:                         64     0         0      
                                                              
    C:/ti/mspm0_sdk_2_07_00_05/source/ti/driverlib/lib/ticlang/m0p/mspm0c110x/driverlib.a
       dl_spi.o                       134    0         0      
       dl_uart.o                      90     0         0      
       dl_common.o                    10     0         0      
    +--+------------------------------+------+---------+---------+
       Total:                         234    0         0      
                                                              
    C:\ti\ccs2031\ccs\tools\compiler\ti-cgt-armllvm_4.0.4.LTS\lib\armv6m-ti-none-eabi/c/libc.a
       boot_cortex_m.c.obj            32     0         0      
       exit.c.obj                     6      0         0      
       pre_init.c.obj                 4      0         0      
    +--+------------------------------+------+---------+---------+
       Total:                         42     0         0      
                                                              
    C:\ti\ccs2031\ccs\tools\compiler\ti-cgt-armllvm_4.0.4.LTS\lib\armv6m-ti-none-eabi/c/libsysbm.a
       hostexit.c.obj                 4      0         0      
    +--+------------------------------+------+---------+---------+
       Total:                         4      0         0      
                                                              
       Stack:                         0      0         64     
    +--+------------------------------+------+---------+---------+
       Grand Total:                   726    216       64     


GLOBAL SYMBOLS: SORTED ALPHABETICALLY BY Name 

address   name                        
-------   ----                        
00000395  ADC0_IRQHandler             
000001fd  ADS_1299_write_registers    
00000388  C$$EXIT                     
00000379  DL_Common_delayCycles       
000001b9  DL_SPI_init                 
00000355  DL_SPI_setClockConfig       
00000271  DL_SPI_transmitDataBlocking8
00000171  DL_UART_init                
00000367  DL_UART_setClockConfig      
00000395  DMA_IRQHandler              
00000395  Default_Handler             
00000395  GPIOA_IRQHandler            
00000395  GROUP0_IRQHandler           
00000389  HOSTexit                    
00000395  HardFault_Handler           
00000395  I2C0_IRQHandler             
00000395  NMI_Handler                 
00000395  PendSV_Handler              
0000038d  Reset_Handler               
00000395  SPI0_IRQHandler             
00000395  SVC_Handler                 
000002a1  SYSCFG_DL_GPIO_init         
00000125  SYSCFG_DL_SPI_0_init        
000002f9  SYSCFG_DL_SYSCTL_init       
000000c1  SYSCFG_DL_UART_0_init       
0000033d  SYSCFG_DL_init              
0000023d  SYSCFG_DL_initPower         
00000395  SysTick_Handler             
00000395  TIMA0_IRQHandler            
00000395  TIMG14_IRQHandler           
00000395  TIMG8_IRQHandler            
00000395  UART0_IRQHandler            
20000400  __STACK_END                 
00000040  __STACK_SIZE                
00000000  __TI_ATRegion0_region_sz    
00000000  __TI_ATRegion0_src_addr     
00000000  __TI_ATRegion0_trg_addr     
00000000  __TI_ATRegion1_region_sz    
00000000  __TI_ATRegion1_src_addr     
00000000  __TI_ATRegion1_trg_addr     
00000000  __TI_ATRegion2_region_sz    
00000000  __TI_ATRegion2_src_addr     
00000000  __TI_ATRegion2_trg_addr     
00000000  __TI_CINIT_Base             
00000000  __TI_CINIT_Limit            
00000000  __TI_CINIT_Warm             
ffffffff  __TI_pprof_out_hndl         
ffffffff  __TI_prof_data_size         
ffffffff  __TI_prof_data_start        
00000000  __TI_static_base__          
ffffffff  __binit__                   
UNDEFED   __mpu_init                  
200003c0  __stack                     
20000000  __start___llvm_prf_bits     
20000000  __start___llvm_prf_cnts     
20000000  __stop___llvm_prf_bits      
20000000  __stop___llvm_prf_cnts      
0000031d  _c_int00_noinit_noargs      
00000391  _system_pre_init            
00000383  abort                       
ffffffff  binit                       
00000000  interruptVectors            
000002d1  main                        


GLOBAL SYMBOLS: SORTED BY Symbol Address 

address   name                        
-------   ----                        
00000000  __TI_ATRegion0_region_sz    
00000000  __TI_ATRegion0_src_addr     
00000000  __TI_ATRegion0_trg_addr     
00000000  __TI_ATRegion1_region_sz    
00000000  __TI_ATRegion1_src_addr     
00000000  __TI_ATRegion1_trg_addr     
00000000  __TI_ATRegion2_region_sz    
00000000  __TI_ATRegion2_src_addr     
00000000  __TI_ATRegion2_trg_addr     
00000000  __TI_CINIT_Base             
00000000  __TI_CINIT_Limit            
00000000  __TI_CINIT_Warm             
00000000  __TI_static_base__          
00000000  interruptVectors            
00000040  __STACK_SIZE                
000000c1  SYSCFG_DL_UART_0_init       
00000125  SYSCFG_DL_SPI_0_init        
00000171  DL_UART_init                
000001b9  DL_SPI_init                 
000001fd  ADS_1299_write_registers    
0000023d  SYSCFG_DL_initPower         
00000271  DL_SPI_transmitDataBlocking8
000002a1  SYSCFG_DL_GPIO_init         
000002d1  main                        
000002f9  SYSCFG_DL_SYSCTL_init       
0000031d  _c_int00_noinit_noargs      
0000033d  SYSCFG_DL_init              
00000355  DL_SPI_setClockConfig       
00000367  DL_UART_setClockConfig      
00000379  DL_Common_delayCycles       
00000383  abort                       
00000388  C$$EXIT                     
00000389  HOSTexit                    
0000038d  Reset_Handler               
00000391  _system_pre_init            
00000395  ADC0_IRQHandler             
00000395  DMA_IRQHandler              
00000395  Default_Handler             
00000395  GPIOA_IRQHandler            
00000395  GROUP0_IRQHandler           
00000395  HardFault_Handler           
00000395  I2C0_IRQHandler             
00000395  NMI_Handler                 
00000395  PendSV_Handler              
00000395  SPI0_IRQHandler             
00000395  SVC_Handler                 
00000395  SysTick_Handler             
00000395  TIMA0_IRQHandler            
00000395  TIMG14_IRQHandler           
00000395  TIMG8_IRQHandler            
00000395  UART0_IRQHandler            
20000000  __start___llvm_prf_bits     
20000000  __start___llvm_prf_cnts     
20000000  __stop___llvm_prf_bits      
20000000  __stop___llvm_prf_cnts      
200003c0  __stack                     
20000400  __STACK_END                 
ffffffff  __TI_pprof_out_hndl         
ffffffff  __TI_prof_data_size         
ffffffff  __TI_prof_data_start        
ffffffff  __binit__                   
ffffffff  binit                       
UNDEFED   __mpu_init                  

[63 symbols]
