******************************************************************************
            TI ARM Clang Linker PC v4.0.4                      
******************************************************************************
>> Linked Tue Jan 27 20:09:15 2026

OUTPUT FILE NAME:   <DTCP_Firmware.out>
ENTRY POINT SYMBOL: "_c_int00_noinit_noargs"  address: 000007b9


MEMORY CONFIGURATION

         name            origin    length      used     unused   attr    fill
----------------------  --------  ---------  --------  --------  ----  --------
  FLASH                 00000000   00004000  000008d0  00003730  R  X
  SRAM                  20000000   00000400  00000040  000003c0  RW X
  BCR_CONFIG            41c00000   000000ff  00000000  000000ff  R   


SEGMENT ALLOCATION MAP

run origin  load origin   length   init length attrs members
----------  ----------- ---------- ----------- ----- -------
00000000    00000000    000008d0   000008d0    r-x
  00000000    00000000    000000c0   000000c0    r-- .intvecs
  000000c0    000000c0    00000800   00000800    r-x .text
  000008c0    000008c0    00000010   00000010    r-- .rodata
200003c0    200003c0    00000040   00000000    rw-
  200003c0    200003c0    00000040   00000000    rw- .stack


SECTION ALLOCATION MAP

 output                                  attributes/
section   page    origin      length       input sections
--------  ----  ----------  ----------   ----------------
.intvecs   0    00000000    000000c0     
                  00000000    000000c0     startup_mspm0c110x_ticlang.o (.intvecs)

.text      0    000000c0    00000800     
                  000000c0    00000264     main.o (.text.main)
                  00000324    0000010c     libclang_rt.builtins.a : divdf3.S.obj (.text.__divdf3)
                  00000430    000000e4                            : muldf3.S.obj (.text.__muldf3)
                  00000514    00000062     libc.a : memset16.S.obj (.text:memset)
                  00000576    00000002     startup_mspm0c110x_ticlang.o (.text.Default_Handler)
                  00000578    0000004c     ti_msp_dl_config.o (.text.SYSCFG_DL_SPI_0_init)
                  000005c4    00000048     ti_msp_dl_config.o (.text.SYSCFG_DL_GPIO_init)
                  0000060c    00000044     ads1299.o (.text.ADS1299_transmit_cmd)
                  00000650    00000044     driverlib.a : dl_spi.o (.text.DL_SPI_init)
                  00000694    00000042     libclang_rt.builtins.a : fixunsdfsi.S.obj (.text.__fixunsdfsi)
                  000006d6    00000002     --HOLE-- [fill = 0]
                  000006d8    0000003a                            : muldsi3.S.obj (.text.__muldsi3)
                  00000712    00000002     --HOLE-- [fill = 0]
                  00000714    00000030     driverlib.a : dl_spi.o (.text.DL_SPI_transmitDataBlocking8)
                  00000744    0000002c     ti_msp_dl_config.o (.text.SYSCFG_DL_initPower)
                  00000770    00000024     ti_msp_dl_config.o (.text.SYSCFG_DL_SYSCTL_init)
                  00000794    00000024     libclang_rt.builtins.a : floatunsidf.S.obj (.text.__floatunsidf)
                  000007b8    00000020     libc.a : boot_cortex_m.c.obj (.text:_c_int00_noinit_noargs)
                  000007d8    00000018     ads1299.o (.text.DL_GPIO_setPins)
                  000007f0    00000018     main.o (.text.DL_GPIO_setPins)
                  00000808    00000016     main.o (.text.DL_GPIO_readPins)
                  0000081e    00000014     ads1299.o (.text.DL_GPIO_clearPins)
                  00000832    00000014     main.o (.text.DL_GPIO_clearPins)
                  00000846    00000002     --HOLE-- [fill = 0]
                  00000848    00000014     ads1299.o (.text.DL_SPI_receiveData8)
                  0000085c    00000014     main.o (.text.DL_SPI_receiveData8)
                  00000870    00000014     ti_msp_dl_config.o (.text.SYSCFG_DL_init)
                  00000884    00000012     driverlib.a : dl_spi.o (.text.DL_SPI_setClockConfig)
                  00000896    00000002     --HOLE-- [fill = 0]
                  00000898    0000000c     libclang_rt.builtins.a : aeabi_memset.S.obj (.text.__aeabi_memclr)
                  000008a4    0000000a     driverlib.a : dl_common.o (.text.DL_Common_delayCycles)
                  000008ae    00000006     libc.a : exit.c.obj (.text:abort)
                  000008b4    00000004     libsysbm.a : hostexit.c.obj (.text.HOSTexit)
                  000008b8    00000004     startup_mspm0c110x_ticlang.o (.text.Reset_Handler)
                  000008bc    00000004     libc.a : pre_init.c.obj (.text._system_pre_init)

.cinit     0    00000000    00000000     

.rodata    0    000008c0    00000010     
                  000008c0    0000000a     ti_msp_dl_config.o (.rodata.gSPI_0_config)
                  000008ca    00000002     ti_msp_dl_config.o (.rodata.gSPI_0_clockConfig)
                  000008cc    00000004     --HOLE-- [fill = 0]

.init_array 
*          0    00000000    00000000     UNINITIALIZED

.binit     0    00000000    00000000     

.stack     0    200003c0    00000040     UNINITIALIZED
                  200003c0    00000004     libc.a : boot_cortex_m.c.obj (.stack)
                  200003c4    0000003c     --HOLE--

__llvm_prf_cnts 
*          0    20000000    00000000     UNINITIALIZED

__llvm_prf_bits 
*          0    20000000    00000000     UNINITIALIZED

MODULE SUMMARY

       Module                         code   ro data   rw data
       ------                         ----   -------   -------
    .\
       main.o                         698    0         0      
       ti_msp_dl_config.o             248    12        0      
       startup_mspm0c110x_ticlang.o   6      192       0      
    +--+------------------------------+------+---------+---------+
       Total:                         952    204       0      
                                                              
    .\src\
       ads1299.o                      132    0         0      
    +--+------------------------------+------+---------+---------+
       Total:                         132    0         0      
                                                              
    C:/ti/mspm0_sdk_2_07_00_05/source/ti/driverlib/lib/ticlang/m0p/mspm0c110x/driverlib.a
       dl_spi.o                       134    0         0      
       dl_common.o                    10     0         0      
    +--+------------------------------+------+---------+---------+
       Total:                         144    0         0      
                                                              
    C:\ti\ccs2031\ccs\tools\compiler\ti-cgt-armllvm_4.0.4.LTS\lib\armv6m-ti-none-eabi/c/libc.a
       memset16.S.obj                 98     0         0      
       boot_cortex_m.c.obj            32     0         0      
       exit.c.obj                     6      0         0      
       pre_init.c.obj                 4      0         0      
    +--+------------------------------+------+---------+---------+
       Total:                         140    0         0      
                                                              
    C:\ti\ccs2031\ccs\tools\compiler\ti-cgt-armllvm_4.0.4.LTS\lib\armv6m-ti-none-eabi/c/libsysbm.a
       hostexit.c.obj                 4      0         0      
    +--+------------------------------+------+---------+---------+
       Total:                         4      0         0      
                                                              
    C:\ti\ccs2031\ccs\tools\compiler\ti-cgt-armllvm_4.0.4.LTS\lib\armv6m-ti-none-eabi/libclang_rt.builtins.a
       divdf3.S.obj                   268    0         0      
       muldf3.S.obj                   228    0         0      
       fixunsdfsi.S.obj               66     0         0      
       muldsi3.S.obj                  58     0         0      
       floatunsidf.S.obj              36     0         0      
       aeabi_memset.S.obj             12     0         0      
    +--+------------------------------+------+---------+---------+
       Total:                         668    0         0      
                                                              
       Stack:                         0      0         64     
    +--+------------------------------+------+---------+---------+
       Grand Total:                   2040   204       64     


GLOBAL SYMBOLS: SORTED ALPHABETICALLY BY Name 

address   name                        
-------   ----                        
00000577  ADC0_IRQHandler             
0000060d  ADS1299_transmit_cmd        
000008b4  C$$EXIT                     
000008a5  DL_Common_delayCycles       
00000651  DL_SPI_init                 
00000885  DL_SPI_setClockConfig       
00000715  DL_SPI_transmitDataBlocking8
00000577  DMA_IRQHandler              
00000577  Default_Handler             
00000577  GPIOA_IRQHandler            
00000577  GROUP0_IRQHandler           
000008b5  HOSTexit                    
00000577  HardFault_Handler           
00000577  I2C0_IRQHandler             
00000577  NMI_Handler                 
00000577  PendSV_Handler              
000008b9  Reset_Handler               
00000577  SPI0_IRQHandler             
00000577  SVC_Handler                 
000005c5  SYSCFG_DL_GPIO_init         
00000579  SYSCFG_DL_SPI_0_init        
00000771  SYSCFG_DL_SYSCTL_init       
00000871  SYSCFG_DL_init              
00000745  SYSCFG_DL_initPower         
00000577  SysTick_Handler             
00000577  TIMA0_IRQHandler            
00000577  TIMG14_IRQHandler           
00000577  TIMG8_IRQHandler            
00000577  UART0_IRQHandler            
20000400  __STACK_END                 
00000040  __STACK_SIZE                
00000000  __TI_ATRegion0_region_sz    
00000000  __TI_ATRegion0_src_addr     
00000000  __TI_ATRegion0_trg_addr     
00000000  __TI_ATRegion1_region_sz    
00000000  __TI_ATRegion1_src_addr     
00000000  __TI_ATRegion1_trg_addr     
00000000  __TI_ATRegion2_region_sz    
00000000  __TI_ATRegion2_src_addr     
00000000  __TI_ATRegion2_trg_addr     
00000000  __TI_CINIT_Base             
00000000  __TI_CINIT_Limit            
00000000  __TI_CINIT_Warm             
ffffffff  __TI_pprof_out_hndl         
ffffffff  __TI_prof_data_size         
ffffffff  __TI_prof_data_start        
00000000  __TI_static_base__          
00000695  __aeabi_d2uiz               
00000325  __aeabi_ddiv                
00000431  __aeabi_dmul                
00000899  __aeabi_memclr              
00000899  __aeabi_memclr4             
00000899  __aeabi_memclr8             
00000795  __aeabi_ui2d                
ffffffff  __binit__                   
00000325  __divdf3                    
00000695  __fixunsdfsi                
00000795  __floatunsidf               
UNDEFED   __mpu_init                  
00000431  __muldf3                    
000006d9  __muldsi3                   
200003c0  __stack                     
20000000  __start___llvm_prf_bits     
20000000  __start___llvm_prf_cnts     
20000000  __stop___llvm_prf_bits      
20000000  __stop___llvm_prf_cnts      
000007b9  _c_int00_noinit_noargs      
000008bd  _system_pre_init            
000008af  abort                       
ffffffff  binit                       
00000000  interruptVectors            
000000c1  main                        
00000515  memset                      


GLOBAL SYMBOLS: SORTED BY Symbol Address 

address   name                        
-------   ----                        
00000000  __TI_ATRegion0_region_sz    
00000000  __TI_ATRegion0_src_addr     
00000000  __TI_ATRegion0_trg_addr     
00000000  __TI_ATRegion1_region_sz    
00000000  __TI_ATRegion1_src_addr     
00000000  __TI_ATRegion1_trg_addr     
00000000  __TI_ATRegion2_region_sz    
00000000  __TI_ATRegion2_src_addr     
00000000  __TI_ATRegion2_trg_addr     
00000000  __TI_CINIT_Base             
00000000  __TI_CINIT_Limit            
00000000  __TI_CINIT_Warm             
00000000  __TI_static_base__          
00000000  interruptVectors            
00000040  __STACK_SIZE                
000000c1  main                        
00000325  __aeabi_ddiv                
00000325  __divdf3                    
00000431  __aeabi_dmul                
00000431  __muldf3                    
00000515  memset                      
00000577  ADC0_IRQHandler             
00000577  DMA_IRQHandler              
00000577  Default_Handler             
00000577  GPIOA_IRQHandler            
00000577  GROUP0_IRQHandler           
00000577  HardFault_Handler           
00000577  I2C0_IRQHandler             
00000577  NMI_Handler                 
00000577  PendSV_Handler              
00000577  SPI0_IRQHandler             
00000577  SVC_Handler                 
00000577  SysTick_Handler             
00000577  TIMA0_IRQHandler            
00000577  TIMG14_IRQHandler           
00000577  TIMG8_IRQHandler            
00000577  UART0_IRQHandler            
00000579  SYSCFG_DL_SPI_0_init        
000005c5  SYSCFG_DL_GPIO_init         
0000060d  ADS1299_transmit_cmd        
00000651  DL_SPI_init                 
00000695  __aeabi_d2uiz               
00000695  __fixunsdfsi                
000006d9  __muldsi3                   
00000715  DL_SPI_transmitDataBlocking8
00000745  SYSCFG_DL_initPower         
00000771  SYSCFG_DL_SYSCTL_init       
00000795  __aeabi_ui2d                
00000795  __floatunsidf               
000007b9  _c_int00_noinit_noargs      
00000871  SYSCFG_DL_init              
00000885  DL_SPI_setClockConfig       
00000899  __aeabi_memclr              
00000899  __aeabi_memclr4             
00000899  __aeabi_memclr8             
000008a5  DL_Common_delayCycles       
000008af  abort                       
000008b4  C$$EXIT                     
000008b5  HOSTexit                    
000008b9  Reset_Handler               
000008bd  _system_pre_init            
20000000  __start___llvm_prf_bits     
20000000  __start___llvm_prf_cnts     
20000000  __stop___llvm_prf_bits      
20000000  __stop___llvm_prf_cnts      
200003c0  __stack                     
20000400  __STACK_END                 
ffffffff  __TI_pprof_out_hndl         
ffffffff  __TI_prof_data_size         
ffffffff  __TI_prof_data_start        
ffffffff  __binit__                   
ffffffff  binit                       
UNDEFED   __mpu_init                  

[73 symbols]
