******************************************************************************
            TI ARM Clang Linker PC v4.0.4                      
******************************************************************************
>> Linked Sun Nov 30 10:15:54 2025

OUTPUT FILE NAME:   <DTCP_Firmware.out>
ENTRY POINT SYMBOL: "_c_int00_noinit_noargs"  address: 000003d9


MEMORY CONFIGURATION

         name            origin    length      used     unused   attr    fill
----------------------  --------  ---------  --------  --------  ----  --------
  FLASH                 00000000   00004000  00000480  00003b80  R  X
  SRAM                  20000000   00000400  00000040  000003c0  RW X
  BCR_CONFIG            41c00000   000000ff  00000000  000000ff  R   


SEGMENT ALLOCATION MAP

run origin  load origin   length   init length attrs members
----------  ----------- ---------- ----------- ----- -------
00000000    00000000    00000480   00000480    r-x
  00000000    00000000    000000c0   000000c0    r-- .intvecs
  000000c0    000000c0    00000398   00000398    r-x .text
  00000458    00000458    00000028   00000028    r-- .rodata
200003c0    200003c0    00000040   00000000    rw-
  200003c0    200003c0    00000040   00000000    rw- .stack


SECTION ALLOCATION MAP

 output                                  attributes/
section   page    origin      length       input sections
--------  ----  ----------  ----------   ----------------
.intvecs   0    00000000    000000c0     
                  00000000    000000c0     startup_mspm0c110x_ticlang.o (.intvecs)

.text      0    000000c0    00000398     
                  000000c0    00000088     uart.o (.text.UART_transmit_message)
                  00000148    00000064     ti_msp_dl_config.o (.text.SYSCFG_DL_UART_0_init)
                  000001ac    0000005c     main.o (.text.main)
                  00000208    0000004c     ti_msp_dl_config.o (.text.SYSCFG_DL_SPI_0_init)
                  00000254    00000048     driverlib.a : dl_uart.o (.text.DL_UART_init)
                  0000029c    00000044                 : dl_spi.o (.text.DL_SPI_init)
                  000002e0    00000040     libclang_rt.builtins.a : aeabi_uidivmod.S.obj (.text.__aeabi_uidivmod)
                  00000320    00000034     ti_msp_dl_config.o (.text.SYSCFG_DL_initPower)
                  00000354    00000030     driverlib.a : dl_uart.o (.text.DL_UART_transmitDataBlocking)
                  00000384    00000030     ti_msp_dl_config.o (.text.SYSCFG_DL_GPIO_init)
                  000003b4    00000024     ti_msp_dl_config.o (.text.SYSCFG_DL_SYSCTL_init)
                  000003d8    00000020     libc.a : boot_cortex_m.c.obj (.text:_c_int00_noinit_noargs)
                  000003f8    00000018     ti_msp_dl_config.o (.text.SYSCFG_DL_init)
                  00000410    00000012     driverlib.a : dl_spi.o (.text.DL_SPI_setClockConfig)
                  00000422    00000012                 : dl_uart.o (.text.DL_UART_setClockConfig)
                  00000434    0000000a                 : dl_common.o (.text.DL_Common_delayCycles)
                  0000043e    00000006     libc.a : exit.c.obj (.text:abort)
                  00000444    00000004     libsysbm.a : hostexit.c.obj (.text.HOSTexit)
                  00000448    00000004     startup_mspm0c110x_ticlang.o (.text.Reset_Handler)
                  0000044c    00000004     libc.a : pre_init.c.obj (.text._system_pre_init)
                  00000450    00000002     startup_mspm0c110x_ticlang.o (.text.Default_Handler)
                  00000452    00000002     libclang_rt.builtins.a : aeabi_div0.c.obj (.text.__aeabi_idiv0)
                  00000454    00000004     --HOLE-- [fill = 0]

.cinit     0    00000000    00000000     

.rodata    0    00000458    00000028     
                  00000458    0000000f     main.o (.rodata.str1.12870396000895328503.4)
                  00000467    00000001     --HOLE-- [fill = 0]
                  00000468    0000000a     ti_msp_dl_config.o (.rodata.gSPI_0_config)
                  00000472    0000000a     ti_msp_dl_config.o (.rodata.gUART_0Config)
                  0000047c    00000002     ti_msp_dl_config.o (.rodata.gSPI_0_clockConfig)
                  0000047e    00000002     ti_msp_dl_config.o (.rodata.gUART_0ClockConfig)

.init_array 
*          0    00000000    00000000     UNINITIALIZED

.binit     0    00000000    00000000     

.stack     0    200003c0    00000040     UNINITIALIZED
                  200003c0    00000004     libc.a : boot_cortex_m.c.obj (.stack)
                  200003c4    0000003c     --HOLE--

__llvm_prf_cnts 
*          0    20000000    00000000     UNINITIALIZED

__llvm_prf_bits 
*          0    20000000    00000000     UNINITIALIZED

MODULE SUMMARY

       Module                         code   ro data   rw data
       ------                         ----   -------   -------
    .\
       ti_msp_dl_config.o             336    24        0      
       startup_mspm0c110x_ticlang.o   6      192       0      
       uart.o                         136    0         0      
       main.o                         92     15        0      
    +--+------------------------------+------+---------+---------+
       Total:                         570    231       0      
                                                              
    C:/ti/mspm0_sdk_2_07_00_05/source/ti/driverlib/lib/ticlang/m0p/mspm0c110x/driverlib.a
       dl_uart.o                      138    0         0      
       dl_spi.o                       86     0         0      
       dl_common.o                    10     0         0      
    +--+------------------------------+------+---------+---------+
       Total:                         234    0         0      
                                                              
    C:\ti\ccs2031\ccs\tools\compiler\ti-cgt-armllvm_4.0.4.LTS\lib\armv6m-ti-none-eabi/c/libc.a
       boot_cortex_m.c.obj            32     0         0      
       exit.c.obj                     6      0         0      
       pre_init.c.obj                 4      0         0      
    +--+------------------------------+------+---------+---------+
       Total:                         42     0         0      
                                                              
    C:\ti\ccs2031\ccs\tools\compiler\ti-cgt-armllvm_4.0.4.LTS\lib\armv6m-ti-none-eabi/c/libsysbm.a
       hostexit.c.obj                 4      0         0      
    +--+------------------------------+------+---------+---------+
       Total:                         4      0         0      
                                                              
    C:\ti\ccs2031\ccs\tools\compiler\ti-cgt-armllvm_4.0.4.LTS\lib\armv6m-ti-none-eabi/libclang_rt.builtins.a
       aeabi_uidivmod.S.obj           64     0         0      
       aeabi_div0.c.obj               2      0         0      
    +--+------------------------------+------+---------+---------+
       Total:                         66     0         0      
                                                              
       Stack:                         0      0         64     
    +--+------------------------------+------+---------+---------+
       Grand Total:                   916    231       64     


GLOBAL SYMBOLS: SORTED ALPHABETICALLY BY Name 

address   name                        
-------   ----                        
00000451  ADC0_IRQHandler             
00000444  C$$EXIT                     
00000435  DL_Common_delayCycles       
0000029d  DL_SPI_init                 
00000411  DL_SPI_setClockConfig       
00000255  DL_UART_init                
00000423  DL_UART_setClockConfig      
00000355  DL_UART_transmitDataBlocking
00000451  DMA_IRQHandler              
00000451  Default_Handler             
00000451  GPIOA_IRQHandler            
00000451  GROUP0_IRQHandler           
00000445  HOSTexit                    
00000451  HardFault_Handler           
00000451  I2C0_IRQHandler             
00000451  NMI_Handler                 
00000451  PendSV_Handler              
00000449  Reset_Handler               
00000451  SPI0_IRQHandler             
00000451  SVC_Handler                 
00000385  SYSCFG_DL_GPIO_init         
00000209  SYSCFG_DL_SPI_0_init        
000003b5  SYSCFG_DL_SYSCTL_init       
00000149  SYSCFG_DL_UART_0_init       
000003f9  SYSCFG_DL_init              
00000321  SYSCFG_DL_initPower         
00000451  SysTick_Handler             
00000451  TIMA0_IRQHandler            
00000451  TIMG14_IRQHandler           
00000451  TIMG8_IRQHandler            
00000451  UART0_IRQHandler            
000000c1  UART_transmit_message       
20000400  __STACK_END                 
00000040  __STACK_SIZE                
00000000  __TI_ATRegion0_region_sz    
00000000  __TI_ATRegion0_src_addr     
00000000  __TI_ATRegion0_trg_addr     
00000000  __TI_ATRegion1_region_sz    
00000000  __TI_ATRegion1_src_addr     
00000000  __TI_ATRegion1_trg_addr     
00000000  __TI_ATRegion2_region_sz    
00000000  __TI_ATRegion2_src_addr     
00000000  __TI_ATRegion2_trg_addr     
00000000  __TI_CINIT_Base             
00000000  __TI_CINIT_Limit            
00000000  __TI_CINIT_Warm             
ffffffff  __TI_pprof_out_hndl         
ffffffff  __TI_prof_data_size         
ffffffff  __TI_prof_data_start        
00000000  __TI_static_base__          
00000453  __aeabi_idiv0               
000002e1  __aeabi_uidiv               
000002e1  __aeabi_uidivmod            
ffffffff  __binit__                   
UNDEFED   __mpu_init                  
200003c0  __stack                     
20000000  __start___llvm_prf_bits     
20000000  __start___llvm_prf_cnts     
20000000  __stop___llvm_prf_bits      
20000000  __stop___llvm_prf_cnts      
000003d9  _c_int00_noinit_noargs      
0000044d  _system_pre_init            
0000043f  abort                       
ffffffff  binit                       
00000000  interruptVectors            
000001ad  main                        


GLOBAL SYMBOLS: SORTED BY Symbol Address 

address   name                        
-------   ----                        
00000000  __TI_ATRegion0_region_sz    
00000000  __TI_ATRegion0_src_addr     
00000000  __TI_ATRegion0_trg_addr     
00000000  __TI_ATRegion1_region_sz    
00000000  __TI_ATRegion1_src_addr     
00000000  __TI_ATRegion1_trg_addr     
00000000  __TI_ATRegion2_region_sz    
00000000  __TI_ATRegion2_src_addr     
00000000  __TI_ATRegion2_trg_addr     
00000000  __TI_CINIT_Base             
00000000  __TI_CINIT_Limit            
00000000  __TI_CINIT_Warm             
00000000  __TI_static_base__          
00000000  interruptVectors            
00000040  __STACK_SIZE                
000000c1  UART_transmit_message       
00000149  SYSCFG_DL_UART_0_init       
000001ad  main                        
00000209  SYSCFG_DL_SPI_0_init        
00000255  DL_UART_init                
0000029d  DL_SPI_init                 
000002e1  __aeabi_uidiv               
000002e1  __aeabi_uidivmod            
00000321  SYSCFG_DL_initPower         
00000355  DL_UART_transmitDataBlocking
00000385  SYSCFG_DL_GPIO_init         
000003b5  SYSCFG_DL_SYSCTL_init       
000003d9  _c_int00_noinit_noargs      
000003f9  SYSCFG_DL_init              
00000411  DL_SPI_setClockConfig       
00000423  DL_UART_setClockConfig      
00000435  DL_Common_delayCycles       
0000043f  abort                       
00000444  C$$EXIT                     
00000445  HOSTexit                    
00000449  Reset_Handler               
0000044d  _system_pre_init            
00000451  ADC0_IRQHandler             
00000451  DMA_IRQHandler              
00000451  Default_Handler             
00000451  GPIOA_IRQHandler            
00000451  GROUP0_IRQHandler           
00000451  HardFault_Handler           
00000451  I2C0_IRQHandler             
00000451  NMI_Handler                 
00000451  PendSV_Handler              
00000451  SPI0_IRQHandler             
00000451  SVC_Handler                 
00000451  SysTick_Handler             
00000451  TIMA0_IRQHandler            
00000451  TIMG14_IRQHandler           
00000451  TIMG8_IRQHandler            
00000451  UART0_IRQHandler            
00000453  __aeabi_idiv0               
20000000  __start___llvm_prf_bits     
20000000  __start___llvm_prf_cnts     
20000000  __stop___llvm_prf_bits      
20000000  __stop___llvm_prf_cnts      
200003c0  __stack                     
20000400  __STACK_END                 
ffffffff  __TI_pprof_out_hndl         
ffffffff  __TI_prof_data_size         
ffffffff  __TI_prof_data_start        
ffffffff  __binit__                   
ffffffff  binit                       
UNDEFED   __mpu_init                  

[66 symbols]
