******************************************************************************
            TI ARM Clang Linker PC v4.0.4                      
******************************************************************************
>> Linked Tue Mar 31 19:28:41 2026

OUTPUT FILE NAME:   <DTCP_Firmware.out>
ENTRY POINT SYMBOL: "_c_int00_noargs"  address: 00000981


MEMORY CONFIGURATION

         name            origin    length      used     unused   attr    fill
----------------------  --------  ---------  --------  --------  ----  --------
  FLASH                 00000000   00004000  00000ad0  00003530  R  X
  SRAM                  20000000   00000400  00000044  000003bc  RW X
  BCR_CONFIG            41c00000   000000ff  00000000  000000ff  R   


SEGMENT ALLOCATION MAP

run origin  load origin   length   init length attrs members
----------  ----------- ---------- ----------- ----- -------
00000000    00000000    00000ad0   00000ad0    r-x
  00000000    00000000    000000c0   000000c0    r-- .intvecs
  000000c0    000000c0    000009e0   000009e0    r-x .text
  00000aa0    00000aa0    00000018   00000018    r-- .rodata
  00000ab8    00000ab8    00000018   00000018    r-- .cinit
20000000    20000000    00000004   00000000    rw-
  20000000    20000000    00000004   00000000    rw- .bss
200003c0    200003c0    00000040   00000000    rw-
  200003c0    200003c0    00000040   00000000    rw- .stack


SECTION ALLOCATION MAP

 output                                  attributes/
section   page    origin      length       input sections
--------  ----  ----------  ----------   ----------------
.intvecs   0    00000000    000000c0     
                  00000000    000000c0     startup_mspm0c110x_ticlang.o (.intvecs)

.text      0    000000c0    000009e0     
                  000000c0    0000010c     libclang_rt.builtins.a : divdf3.S.obj (.text.__divdf3)
                  000001cc    000000e4                            : muldf3.S.obj (.text.__muldf3)
                  000002b0    000000a8     ads1299.o (.text.ADS1299_read_data)
                  00000358    00000098     ads1299.o (.text.ADS1299_write_registers)
                  000003f0    00000090     ads1299.o (.text.ADS1299_init)
                  00000480    0000008c     libclang_rt.builtins.a : mulsf3.S.obj (.text.__mulsf3)
                  0000050c    00000078     main.o (.text.main)
                  00000584    00000060     ti_msp_dl_config.o (.text.SYSCFG_DL_UART_0_init)
                  000005e4    0000005c     ti_msp_dl_config.o (.text.SYSCFG_DL_GPIO_init)
                  00000640    0000004c     ti_msp_dl_config.o (.text.SYSCFG_DL_SPI_0_init)
                  0000068c    00000048     driverlib.a : dl_uart.o (.text.DL_UART_init)
                  000006d4    00000044     ads1299.o (.text.ADS1299_transmit_cmd)
                  00000718    00000044     driverlib.a : dl_spi.o (.text.DL_SPI_init)
                  0000075c    00000042     libclang_rt.builtins.a : fixunsdfsi.S.obj (.text.__fixunsdfsi)
                  0000079e    00000002     startup_mspm0c110x_ticlang.o (.text.Default_Handler)
                  000007a0    0000003c     libclang_rt.builtins.a : floatsisf.S.obj (.text.__floatsisf)
                  000007dc    0000003c     libc.a : autoinit.c.obj (.text:__TI_auto_init_nobinit_nopinit)
                  00000818    0000003a     libclang_rt.builtins.a : muldsi3.S.obj (.text.__muldsi3)
                  00000852    00000002     --HOLE-- [fill = 0]
                  00000854    00000038     uart.o (.text.UART_transmit_voltage_binary)
                  0000088c    00000034     ti_msp_dl_config.o (.text.SYSCFG_DL_initPower)
                  000008c0    00000034     main.o (.text.delay_ms)
                  000008f4    00000030     driverlib.a : dl_spi.o (.text.DL_SPI_transmitDataBlocking8)
                  00000924    00000030                 : dl_uart.o (.text.DL_UART_transmitDataBlocking)
                  00000954    0000002c     libclang_rt.builtins.a : floatsidf.S.obj (.text.__floatsidf)
                  00000980    00000028     libc.a : boot_cortex_m.c.obj (.text:_c_int00_noargs)
                  000009a8    00000024     ti_msp_dl_config.o (.text.SYSCFG_DL_SYSCTL_init)
                  000009cc    00000018     ads1299.o (.text.DL_GPIO_setPins)
                  000009e4    00000018     ti_msp_dl_config.o (.text.SYSCFG_DL_init)
                  000009fc    00000016     main.o (.text.DL_GPIO_readPins)
                  00000a12    00000016     libc.a : copy_zero_init.c.obj (.text:decompress:ZI:__TI_zero_init_nomemset)
                  00000a28    00000014     ads1299.o (.text.DL_GPIO_clearPins)
                  00000a3c    00000014     ads1299.o (.text.DL_SPI_receiveData8)
                  00000a50    00000012     driverlib.a : dl_spi.o (.text.DL_SPI_setClockConfig)
                  00000a62    00000012                 : dl_uart.o (.text.DL_UART_setClockConfig)
                  00000a74    00000010     ads1299.o (.text.ADS1299_start_conversions)
                  00000a84    0000000a     driverlib.a : dl_common.o (.text.DL_Common_delayCycles)
                  00000a8e    00000006     libc.a : exit.c.obj (.text:abort)
                  00000a94    00000004     libsysbm.a : hostexit.c.obj (.text.HOSTexit)
                  00000a98    00000004     startup_mspm0c110x_ticlang.o (.text.Reset_Handler)
                  00000a9c    00000004     libc.a : pre_init.c.obj (.text._system_pre_init)

.cinit     0    00000ab8    00000018     
                  00000ab8    00000008     (.cinit..bss.load) [load image, compression = zero_init]
                  00000ac0    00000004     (__TI_handler_table)
                  00000ac4    00000008     (__TI_cinit_table)
                  00000acc    00000004     --HOLE-- [fill = 0]

.rodata    0    00000aa0    00000018     
                  00000aa0    0000000a     ti_msp_dl_config.o (.rodata.gSPI_0_config)
                  00000aaa    0000000a     ti_msp_dl_config.o (.rodata.gUART_0Config)
                  00000ab4    00000002     ti_msp_dl_config.o (.rodata.gSPI_0_clockConfig)
                  00000ab6    00000002     ti_msp_dl_config.o (.rodata.gUART_0ClockConfig)

.init_array 
*          0    00000000    00000000     UNINITIALIZED

.binit     0    00000000    00000000     

.bss       0    20000000    00000004     UNINITIALIZED
                  20000000    00000004     (.common:voltage)

.stack     0    200003c0    00000040     UNINITIALIZED
                  200003c0    00000004     libc.a : boot_cortex_m.c.obj (.stack)
                  200003c4    0000003c     --HOLE--

__llvm_prf_cnts 
*          0    20000000    00000000     UNINITIALIZED

__llvm_prf_bits 
*          0    20000000    00000000     UNINITIALIZED

MODULE SUMMARY

       Module                         code   ro data   rw data
       ------                         ----   -------   -------
    .\
       ti_msp_dl_config.o             376    24        0      
       main.o                         194    0         4      
       startup_mspm0c110x_ticlang.o   6      192       0      
    +--+------------------------------+------+---------+---------+
       Total:                         576    216       4      
                                                              
    .\src\
       ads1299.o                      612    0         0      
       uart.o                         56     0         0      
    +--+------------------------------+------+---------+---------+
       Total:                         668    0         0      
                                                              
    C:/ti/mspm0_sdk_2_07_00_05/source/ti/driverlib/lib/ticlang/m0p/mspm0c110x/driverlib.a
       dl_uart.o                      138    0         0      
       dl_spi.o                       134    0         0      
       dl_common.o                    10     0         0      
    +--+------------------------------+------+---------+---------+
       Total:                         282    0         0      
                                                              
    C:\ti\ccs2031\ccs\tools\compiler\ti-cgt-armllvm_4.0.4.LTS\lib\armv6m-ti-none-eabi/c/libc.a
       autoinit.c.obj                 60     0         0      
       boot_cortex_m.c.obj            40     0         0      
       copy_zero_init.c.obj           22     0         0      
       exit.c.obj                     6      0         0      
       pre_init.c.obj                 4      0         0      
    +--+------------------------------+------+---------+---------+
       Total:                         132    0         0      
                                                              
    C:\ti\ccs2031\ccs\tools\compiler\ti-cgt-armllvm_4.0.4.LTS\lib\armv6m-ti-none-eabi/c/libsysbm.a
       hostexit.c.obj                 4      0         0      
    +--+------------------------------+------+---------+---------+
       Total:                         4      0         0      
                                                              
    C:\ti\ccs2031\ccs\tools\compiler\ti-cgt-armllvm_4.0.4.LTS\lib\armv6m-ti-none-eabi/libclang_rt.builtins.a
       divdf3.S.obj                   268    0         0      
       muldf3.S.obj                   228    0         0      
       mulsf3.S.obj                   140    0         0      
       fixunsdfsi.S.obj               66     0         0      
       floatsisf.S.obj                60     0         0      
       muldsi3.S.obj                  58     0         0      
       floatsidf.S.obj                44     0         0      
    +--+------------------------------+------+---------+---------+
       Total:                         864    0         0      
                                                              
       Stack:                         0      0         64     
       Linker Generated:              0      20        0      
    +--+------------------------------+------+---------+---------+
       Grand Total:                   2526   236       68     


LINKER GENERATED COPY TABLES

__TI_cinit_table @ 00000ac4 records: 1, size/record: 8, table size: 8
	.bss: load addr=00000ab8, load size=00000008 bytes, run addr=20000000, run size=00000004 bytes, compression=zero_init


LINKER GENERATED HANDLER TABLE

__TI_handler_table @ 00000ac0 records: 1, size/record: 4, table size: 4
	index: 0, handler: __TI_zero_init


GLOBAL SYMBOLS: SORTED ALPHABETICALLY BY Name 

address   name                          
-------   ----                          
0000079f  ADC0_IRQHandler               
000003f1  ADS1299_init                  
000002b1  ADS1299_read_data             
00000a75  ADS1299_start_conversions     
000006d5  ADS1299_transmit_cmd          
00000359  ADS1299_write_registers       
00000a94  C$$EXIT                       
00000a85  DL_Common_delayCycles         
00000719  DL_SPI_init                   
00000a51  DL_SPI_setClockConfig         
000008f5  DL_SPI_transmitDataBlocking8  
0000068d  DL_UART_init                  
00000a63  DL_UART_setClockConfig        
00000925  DL_UART_transmitDataBlocking  
0000079f  DMA_IRQHandler                
0000079f  Default_Handler               
0000079f  GPIOA_IRQHandler              
0000079f  GROUP0_IRQHandler             
00000a95  HOSTexit                      
0000079f  HardFault_Handler             
0000079f  I2C0_IRQHandler               
0000079f  NMI_Handler                   
0000079f  PendSV_Handler                
00000a99  Reset_Handler                 
0000079f  SPI0_IRQHandler               
0000079f  SVC_Handler                   
000005e5  SYSCFG_DL_GPIO_init           
00000641  SYSCFG_DL_SPI_0_init          
000009a9  SYSCFG_DL_SYSCTL_init         
00000585  SYSCFG_DL_UART_0_init         
000009e5  SYSCFG_DL_init                
0000088d  SYSCFG_DL_initPower           
0000079f  SysTick_Handler               
0000079f  TIMA0_IRQHandler              
0000079f  TIMG14_IRQHandler             
0000079f  TIMG8_IRQHandler              
0000079f  UART0_IRQHandler              
00000855  UART_transmit_voltage_binary  
20000400  __STACK_END                   
00000040  __STACK_SIZE                  
00000000  __TI_ATRegion0_region_sz      
00000000  __TI_ATRegion0_src_addr       
00000000  __TI_ATRegion0_trg_addr       
00000000  __TI_ATRegion1_region_sz      
00000000  __TI_ATRegion1_src_addr       
00000000  __TI_ATRegion1_trg_addr       
00000000  __TI_ATRegion2_region_sz      
00000000  __TI_ATRegion2_src_addr       
00000000  __TI_ATRegion2_trg_addr       
00000ac4  __TI_CINIT_Base               
00000acc  __TI_CINIT_Limit              
00000acc  __TI_CINIT_Warm               
00000ac0  __TI_Handler_Table_Base       
00000ac4  __TI_Handler_Table_Limit      
000007dd  __TI_auto_init_nobinit_nopinit
ffffffff  __TI_pprof_out_hndl           
ffffffff  __TI_prof_data_size           
ffffffff  __TI_prof_data_start          
00000000  __TI_static_base__            
00000a13  __TI_zero_init_nomemset       
0000075d  __aeabi_d2uiz                 
000000c1  __aeabi_ddiv                  
000001cd  __aeabi_dmul                  
00000481  __aeabi_fmul                  
00000955  __aeabi_i2d                   
000007a1  __aeabi_i2f                   
ffffffff  __binit__                     
000000c1  __divdf3                      
0000075d  __fixunsdfsi                  
00000955  __floatsidf                   
000007a1  __floatsisf                   
UNDEFED   __mpu_init                    
000001cd  __muldf3                      
00000819  __muldsi3                     
00000481  __mulsf3                      
200003c0  __stack                       
20000000  __start___llvm_prf_bits       
20000000  __start___llvm_prf_cnts       
20000000  __stop___llvm_prf_bits        
20000000  __stop___llvm_prf_cnts        
00000981  _c_int00_noargs               
UNDEFED   _system_post_cinit            
00000a9d  _system_pre_init              
00000a8f  abort                         
ffffffff  binit                         
000008c1  delay_ms                      
00000000  interruptVectors              
0000050d  main                          
20000000  voltage                       


GLOBAL SYMBOLS: SORTED BY Symbol Address 

address   name                          
-------   ----                          
00000000  __TI_ATRegion0_region_sz      
00000000  __TI_ATRegion0_src_addr       
00000000  __TI_ATRegion0_trg_addr       
00000000  __TI_ATRegion1_region_sz      
00000000  __TI_ATRegion1_src_addr       
00000000  __TI_ATRegion1_trg_addr       
00000000  __TI_ATRegion2_region_sz      
00000000  __TI_ATRegion2_src_addr       
00000000  __TI_ATRegion2_trg_addr       
00000000  __TI_static_base__            
00000000  interruptVectors              
00000040  __STACK_SIZE                  
000000c1  __aeabi_ddiv                  
000000c1  __divdf3                      
000001cd  __aeabi_dmul                  
000001cd  __muldf3                      
000002b1  ADS1299_read_data             
00000359  ADS1299_write_registers       
000003f1  ADS1299_init                  
00000481  __aeabi_fmul                  
00000481  __mulsf3                      
0000050d  main                          
00000585  SYSCFG_DL_UART_0_init         
000005e5  SYSCFG_DL_GPIO_init           
00000641  SYSCFG_DL_SPI_0_init          
0000068d  DL_UART_init                  
000006d5  ADS1299_transmit_cmd          
00000719  DL_SPI_init                   
0000075d  __aeabi_d2uiz                 
0000075d  __fixunsdfsi                  
0000079f  ADC0_IRQHandler               
0000079f  DMA_IRQHandler                
0000079f  Default_Handler               
0000079f  GPIOA_IRQHandler              
0000079f  GROUP0_IRQHandler             
0000079f  HardFault_Handler             
0000079f  I2C0_IRQHandler               
0000079f  NMI_Handler                   
0000079f  PendSV_Handler                
0000079f  SPI0_IRQHandler               
0000079f  SVC_Handler                   
0000079f  SysTick_Handler               
0000079f  TIMA0_IRQHandler              
0000079f  TIMG14_IRQHandler             
0000079f  TIMG8_IRQHandler              
0000079f  UART0_IRQHandler              
000007a1  __aeabi_i2f                   
000007a1  __floatsisf                   
000007dd  __TI_auto_init_nobinit_nopinit
00000819  __muldsi3                     
00000855  UART_transmit_voltage_binary  
0000088d  SYSCFG_DL_initPower           
000008c1  delay_ms                      
000008f5  DL_SPI_transmitDataBlocking8  
00000925  DL_UART_transmitDataBlocking  
00000955  __aeabi_i2d                   
00000955  __floatsidf                   
00000981  _c_int00_noargs               
000009a9  SYSCFG_DL_SYSCTL_init         
000009e5  SYSCFG_DL_init                
00000a13  __TI_zero_init_nomemset       
00000a51  DL_SPI_setClockConfig         
00000a63  DL_UART_setClockConfig        
00000a75  ADS1299_start_conversions     
00000a85  DL_Common_delayCycles         
00000a8f  abort                         
00000a94  C$$EXIT                       
00000a95  HOSTexit                      
00000a99  Reset_Handler                 
00000a9d  _system_pre_init              
00000ac0  __TI_Handler_Table_Base       
00000ac4  __TI_CINIT_Base               
00000ac4  __TI_Handler_Table_Limit      
00000acc  __TI_CINIT_Limit              
00000acc  __TI_CINIT_Warm               
20000000  __start___llvm_prf_bits       
20000000  __start___llvm_prf_cnts       
20000000  __stop___llvm_prf_bits        
20000000  __stop___llvm_prf_cnts        
20000000  voltage                       
200003c0  __stack                       
20000400  __STACK_END                   
ffffffff  __TI_pprof_out_hndl           
ffffffff  __TI_prof_data_size           
ffffffff  __TI_prof_data_start          
ffffffff  __binit__                     
ffffffff  binit                         
UNDEFED   __mpu_init                    
UNDEFED   _system_post_cinit            

[89 symbols]
