******************************************************************************
            TI ARM Clang Linker PC v4.0.4                      
******************************************************************************
>> Linked Thu Apr  2 18:27:12 2026

OUTPUT FILE NAME:   <uart_echo_interrupts_standby.out>
ENTRY POINT SYMBOL: "_c_int00_noargs"  address: 0000045d


MEMORY CONFIGURATION

         name            origin    length      used     unused   attr    fill
----------------------  --------  ---------  --------  --------  ----  --------
  FLASH                 00000000   00004000  00000548  00003ab8  R  X
  SRAM                  20000000   00000400  000001d2  0000022e  RW X
  BCR_CONFIG            41c00000   000000ff  00000000  000000ff  R   


SEGMENT ALLOCATION MAP

run origin  load origin   length   init length attrs members
----------  ----------- ---------- ----------- ----- -------
00000000    00000000    00000548   00000548    r-x
  00000000    00000000    000000c0   000000c0    r-- .intvecs
  000000c0    000000c0    00000428   00000428    r-x .text
  000004e8    000004e8    00000010   00000010    r-- .rodata
  000004f8    000004f8    00000050   00000050    r-- .cinit
20000000    20000000    00000192   00000000    rw-
  20000000    20000000    00000192   00000000    rw- .data
200003c0    200003c0    00000040   00000000    rw-
  200003c0    200003c0    00000040   00000000    rw- .stack


SECTION ALLOCATION MAP

 output                                  attributes/
section   page    origin      length       input sections
--------  ----  ----------  ----------   ----------------
.intvecs   0    00000000    000000c0     
                  00000000    000000c0     startup_mspm0c110x_ticlang.o (.intvecs)

.text      0    000000c0    00000428     
                  000000c0    0000009a     libc.a : memcpy16.S.obj (.text:memcpy)
                  0000015a    00000002     startup_mspm0c110x_ticlang.o (.text.Default_Handler)
                  0000015c    00000090     ti_msp_dl_config.o (.text.SYSCFG_DL_UART_0_init)
                  000001ec    00000080     uart_echo_interrupts_standby.o (.text.UART0_IRQHandler)
                  0000026c    0000007c     libc.a : copy_decompress_lzss.c.obj (.text:decompress:lzss)
                  000002e8    00000054     ti_msp_dl_config.o (.text.SYSCFG_DL_GPIO_init)
                  0000033c    00000048     driverlib.a : dl_uart.o (.text.DL_UART_init)
                  00000384    00000044     ti_msp_dl_config.o (.text.SYSCFG_DL_SYSCTL_init)
                  000003c8    0000003c     libc.a : autoinit.c.obj (.text:__TI_auto_init_nobinit_nopinit)
                  00000404    0000002c     ti_msp_dl_config.o (.text.SYSCFG_DL_initPower)
                  00000430    0000002c     uart_echo_interrupts_standby.o (.text.main)
                  0000045c    00000028     libc.a : boot_cortex_m.c.obj (.text:_c_int00_noargs)
                  00000484    00000014     ti_msp_dl_config.o (.text.SYSCFG_DL_init)
                  00000498    00000012     driverlib.a : dl_uart.o (.text.DL_UART_setClockConfig)
                  000004aa    00000012     libc.a : copy_decompress_none.c.obj (.text:decompress:none)
                  000004bc    0000000a     driverlib.a : dl_common.o (.text.DL_Common_delayCycles)
                  000004c6    00000002     --HOLE-- [fill = 0]
                  000004c8    00000008     libclang_rt.builtins.a : aeabi_memcpy.S.obj (.text.__aeabi_memcpy)
                  000004d0    00000006     libc.a : exit.c.obj (.text:abort)
                  000004d6    00000004     libsysbm.a : hostexit.c.obj (.text.HOSTexit)
                  000004da    00000004     startup_mspm0c110x_ticlang.o (.text.Reset_Handler)
                  000004de    00000004     libc.a : pre_init.c.obj (.text._system_pre_init)
                  000004e2    00000006     --HOLE-- [fill = 0]

.cinit     0    000004f8    00000050     
                  000004f8    0000003b     (.cinit..data.load) [load image, compression = lzss]
                  00000533    00000001     --HOLE-- [fill = 0]
                  00000534    00000008     (__TI_handler_table)
                  0000053c    00000008     (__TI_cinit_table)
                  00000544    00000004     --HOLE-- [fill = 0]

.rodata    0    000004e8    00000010     
                  000004e8    0000000a     ti_msp_dl_config.o (.rodata.gUART_0Config)
                  000004f2    00000002     ti_msp_dl_config.o (.rodata.gUART_0ClockConfig)
                  000004f4    00000004     --HOLE-- [fill = 0]

.init_array 
*          0    00000000    00000000     UNINITIALIZED

.binit     0    00000000    00000000     

.data      0    20000000    00000192     UNINITIALIZED
                  20000000    00000190     uart_echo_interrupts_standby.o (.data.dataArray)
                  20000190    00000001     uart_echo_interrupts_standby.o (.data.gCurrentIndex)
                  20000191    00000001     uart_echo_interrupts_standby.o (.data.gTxState)

.stack     0    200003c0    00000040     UNINITIALIZED
                  200003c0    00000004     libc.a : boot_cortex_m.c.obj (.stack)
                  200003c4    0000003c     --HOLE--

__llvm_prf_cnts 
*          0    20000000    00000000     UNINITIALIZED

__llvm_prf_bits 
*          0    20000000    00000000     UNINITIALIZED

MODULE SUMMARY

       Module                           code   ro data   rw data
       ------                           ----   -------   -------
    .\
       uart_echo_interrupts_standby.o   172    0         402    
       ti_msp_dl_config.o               360    12        0      
       startup_mspm0c110x_ticlang.o     6      192       0      
    +--+--------------------------------+------+---------+---------+
       Total:                           538    204       402    
                                                                
    C:/ti/mspm0_sdk_2_09_00_01/source/ti/driverlib/lib/ticlang/m0p/mspm0c110x/driverlib.a
       dl_uart.o                        90     0         0      
       dl_common.o                      10     0         0      
    +--+--------------------------------+------+---------+---------+
       Total:                           100    0         0      
                                                                
    C:\ti\ccs2041\ccs\tools\compiler\ti-cgt-armllvm_4.0.4.LTS\lib\armv6m-ti-none-eabi/c/libc.a
       memcpy16.S.obj                   154    0         0      
       copy_decompress_lzss.c.obj       124    0         0      
       autoinit.c.obj                   60     0         0      
       boot_cortex_m.c.obj              40     0         0      
       copy_decompress_none.c.obj       18     0         0      
       exit.c.obj                       6      0         0      
       pre_init.c.obj                   4      0         0      
    +--+--------------------------------+------+---------+---------+
       Total:                           406    0         0      
                                                                
    C:\ti\ccs2041\ccs\tools\compiler\ti-cgt-armllvm_4.0.4.LTS\lib\armv6m-ti-none-eabi/c/libsysbm.a
       hostexit.c.obj                   4      0         0      
    +--+--------------------------------+------+---------+---------+
       Total:                           4      0         0      
                                                                
    C:\ti\ccs2041\ccs\tools\compiler\ti-cgt-armllvm_4.0.4.LTS\lib\armv6m-ti-none-eabi/libclang_rt.builtins.a
       aeabi_memcpy.S.obj               8      0         0      
    +--+--------------------------------+------+---------+---------+
       Total:                           8      0         0      
                                                                
       Stack:                           0      0         64     
       Linker Generated:                0      75        0      
    +--+--------------------------------+------+---------+---------+
       Grand Total:                     1056   279       466    


LINKER GENERATED COPY TABLES

__TI_cinit_table @ 0000053c records: 1, size/record: 8, table size: 8
	.data: load addr=000004f8, load size=0000003b bytes, run addr=20000000, run size=00000192 bytes, compression=lzss


LINKER GENERATED HANDLER TABLE

__TI_handler_table @ 00000534 records: 2, size/record: 4, table size: 8
	index: 0, handler: __TI_decompress_lzss
	index: 1, handler: __TI_decompress_none


GLOBAL SYMBOLS: SORTED ALPHABETICALLY BY Name 

address   name                          
-------   ----                          
0000015b  ADC0_IRQHandler               
000004d6  C$$EXIT                       
000004bd  DL_Common_delayCycles         
0000033d  DL_UART_init                  
00000499  DL_UART_setClockConfig        
0000015b  DMA_IRQHandler                
0000015b  Default_Handler               
0000015b  GPIOA_IRQHandler              
0000015b  GROUP0_IRQHandler             
000004d7  HOSTexit                      
0000015b  HardFault_Handler             
0000015b  I2C0_IRQHandler               
0000015b  NMI_Handler                   
0000015b  PendSV_Handler                
000004db  Reset_Handler                 
0000015b  SPI0_IRQHandler               
0000015b  SVC_Handler                   
000002e9  SYSCFG_DL_GPIO_init           
00000385  SYSCFG_DL_SYSCTL_init         
0000015d  SYSCFG_DL_UART_0_init         
00000485  SYSCFG_DL_init                
00000405  SYSCFG_DL_initPower           
0000015b  SysTick_Handler               
0000015b  TIMA0_IRQHandler              
0000015b  TIMG14_IRQHandler             
0000015b  TIMG8_IRQHandler              
000001ed  UART0_IRQHandler              
20000400  __STACK_END                   
00000040  __STACK_SIZE                  
00000000  __TI_ATRegion0_region_sz      
00000000  __TI_ATRegion0_src_addr       
00000000  __TI_ATRegion0_trg_addr       
00000000  __TI_ATRegion1_region_sz      
00000000  __TI_ATRegion1_src_addr       
00000000  __TI_ATRegion1_trg_addr       
00000000  __TI_ATRegion2_region_sz      
00000000  __TI_ATRegion2_src_addr       
00000000  __TI_ATRegion2_trg_addr       
0000053c  __TI_CINIT_Base               
00000544  __TI_CINIT_Limit              
00000544  __TI_CINIT_Warm               
00000534  __TI_Handler_Table_Base       
0000053c  __TI_Handler_Table_Limit      
000003c9  __TI_auto_init_nobinit_nopinit
0000026d  __TI_decompress_lzss          
000004ab  __TI_decompress_none          
ffffffff  __TI_pprof_out_hndl           
ffffffff  __TI_prof_data_size           
ffffffff  __TI_prof_data_start          
00000000  __TI_static_base__            
000004c9  __aeabi_memcpy                
000004c9  __aeabi_memcpy4               
000004c9  __aeabi_memcpy8               
ffffffff  __binit__                     
UNDEFED   __mpu_init                    
200003c0  __stack                       
20000000  __start___llvm_prf_bits       
20000000  __start___llvm_prf_cnts       
20000000  __stop___llvm_prf_bits        
20000000  __stop___llvm_prf_cnts        
0000045d  _c_int00_noargs               
UNDEFED   _system_post_cinit            
000004df  _system_pre_init              
000004d1  abort                         
ffffffff  binit                         
20000000  dataArray                     
20000190  gCurrentIndex                 
20000191  gTxState                      
00000000  interruptVectors              
00000431  main                          
000000c1  memcpy                        


GLOBAL SYMBOLS: SORTED BY Symbol Address 

address   name                          
-------   ----                          
00000000  __TI_ATRegion0_region_sz      
00000000  __TI_ATRegion0_src_addr       
00000000  __TI_ATRegion0_trg_addr       
00000000  __TI_ATRegion1_region_sz      
00000000  __TI_ATRegion1_src_addr       
00000000  __TI_ATRegion1_trg_addr       
00000000  __TI_ATRegion2_region_sz      
00000000  __TI_ATRegion2_src_addr       
00000000  __TI_ATRegion2_trg_addr       
00000000  __TI_static_base__            
00000000  interruptVectors              
00000040  __STACK_SIZE                  
000000c1  memcpy                        
0000015b  ADC0_IRQHandler               
0000015b  DMA_IRQHandler                
0000015b  Default_Handler               
0000015b  GPIOA_IRQHandler              
0000015b  GROUP0_IRQHandler             
0000015b  HardFault_Handler             
0000015b  I2C0_IRQHandler               
0000015b  NMI_Handler                   
0000015b  PendSV_Handler                
0000015b  SPI0_IRQHandler               
0000015b  SVC_Handler                   
0000015b  SysTick_Handler               
0000015b  TIMA0_IRQHandler              
0000015b  TIMG14_IRQHandler             
0000015b  TIMG8_IRQHandler              
0000015d  SYSCFG_DL_UART_0_init         
000001ed  UART0_IRQHandler              
0000026d  __TI_decompress_lzss          
000002e9  SYSCFG_DL_GPIO_init           
0000033d  DL_UART_init                  
00000385  SYSCFG_DL_SYSCTL_init         
000003c9  __TI_auto_init_nobinit_nopinit
00000405  SYSCFG_DL_initPower           
00000431  main                          
0000045d  _c_int00_noargs               
00000485  SYSCFG_DL_init                
00000499  DL_UART_setClockConfig        
000004ab  __TI_decompress_none          
000004bd  DL_Common_delayCycles         
000004c9  __aeabi_memcpy                
000004c9  __aeabi_memcpy4               
000004c9  __aeabi_memcpy8               
000004d1  abort                         
000004d6  C$$EXIT                       
000004d7  HOSTexit                      
000004db  Reset_Handler                 
000004df  _system_pre_init              
00000534  __TI_Handler_Table_Base       
0000053c  __TI_CINIT_Base               
0000053c  __TI_Handler_Table_Limit      
00000544  __TI_CINIT_Limit              
00000544  __TI_CINIT_Warm               
20000000  __start___llvm_prf_bits       
20000000  __start___llvm_prf_cnts       
20000000  __stop___llvm_prf_bits        
20000000  __stop___llvm_prf_cnts        
20000000  dataArray                     
20000190  gCurrentIndex                 
20000191  gTxState                      
200003c0  __stack                       
20000400  __STACK_END                   
ffffffff  __TI_pprof_out_hndl           
ffffffff  __TI_prof_data_size           
ffffffff  __TI_prof_data_start          
ffffffff  __binit__                     
ffffffff  binit                         
UNDEFED   __mpu_init                    
UNDEFED   _system_post_cinit            

[71 symbols]
