******************************************************************************
            TI ARM Clang Linker PC v4.0.4                      
******************************************************************************
>> Linked Sat Feb 21 19:09:10 2026

OUTPUT FILE NAME:   <uart_echo_interrupts_standby.out>
ENTRY POINT SYMBOL: "_c_int00_noargs"  address: 000012e9


MEMORY CONFIGURATION

         name            origin    length      used     unused   attr    fill
----------------------  --------  ---------  --------  --------  ----  --------
  FLASH                 00000000   00004000  000015c0  00002a40  R  X
  SRAM                  20000000   00000400  00000054  000003ac  RW X
  BCR_CONFIG            41c00000   000000ff  00000000  000000ff  R   


SEGMENT ALLOCATION MAP

run origin  load origin   length   init length attrs members
----------  ----------- ---------- ----------- ----- -------
00000000    00000000    000015c0   000015c0    r-x
  00000000    00000000    000000c0   000000c0    r-- .intvecs
  000000c0    000000c0    00001390   00001390    r-x .text
  00001450    00001450    00000140   00000140    r-- .rodata
  00001590    00001590    00000030   00000030    r-- .cinit
20000000    20000000    00000014   00000000    rw-
  20000000    20000000    00000014   00000000    rw- .data
200003c0    200003c0    00000040   00000000    rw-
  200003c0    200003c0    00000040   00000000    rw- .stack


SECTION ALLOCATION MAP

 output                                  attributes/
section   page    origin      length       input sections
--------  ----  ----------  ----------   ----------------
.intvecs   0    00000000    000000c0     
                  00000000    000000c0     startup_mspm0c110x_ticlang.o (.intvecs)

.text      0    000000c0    00001390     
                  000000c0    00000868     libc.a : _printfi.c.obj (.text:__TI_printfi_nofloat)
                  00000928    00000214     uart_echo_interrupts_standby.o (.text.transmitFloatArray)
                  00000b3c    000000d8     libclang_rt.builtins.a : addsf3.S.obj (.text)
                  00000c14    000000a2                            : udivmoddi4.S.obj (.text)
                  00000cb6    0000009a     libc.a : memcpy16.S.obj (.text:memcpy)
                  00000d50    0000008c     libclang_rt.builtins.a : mulsf3.S.obj (.text.__mulsf3)
                  00000ddc    0000007c     libc.a : copy_decompress_lzss.c.obj (.text:decompress:lzss)
                  00000e58    00000074     ti_msp_dl_config.o (.text.SYSCFG_DL_UART_0_init)
                  00000ecc    00000062     libclang_rt.builtins.a : aeabi_fcmp.S.obj (.text.__aeabi_fcmp)
                  00000f2e    00000062     libc.a : memset16.S.obj (.text:memset)
                  00000f90    00000054     ti_msp_dl_config.o (.text.SYSCFG_DL_GPIO_init)
                  00000fe4    00000048     driverlib.a : dl_uart.o (.text.DL_UART_init)
                  0000102c    00000044     ti_msp_dl_config.o (.text.SYSCFG_DL_SYSCTL_init)
                  00001070    00000040     libclang_rt.builtins.a : aeabi_uidivmod.S.obj (.text.__aeabi_uidivmod)
                  000010b0    00000040     libc.a : atoi.c.obj (.text.atoi)
                  000010f0    0000003c     libclang_rt.builtins.a : floatsisf.S.obj (.text.__floatsisf)
                  0000112c    0000003c                            : comparesf2.S.obj (.text.__gtsf2)
                  00001168    0000003c     libc.a : autoinit.c.obj (.text:__TI_auto_init_nobinit_nopinit)
                  000011a4    0000003a     libclang_rt.builtins.a : comparesf2.S.obj (.text.__eqsf2)
                  000011de    00000002     startup_mspm0c110x_ticlang.o (.text.Default_Handler)
                  000011e0    0000003a     libclang_rt.builtins.a : muldsi3.S.obj (.text.__muldsi3)
                  0000121a    00000002                            : aeabi_div0.c.obj (.text.__aeabi_idiv0)
                  0000121c    00000038                            : fixsfsi.S.obj (.text.__fixsfsi)
                  00001254    00000038     libc.a : sprintf.c.obj (.text.sprintf)
                  0000128c    00000030     driverlib.a : dl_uart.o (.text.DL_UART_transmitDataBlocking)
                  000012bc    0000002c     ti_msp_dl_config.o (.text.SYSCFG_DL_initPower)
                  000012e8    00000028     libc.a : boot_cortex_m.c.obj (.text:_c_int00_noargs)
                  00001310    00000024     libclang_rt.builtins.a : muldi3.S.obj (.text.__muldi3)
                  00001334    00000022     libc.a : memccpy.c.obj (.text.memccpy)
                  00001356    00000002     libclang_rt.builtins.a : aeabi_div0.c.obj (.text.__aeabi_ldiv0)
                  00001358    0000001e                            : ashldi3.S.obj (.text.__ashldi3)
                  00001376    00000018     libc.a : sprintf.c.obj (.text._outs)
                  0000138e    00000014     ti_msp_dl_config.o (.text.SYSCFG_DL_init)
                  000013a2    00000002     --HOLE-- [fill = 0]
                  000013a4    00000014     libclang_rt.builtins.a : aeabi_uldivmod.S.obj (.text.__aeabi_uldivmod)
                  000013b8    00000012     driverlib.a : dl_uart.o (.text.DL_UART_setClockConfig)
                  000013ca    00000012     libc.a : copy_decompress_none.c.obj (.text:decompress:none)
                  000013dc    00000010     uart_echo_interrupts_standby.o (.text.main)
                  000013ec    00000010     libc.a : wcslen.c.obj (.text.wcslen)
                  000013fc    0000000e     libclang_rt.builtins.a : aeabi_memset.S.obj (.text.__aeabi_memset)
                  0000140a    0000000e     libc.a : _printfi.c.obj (.text.strlen)
                  00001418    0000000a     driverlib.a : dl_common.o (.text.DL_Common_delayCycles)
                  00001422    0000000a     libc.a : sprintf.c.obj (.text._outc)
                  0000142c    00000008            : aeabi_portable.c.obj (.text.__aeabi_errno_addr)
                  00001434    00000008     libclang_rt.builtins.a : aeabi_memcpy.S.obj (.text.__aeabi_memcpy)
                  0000143c    00000006     libc.a : exit.c.obj (.text:abort)
                  00001442    00000004     libsysbm.a : hostexit.c.obj (.text.HOSTexit)
                  00001446    00000004     startup_mspm0c110x_ticlang.o (.text.Reset_Handler)
                  0000144a    00000004     libc.a : pre_init.c.obj (.text._system_pre_init)
                  0000144e    00000002     --HOLE-- [fill = 0]

.cinit     0    00001590    00000030     
                  00001590    00000019     (.cinit..data.load) [load image, compression = lzss]
                  000015a9    00000003     --HOLE-- [fill = 0]
                  000015ac    00000008     (__TI_handler_table)
                  000015b4    00000008     (__TI_cinit_table)
                  000015bc    00000004     --HOLE-- [fill = 0]

.rodata    0    00001450    00000140     
                  00001450    00000101     libc.a : aeabi_ctype.S.obj (.rodata:__aeabi_ctype_table_)
                  00001551    00000011            : _printfi.c.obj (.rodata.str1.10348868589481759720.1)
                  00001562    00000011            : _printfi.c.obj (.rodata.str1.15363888844622738466.1)
                  00001573    00000001     --HOLE-- [fill = 0]
                  00001574    0000000a     ti_msp_dl_config.o (.rodata.gUART_0Config)
                  0000157e    0000000a     uart_echo_interrupts_standby.o (.rodata.str1.11792066549368914318.1)
                  00001588    00000002     ti_msp_dl_config.o (.rodata.gUART_0ClockConfig)
                  0000158a    00000006     --HOLE-- [fill = 0]

.init_array 
*          0    00000000    00000000     UNINITIALIZED

.binit     0    00000000    00000000     

.data      0    20000000    00000014     UNINITIALIZED
                  20000000    00000010     uart_echo_interrupts_standby.o (.data.dataArray)
                  20000010    00000004     libc.a : aeabi_portable.c.obj (.data.__aeabi_errno)

.stack     0    200003c0    00000040     UNINITIALIZED
                  200003c0    00000004     libc.a : boot_cortex_m.c.obj (.stack)
                  200003c4    0000003c     --HOLE--

__llvm_prf_cnts 
*          0    20000000    00000000     UNINITIALIZED

__llvm_prf_bits 
*          0    20000000    00000000     UNINITIALIZED

MODULE SUMMARY

       Module                           code   ro data   rw data
       ------                           ----   -------   -------
    .\
       uart_echo_interrupts_standby.o   548    10        16     
       ti_msp_dl_config.o               332    12        0      
       startup_mspm0c110x_ticlang.o     6      192       0      
    +--+--------------------------------+------+---------+---------+
       Total:                           886    214       16     
                                                                
    C:/ti/mspm0_sdk_2_09_00_01/source/ti/driverlib/lib/ticlang/m0p/mspm0c110x/driverlib.a
       dl_uart.o                        138    0         0      
       dl_common.o                      10     0         0      
    +--+--------------------------------+------+---------+---------+
       Total:                           148    0         0      
                                                                
    C:\ti\ccs2041\ccs\tools\compiler\ti-cgt-armllvm_4.0.4.LTS\lib\armv6m-ti-none-eabi/c/libc.a
       _printfi.c.obj                   2166   34        0      
       aeabi_ctype.S.obj                0      257       0      
       memcpy16.S.obj                   154    0         0      
       copy_decompress_lzss.c.obj       124    0         0      
       memset16.S.obj                   98     0         0      
       sprintf.c.obj                    90     0         0      
       atoi.c.obj                       64     0         0      
       autoinit.c.obj                   60     0         0      
       boot_cortex_m.c.obj              40     0         0      
       memccpy.c.obj                    34     0         0      
       copy_decompress_none.c.obj       18     0         0      
       wcslen.c.obj                     16     0         0      
       aeabi_portable.c.obj             8      0         4      
       exit.c.obj                       6      0         0      
       pre_init.c.obj                   4      0         0      
    +--+--------------------------------+------+---------+---------+
       Total:                           2882   291       4      
                                                                
    C:\ti\ccs2041\ccs\tools\compiler\ti-cgt-armllvm_4.0.4.LTS\lib\armv6m-ti-none-eabi/c/libsysbm.a
       hostexit.c.obj                   4      0         0      
    +--+--------------------------------+------+---------+---------+
       Total:                           4      0         0      
                                                                
    C:\ti\ccs2041\ccs\tools\compiler\ti-cgt-armllvm_4.0.4.LTS\lib\armv6m-ti-none-eabi/libclang_rt.builtins.a
       addsf3.S.obj                     216    0         0      
       udivmoddi4.S.obj                 162    0         0      
       mulsf3.S.obj                     140    0         0      
       comparesf2.S.obj                 118    0         0      
       aeabi_fcmp.S.obj                 98     0         0      
       aeabi_uidivmod.S.obj             64     0         0      
       floatsisf.S.obj                  60     0         0      
       muldsi3.S.obj                    58     0         0      
       fixsfsi.S.obj                    56     0         0      
       muldi3.S.obj                     36     0         0      
       ashldi3.S.obj                    30     0         0      
       aeabi_uldivmod.S.obj             20     0         0      
       aeabi_memset.S.obj               14     0         0      
       aeabi_memcpy.S.obj               8      0         0      
       aeabi_div0.c.obj                 4      0         0      
    +--+--------------------------------+------+---------+---------+
       Total:                           1084   0         0      
                                                                
       Stack:                           0      0         64     
       Linker Generated:                0      41        0      
    +--+--------------------------------+------+---------+---------+
       Grand Total:                     5004   546       84     


LINKER GENERATED COPY TABLES

__TI_cinit_table @ 000015b4 records: 1, size/record: 8, table size: 8
	.data: load addr=00001590, load size=00000019 bytes, run addr=20000000, run size=00000014 bytes, compression=lzss


LINKER GENERATED HANDLER TABLE

__TI_handler_table @ 000015ac records: 2, size/record: 4, table size: 8
	index: 0, handler: __TI_decompress_lzss
	index: 1, handler: __TI_decompress_none


GLOBAL SYMBOLS: SORTED ALPHABETICALLY BY Name 

address   name                          
-------   ----                          
000011df  ADC0_IRQHandler               
00001442  C$$EXIT                       
00001419  DL_Common_delayCycles         
00000fe5  DL_UART_init                  
000013b9  DL_UART_setClockConfig        
0000128d  DL_UART_transmitDataBlocking  
000011df  DMA_IRQHandler                
000011df  Default_Handler               
000011df  GPIOA_IRQHandler              
000011df  GROUP0_IRQHandler             
00001443  HOSTexit                      
000011df  HardFault_Handler             
000011df  I2C0_IRQHandler               
000011df  NMI_Handler                   
000011df  PendSV_Handler                
00001447  Reset_Handler                 
000011df  SPI0_IRQHandler               
000011df  SVC_Handler                   
00000f91  SYSCFG_DL_GPIO_init           
0000102d  SYSCFG_DL_SYSCTL_init         
00000e59  SYSCFG_DL_UART_0_init         
0000138f  SYSCFG_DL_init                
000012bd  SYSCFG_DL_initPower           
000011df  SysTick_Handler               
000011df  TIMA0_IRQHandler              
000011df  TIMG14_IRQHandler             
000011df  TIMG8_IRQHandler              
000011df  UART0_IRQHandler              
20000400  __STACK_END                   
00000040  __STACK_SIZE                  
00000000  __TI_ATRegion0_region_sz      
00000000  __TI_ATRegion0_src_addr       
00000000  __TI_ATRegion0_trg_addr       
00000000  __TI_ATRegion1_region_sz      
00000000  __TI_ATRegion1_src_addr       
00000000  __TI_ATRegion1_trg_addr       
00000000  __TI_ATRegion2_region_sz      
00000000  __TI_ATRegion2_src_addr       
00000000  __TI_ATRegion2_trg_addr       
000015b4  __TI_CINIT_Base               
000015bc  __TI_CINIT_Limit              
000015bc  __TI_CINIT_Warm               
000015ac  __TI_Handler_Table_Base       
000015b4  __TI_Handler_Table_Limit      
00001169  __TI_auto_init_nobinit_nopinit
00000ddd  __TI_decompress_lzss          
000013cb  __TI_decompress_none          
ffffffff  __TI_pprof_out_hndl           
000000c1  __TI_printfi_nofloat          
ffffffff  __TI_prof_data_size           
ffffffff  __TI_prof_data_start          
00000000  __TI_static_base__            
00000b47  __addsf3                      
00001450  __aeabi_ctype_table_          
00001450  __aeabi_ctype_table_C         
20000010  __aeabi_errno                 
0000142d  __aeabi_errno_addr            
0000121d  __aeabi_f2iz                  
00000b47  __aeabi_fadd                  
00000ecd  __aeabi_fcmpeq                
00000f09  __aeabi_fcmpge                
00000f1d  __aeabi_fcmpgt                
00000ef5  __aeabi_fcmple                
00000ee1  __aeabi_fcmplt                
00000d51  __aeabi_fmul                  
00000b3d  __aeabi_fsub                  
000010f1  __aeabi_i2f                   
0000121b  __aeabi_idiv0                 
00001357  __aeabi_ldiv0                 
00001359  __aeabi_llsl                  
00001311  __aeabi_lmul                  
00001435  __aeabi_memcpy                
00001435  __aeabi_memcpy4               
00001435  __aeabi_memcpy8               
000013fd  __aeabi_memset                
000013fd  __aeabi_memset4               
000013fd  __aeabi_memset8               
00001071  __aeabi_uidiv                 
00001071  __aeabi_uidivmod              
000013a5  __aeabi_uldivmod              
00001359  __ashldi3                     
ffffffff  __binit__                     
000011a5  __cmpsf2                      
000011a5  __eqsf2                       
0000121d  __fixsfsi                     
000010f1  __floatsisf                   
0000112d  __gesf2                       
0000112d  __gtsf2                       
000011a5  __lesf2                       
000011a5  __ltsf2                       
UNDEFED   __mpu_init                    
00001311  __muldi3                      
000011e1  __muldsi3                     
00000d51  __mulsf3                      
000011a5  __nesf2                       
200003c0  __stack                       
20000000  __start___llvm_prf_bits       
20000000  __start___llvm_prf_cnts       
20000000  __stop___llvm_prf_bits        
20000000  __stop___llvm_prf_cnts        
00000b3d  __subsf3                      
00000c15  __udivmoddi4                  
000012e9  _c_int00_noargs               
UNDEFED   _system_post_cinit            
0000144b  _system_pre_init              
0000143d  abort                         
000010b1  atoi                          
ffffffff  binit                         
20000000  dataArray                     
00000000  interruptVectors              
000013dd  main                          
00001335  memccpy                       
00000cb7  memcpy                        
00000f2f  memset                        
00001255  sprintf                       
00000929  transmitFloatArray            
000013ed  wcslen                        


GLOBAL SYMBOLS: SORTED BY Symbol Address 

address   name                          
-------   ----                          
00000000  __TI_ATRegion0_region_sz      
00000000  __TI_ATRegion0_src_addr       
00000000  __TI_ATRegion0_trg_addr       
00000000  __TI_ATRegion1_region_sz      
00000000  __TI_ATRegion1_src_addr       
00000000  __TI_ATRegion1_trg_addr       
00000000  __TI_ATRegion2_region_sz      
00000000  __TI_ATRegion2_src_addr       
00000000  __TI_ATRegion2_trg_addr       
00000000  __TI_static_base__            
00000000  interruptVectors              
00000040  __STACK_SIZE                  
000000c1  __TI_printfi_nofloat          
00000929  transmitFloatArray            
00000b3d  __aeabi_fsub                  
00000b3d  __subsf3                      
00000b47  __addsf3                      
00000b47  __aeabi_fadd                  
00000c15  __udivmoddi4                  
00000cb7  memcpy                        
00000d51  __aeabi_fmul                  
00000d51  __mulsf3                      
00000ddd  __TI_decompress_lzss          
00000e59  SYSCFG_DL_UART_0_init         
00000ecd  __aeabi_fcmpeq                
00000ee1  __aeabi_fcmplt                
00000ef5  __aeabi_fcmple                
00000f09  __aeabi_fcmpge                
00000f1d  __aeabi_fcmpgt                
00000f2f  memset                        
00000f91  SYSCFG_DL_GPIO_init           
00000fe5  DL_UART_init                  
0000102d  SYSCFG_DL_SYSCTL_init         
00001071  __aeabi_uidiv                 
00001071  __aeabi_uidivmod              
000010b1  atoi                          
000010f1  __aeabi_i2f                   
000010f1  __floatsisf                   
0000112d  __gesf2                       
0000112d  __gtsf2                       
00001169  __TI_auto_init_nobinit_nopinit
000011a5  __cmpsf2                      
000011a5  __eqsf2                       
000011a5  __lesf2                       
000011a5  __ltsf2                       
000011a5  __nesf2                       
000011df  ADC0_IRQHandler               
000011df  DMA_IRQHandler                
000011df  Default_Handler               
000011df  GPIOA_IRQHandler              
000011df  GROUP0_IRQHandler             
000011df  HardFault_Handler             
000011df  I2C0_IRQHandler               
000011df  NMI_Handler                   
000011df  PendSV_Handler                
000011df  SPI0_IRQHandler               
000011df  SVC_Handler                   
000011df  SysTick_Handler               
000011df  TIMA0_IRQHandler              
000011df  TIMG14_IRQHandler             
000011df  TIMG8_IRQHandler              
000011df  UART0_IRQHandler              
000011e1  __muldsi3                     
0000121b  __aeabi_idiv0                 
0000121d  __aeabi_f2iz                  
0000121d  __fixsfsi                     
00001255  sprintf                       
0000128d  DL_UART_transmitDataBlocking  
000012bd  SYSCFG_DL_initPower           
000012e9  _c_int00_noargs               
00001311  __aeabi_lmul                  
00001311  __muldi3                      
00001335  memccpy                       
00001357  __aeabi_ldiv0                 
00001359  __aeabi_llsl                  
00001359  __ashldi3                     
0000138f  SYSCFG_DL_init                
000013a5  __aeabi_uldivmod              
000013b9  DL_UART_setClockConfig        
000013cb  __TI_decompress_none          
000013dd  main                          
000013ed  wcslen                        
000013fd  __aeabi_memset                
000013fd  __aeabi_memset4               
000013fd  __aeabi_memset8               
00001419  DL_Common_delayCycles         
0000142d  __aeabi_errno_addr            
00001435  __aeabi_memcpy                
00001435  __aeabi_memcpy4               
00001435  __aeabi_memcpy8               
0000143d  abort                         
00001442  C$$EXIT                       
00001443  HOSTexit                      
00001447  Reset_Handler                 
0000144b  _system_pre_init              
00001450  __aeabi_ctype_table_          
00001450  __aeabi_ctype_table_C         
000015ac  __TI_Handler_Table_Base       
000015b4  __TI_CINIT_Base               
000015b4  __TI_Handler_Table_Limit      
000015bc  __TI_CINIT_Limit              
000015bc  __TI_CINIT_Warm               
20000000  __start___llvm_prf_bits       
20000000  __start___llvm_prf_cnts       
20000000  __stop___llvm_prf_bits        
20000000  __stop___llvm_prf_cnts        
20000000  dataArray                     
20000010  __aeabi_errno                 
200003c0  __stack                       
20000400  __STACK_END                   
ffffffff  __TI_pprof_out_hndl           
ffffffff  __TI_prof_data_size           
ffffffff  __TI_prof_data_start          
ffffffff  __binit__                     
ffffffff  binit                         
UNDEFED   __mpu_init                    
UNDEFED   _system_post_cinit            

[117 symbols]
